Archive member included because of file (symbol)

../common/native/mbed/TARGET_LPC1768/TOOLCHAIN_GCC_ARM\libmbed.a(gpio_api.o)
                              main.o (gpio_mode)
../common/native/mbed/TARGET_LPC1768/TOOLCHAIN_GCC_ARM\libmbed.a(gpio_irq_api.o)
                              main.o (gpio_irq_init)
../common/native/mbed/TARGET_LPC1768/TOOLCHAIN_GCC_ARM\libmbed.a(pinmap.o)
                              ../common/native/mbed/TARGET_LPC1768/TOOLCHAIN_GCC_ARM\libmbed.a(gpio_api.o) (pin_function)
../common/native/mbed/TARGET_LPC1768/TOOLCHAIN_GCC_ARM\libmbed.a(serial_api.o)
                              ../common/native/mbed/TARGET_LPC1768/TOOLCHAIN_GCC_ARM/retarget.o (serial_getc)
../common/native/mbed/TARGET_LPC1768/TOOLCHAIN_GCC_ARM\libmbed.a(us_ticker.o)
                              main.o (us_ticker_read)
../common/native/mbed/TARGET_LPC1768/TOOLCHAIN_GCC_ARM\libmbed.a(BusOut.o)
                              main.o (mbed::BusOut::~BusOut())
../common/native/mbed/TARGET_LPC1768/TOOLCHAIN_GCC_ARM\libmbed.a(FilePath.o)
                              ../common/native/mbed/TARGET_LPC1768/TOOLCHAIN_GCC_ARM/retarget.o (mbed::FilePath::FilePath(char const*))
../common/native/mbed/TARGET_LPC1768/TOOLCHAIN_GCC_ARM\libmbed.a(FileSystemLike.o)
                              ../common/native/mbed/TARGET_LPC1768/TOOLCHAIN_GCC_ARM/retarget.o (mbed::FileSystemLike::opendir())
../common/native/mbed/TARGET_LPC1768/TOOLCHAIN_GCC_ARM\libmbed.a(FunctionPointer.o)
                              main.o (mbed::FunctionPointer::FunctionPointer(void (*)()))
../common/native/mbed/TARGET_LPC1768/TOOLCHAIN_GCC_ARM\libmbed.a(Serial.o)
                              main.o (mbed::Serial::Serial(PinName, PinName, char const*))
../common/native/mbed/TARGET_LPC1768/TOOLCHAIN_GCC_ARM\libmbed.a(SerialBase.o)
                              ../common/native/mbed/TARGET_LPC1768/TOOLCHAIN_GCC_ARM\libmbed.a(Serial.o) (mbed::SerialBase::SerialBase(PinName, PinName))
../common/native/mbed/TARGET_LPC1768/TOOLCHAIN_GCC_ARM\libmbed.a(Stream.o)
                              ../common/native/TextLCD/TextLCD.o (mbed::Stream::close())
../common/native/mbed/TARGET_LPC1768/TOOLCHAIN_GCC_ARM\libmbed.a(Ticker.o)
                              main.o (mbed::Ticker::detach())
../common/native/mbed/TARGET_LPC1768/TOOLCHAIN_GCC_ARM\libmbed.a(Timer.o)
                              main.o (mbed::Timer::Timer())
../common/native/mbed/TARGET_LPC1768/TOOLCHAIN_GCC_ARM\libmbed.a(TimerEvent.o)
                              main.o (mbed::TimerEvent::~TimerEvent())
../common/native/mbed/TARGET_LPC1768/TOOLCHAIN_GCC_ARM\libmbed.a(assert.o)
                              main.o (mbed_assert_internal)
../common/native/mbed/TARGET_LPC1768/TOOLCHAIN_GCC_ARM\libmbed.a(error.o)
                              main.o (error)
../common/native/mbed/TARGET_LPC1768/TOOLCHAIN_GCC_ARM\libmbed.a(exit.o)
                              c:/program files (x86)/gnu tools arm embedded/4.8 2014q3/bin/../lib/gcc/arm-none-eabi/4.8.4/../../../../arm-none-eabi/lib/armv7-m/crt0.o (exit)
../common/native/mbed/TARGET_LPC1768/TOOLCHAIN_GCC_ARM\libmbed.a(gpio.o)
                              main.o (gpio_init_in)
../common/native/mbed/TARGET_LPC1768/TOOLCHAIN_GCC_ARM\libmbed.a(mbed_interface.o)
                              ../common/native/mbed/TARGET_LPC1768/TOOLCHAIN_GCC_ARM\libmbed.a(exit.o) (mbed_interface_connected)
../common/native/mbed/TARGET_LPC1768/TOOLCHAIN_GCC_ARM\libmbed.a(pinmap_common.o)
                              ../common/native/mbed/TARGET_LPC1768/TOOLCHAIN_GCC_ARM\libmbed.a(serial_api.o) (pinmap_pinout)
../common/native/mbed/TARGET_LPC1768/TOOLCHAIN_GCC_ARM\libmbed.a(semihost_api.o)
                              ../common/native/mbed/TARGET_LPC1768/TOOLCHAIN_GCC_ARM\libmbed.a(exit.o) (semihost_exit)
../common/native/mbed/TARGET_LPC1768/TOOLCHAIN_GCC_ARM\libmbed.a(us_ticker_api.o)
                              ../common/native/mbed/TARGET_LPC1768/TOOLCHAIN_GCC_ARM\libmbed.a(TimerEvent.o) (us_ticker_set_handler)
../common/native/mbed/TARGET_LPC1768/TOOLCHAIN_GCC_ARM\libmbed.a(wait_api.o)
                              ../common/native/mbed/TARGET_LPC1768/TOOLCHAIN_GCC_ARM\libmbed.a(SerialBase.o) (wait_us)
../common/native/mbed/TARGET_LPC1768/TOOLCHAIN_GCC_ARM\libmbed.a(FileBase.o)
                              ../common/native/mbed/TARGET_LPC1768/TOOLCHAIN_GCC_ARM\libmbed.a(FileSystemLike.o) (mbed::FileBase::~FileBase())
../common/native/mbed/TARGET_LPC1768/TOOLCHAIN_GCC_ARM\libmbed.a(FileLike.o)
                              ../common/native/mbed/TARGET_LPC1768/TOOLCHAIN_GCC_ARM\libmbed.a(Stream.o) (mbed::FileLike::~FileLike())
c:/program files (x86)/gnu tools arm embedded/4.8 2014q3/bin/../lib/gcc/arm-none-eabi/4.8.4/../../../../arm-none-eabi/lib/armv7-m\libstdc++_s.a(new_op.o)
                              ../common/native/mbed/TARGET_LPC1768/TOOLCHAIN_GCC_ARM\libmbed.a(BusOut.o) (operator new(unsigned int))
[...]
Memory Configuration

Name             Origin             Length             Attributes
FLASH            0x00000000         0x00080000         xr
RAM              0x100000c8         0x00007f38         xrw
USB_RAM          0x2007c000         0x00004000         xrw
ETH_RAM          0x20080000         0x00004000         xrw
*default*        0x00000000         0xffffffff

Linker script and memory map

LOAD c:/program files (x86)/gnu tools arm embedded/4.8 2014q3/bin/../lib/gcc/arm-none-eabi/4.8.4/armv7-m/crti.o
LOAD c:/program files (x86)/gnu tools arm embedded/4.8 2014q3/bin/../lib/gcc/arm-none-eabi/4.8.4/armv7-m/crtbegin.o
LOAD c:/program files (x86)/gnu tools arm embedded/4.8 2014q3/bin/../lib/gcc/arm-none-eabi/4.8.4/../../../../arm-none-eabi/lib/armv7-m/crt0.o
LOAD main.o
LOAD ../common/native/mbed/TARGET_LPC1768/TOOLCHAIN_GCC_ARM/cmsis_nvic.o
LOAD ../common/native/mbed/TARGET_LPC1768/TOOLCHAIN_GCC_ARM/system_LPC17xx.o
LOAD ../common/native/mbed/TARGET_LPC1768/TOOLCHAIN_GCC_ARM/board.o
LOAD ../common/native/mbed/TARGET_LPC1768/TOOLCHAIN_GCC_ARM/retarget.o
LOAD ../common/native/mbed/TARGET_LPC1768/TOOLCHAIN_GCC_ARM/startup_LPC17xx.o
LOAD ../common/native/mbed-rtos/rtx/TARGET_CORTEX_M/TARGET_M3/TOOLCHAIN_GCC/HAL_CM3.o
LOAD ../common/native/mbed-rtos/rtx/TARGET_CORTEX_M/TARGET_M3/TOOLCHAIN_GCC/SVC_Table.o
LOAD ../common/native/mbed-rtos/rtx/TARGET_CORTEX_M/rt_Task.o
LOAD ../common/native/mbed-rtos/rtx/TARGET_CORTEX_M/rt_MemBox.o
LOAD ../common/native/mbed-rtos/rtx/TARGET_CORTEX_M/rt_Robin.o
LOAD ../common/native/mbed-rtos/rtx/TARGET_CORTEX_M/rt_Mailbox.o
LOAD ../common/native/mbed-rtos/rtx/TARGET_CORTEX_M/rt_System.o
LOAD ../common/native/mbed-rtos/rtx/TARGET_CORTEX_M/rt_CMSIS.o
LOAD ../common/native/mbed-rtos/rtx/TARGET_CORTEX_M/rt_Event.o
LOAD ../common/native/mbed-rtos/rtx/TARGET_CORTEX_M/rt_Semaphore.o
LOAD ../common/native/mbed-rtos/rtx/TARGET_CORTEX_M/RTX_Conf_CM.o
LOAD ../common/native/mbed-rtos/rtx/TARGET_CORTEX_M/rt_Time.o
LOAD ../common/native/mbed-rtos/rtx/TARGET_CORTEX_M/rt_Mutex.o
LOAD ../common/native/mbed-rtos/rtx/TARGET_CORTEX_M/rt_List.o
LOAD ../common/native/mbed-rtos/rtx/TARGET_CORTEX_M/HAL_CM.o
LOAD ../common/native/mbed-rtos/rtos/RtosTimer.o
LOAD ../common/native/mbed-rtos/rtos/Thread.o
LOAD ../common/native/mbed-rtos/rtos/Mutex.o
LOAD ../common/native/mbed-rtos/rtos/Semaphore.o
LOAD ../common/native/TextLCD/TextLCD.o
LOAD ../common/native/mbed/TARGET_LPC1768/TOOLCHAIN_GCC_ARM\libmbed.a
LOAD c:/program files (x86)/gnu tools arm embedded/4.8 2014q3/bin/../lib/gcc/arm-none-eabi/4.8.4/../../../../arm-none-eabi/lib/armv7-m\libstdc++_s.a
LOAD c:/program files (x86)/gnu tools arm embedded/4.8 2014q3/bin/../lib/gcc/arm-none-eabi/4.8.4/../../../../arm-none-eabi/lib/armv7-m\libsupc++_s.a
LOAD c:/program files (x86)/gnu tools arm embedded/4.8 2014q3/bin/../lib/gcc/arm-none-eabi/4.8.4/../../../../arm-none-eabi/lib/armv7-m\libm.a
LOAD c:/program files (x86)/gnu tools arm embedded/4.8 2014q3/bin/../lib/gcc/arm-none-eabi/4.8.4/../../../../arm-none-eabi/lib/armv7-m\libc_s.a
LOAD c:/program files (x86)/gnu tools arm embedded/4.8 2014q3/bin/../lib/gcc/arm-none-eabi/4.8.4/armv7-m\libgcc.a
LOAD c:/program files (x86)/gnu tools arm embedded/4.8 2014q3/bin/../lib/gcc/arm-none-eabi/4.8.4/../../../../arm-none-eabi/lib/armv7-m\libnosys.a
LOAD ../common/native/mbed/TARGET_LPC1768/TOOLCHAIN_GCC_ARM\libmbed.a
LOAD c:/program files (x86)/gnu tools arm embedded/4.8 2014q3/bin/../lib/gcc/arm-none-eabi/4.8.4/../../../../arm-none-eabi/lib/armv7-m\libstdc++_s.a
LOAD c:/program files (x86)/gnu tools arm embedded/4.8 2014q3/bin/../lib/gcc/arm-none-eabi/4.8.4/../../../../arm-none-eabi/lib/armv7-m\libsupc++_s.a
LOAD c:/program files (x86)/gnu tools arm embedded/4.8 2014q3/bin/../lib/gcc/arm-none-eabi/4.8.4/../../../../arm-none-eabi/lib/armv7-m\libm.a
LOAD c:/program files (x86)/gnu tools arm embedded/4.8 2014q3/bin/../lib/gcc/arm-none-eabi/4.8.4/../../../../arm-none-eabi/lib/armv7-m\libc_s.a
LOAD c:/program files (x86)/gnu tools arm embedded/4.8 2014q3/bin/../lib/gcc/arm-none-eabi/4.8.4/armv7-m\libgcc.a
LOAD c:/program files (x86)/gnu tools arm embedded/4.8 2014q3/bin/../lib/gcc/arm-none-eabi/4.8.4/../../../../arm-none-eabi/lib/armv7-m\libnosys.a
START GROUP
LOAD c:/program files (x86)/gnu tools arm embedded/4.8 2014q3/bin/../lib/gcc/arm-none-eabi/4.8.4/armv7-m\libgcc.a
LOAD c:/program files (x86)/gnu tools arm embedded/4.8 2014q3/bin/../lib/gcc/arm-none-eabi/4.8.4/../../../../arm-none-eabi/lib/armv7-m\libc_s.a
END GROUP
START GROUP
LOAD c:/program files (x86)/gnu tools arm embedded/4.8 2014q3/bin/../lib/gcc/arm-none-eabi/4.8.4/armv7-m\libgcc.a
LOAD c:/program files (x86)/gnu tools arm embedded/4.8 2014q3/bin/../lib/gcc/arm-none-eabi/4.8.4/../../../../arm-none-eabi/lib/armv7-m\libc_s.a
END GROUP
LOAD c:/program files (x86)/gnu tools arm embedded/4.8 2014q3/bin/../lib/gcc/arm-none-eabi/4.8.4/armv7-m/crtend.o
LOAD c:/program files (x86)/gnu tools arm embedded/4.8 2014q3/bin/../lib/gcc/arm-none-eabi/4.8.4/armv7-m/crtn.o

.text           0x00000000     0xd8e4
 *(.isr_vector)
 .isr_vector    0x00000000       0xcc ../common/native/mbed/TARGET_LPC1768/TOOLCHAIN_GCC_ARM/startup_LPC17xx.o
                0x00000000                __isr_vector
 *(.text*)
 .text          0x000000cc       0x54 c:/program files (x86)/gnu tools arm embedded/4.8 2014q3/bin/../lib/gcc/arm-none-eabi/4.8.4/armv7-m/crtbegin.o
 .text          0x00000120       0x74 c:/program files (x86)/gnu tools arm embedded/4.8 2014q3/bin/../lib/gcc/arm-none-eabi/4.8.4/../../../../arm-none-eabi/lib/armv7-m/crt0.o
                0x00000120                _start
                0x00000120                _mainCRTStartup
 .text.gpio_write
                0x00000194       0x48 main.o
 .text.gpio_read
                0x000001dc       0x40 main.o
 .text._ZN4mbed9DigitalInC2E7PinName
                0x0000021c       0x40 main.o
                0x0000021c                mbed::DigitalIn::DigitalIn(PinName)
                0x0000021c                mbed::DigitalIn::DigitalIn(PinName)
 .text._ZN4mbed9DigitalIn4readEv
                0x0000025c       0x18 main.o
                0x0000025c                mbed::DigitalIn::read()
 .text._ZN4mbed10SerialBaseD2Ev
                0x00000274       0x28 main.o
                0x00000274                mbed::SerialBase::~SerialBase()
                0x00000274                mbed::SerialBase::~SerialBase()
 .text._ZN4mbed10SerialBaseD0Ev
                0x0000029c       0x1c main.o
                0x0000029c                mbed::SerialBase::~SerialBase()
 .text._ZN4mbed6Ticker9attach_usEPFvvEy
                0x000002b8       0x28 main.o
                0x000002b8                mbed::Ticker::attach_us(void (*)(), unsigned long long)
 .text._ZN4mbed6TickerD2Ev
                0x000002e0       0x34 main.o
                0x000002e0                mbed::Ticker::~Ticker()
                0x000002e0                mbed::Ticker::~Ticker()
 .text._ZN4mbed6TickerD0Ev
                0x00000314       0x1c main.o
                0x00000314                mbed::Ticker::~Ticker()
 .text._ZN9ModelImpl3clkC2Ev
                0x00000330       0x1c main.o
                0x00000330                ModelImpl::clk::clk()
                0x00000330                ModelImpl::clk::clk()
 .text._ZNK9ModelImpl3clkcviEv
                0x0000034c       0x1c main.o
                0x0000034c                ModelImpl::clk::operator int() const
 .text._ZN9ModelImpl3clkaSEi
                0x00000368       0x20 main.o
                0x00000368                ModelImpl::clk::operator=(int)
 .text._ZN9ModelImpl17DispatcherPrivate8get_tickEv
                0x00000388       0x10 main.o
                0x00000388                ModelImpl::DispatcherPrivate::get_tick()
 .text._ZN9ModelImpl13DelayedThreadC2Ev
                0x00000398        0xc main.o
                0x00000398                ModelImpl::DelayedThread::DelayedThread()
                0x00000398                ModelImpl::DelayedThread::DelayedThread()
 .text._ZN9ModelImpl13DelayedThreadC2EPFvPKvEPv10osPriority
                0x000003a4       0x28 main.o
                0x000003a4                ModelImpl::DelayedThread::DelayedThread(void (*)(void const*), void*, osPriority)
                0x000003a4                ModelImpl::DelayedThread::DelayedThread(void (*)(void const*), void*, osPriority)
 .text._ZN9ModelImpl13DelayedThread4initEPFvPKvEPv10osPriority
                0x000003cc       0x5c main.o
                0x000003cc                ModelImpl::DelayedThread::init(void (*)(void const*), void*, osPriority)
 .text._ZN9ModelImpl13DelayedThread5startEv
                0x00000428       0x34 main.o
                0x00000428                ModelImpl::DelayedThread::start()
 .text._ZN9ModelImpl13DelayedThread9terminateEv
                0x0000045c       0x44 main.o
                0x0000045c                ModelImpl::DelayedThread::terminate()
 .text._ZN9ModelImpl13DelayedThread10signal_setEl
                0x000004a0       0x20 main.o
                0x000004a0                ModelImpl::DelayedThread::signal_set(long)
 .text._ZN9ModelImpl13DelayedThread11signal_waitElm
                0x000004c0       0x20 main.o
                0x000004c0                ModelImpl::DelayedThread::signal_wait(long, unsigned long)
 .text._ZN9ModelImpl13DelayedThread4waitEm
                0x000004e0       0x18 main.o
                0x000004e0                ModelImpl::DelayedThread::wait(unsigned long)
 .text._ZN9ModelImpl13DelayedThreadD2Ev
                0x000004f8       0x18 main.o
                0x000004f8                ModelImpl::DelayedThread::~DelayedThread()
                0x000004f8                ModelImpl::DelayedThread::~DelayedThread()
 .text._ZN9ModelImpl3clk8get_tickEv
                0x00000510       0x14 main.o
                0x00000510                ModelImpl::clk::get_tick()
 .text._ZN9ModelImpl8SendDataC2Ev
                0x00000524       0x44 main.o
                0x00000524                ModelImpl::SendData::SendData()
                0x00000524                ModelImpl::SendData::SendData()
 .text._ZN9ModelImpl8SendDataD2Ev
                0x00000568       0x30 main.o
                0x00000568                ModelImpl::SendData::~SendData()
                0x00000568                ModelImpl::SendData::~SendData()
 .text._ZN9ModelImpl8SendDataD0Ev
                0x00000598       0x1c main.o
                0x00000598                ModelImpl::SendData::~SendData()
 .text._ZN9ModelImpl8SendData6insertEy
                0x000005b4       0x1c main.o
                0x000005b4                ModelImpl::SendData::insert(unsigned long long)
 .text._ZN9ModelImpl8RecvDataC2Ev
                0x000005d0       0x34 main.o
                0x000005d0                ModelImpl::RecvData::RecvData()
                0x000005d0                ModelImpl::RecvData::RecvData()
 .text._ZN9ModelImpl8RecvDataD2Ev
                0x00000604        0xc main.o
                0x00000604                ModelImpl::RecvData::~RecvData()
                0x00000604                ModelImpl::RecvData::~RecvData()
 .text._ZN9ModelImpl29SYNCHRONIZATION_CHANNEL_STATEC2Ev
                0x00000610       0x48 main.o
                0x00000610                ModelImpl::SYNCHRONIZATION_CHANNEL_STATE::SYNCHRONIZATION_CHANNEL_STATE()
                0x00000610                ModelImpl::SYNCHRONIZATION_CHANNEL_STATE::SYNCHRONIZATION_CHANNEL_STATE()
 .text._ZN9ModelImpl20PROCESS_ENTRY_THREADC2EPNS_19PROCESS_ENTRY_STATEE
                0x00000658       0x30 main.o
                0x00000658                ModelImpl::PROCESS_ENTRY_THREAD::PROCESS_ENTRY_THREAD(ModelImpl::PROCESS_ENTRY_STATE*)
                0x00000658                ModelImpl::PROCESS_ENTRY_THREAD::PROCESS_ENTRY_THREAD(ModelImpl::PROCESS_ENTRY_STATE*)
 .text._ZN9ModelImpl10DispatcherC2Ev
                0x00000688        0xc main.o
                0x00000688                ModelImpl::Dispatcher::Dispatcher()
                0x00000688                ModelImpl::Dispatcher::Dispatcher()
 .text._ZN9ModelImpl10Dispatcher20set_clock_multiplierEi
                0x00000694       0x1c main.o
                0x00000694                ModelImpl::Dispatcher::set_clock_multiplier(int)
 .text._ZN9ModelImpl10Dispatcher11add_processEPNS_19PROCESS_ENTRY_STATEE
                0x000006b0       0x1c main.o
                0x000006b0                ModelImpl::Dispatcher::add_process(ModelImpl::PROCESS_ENTRY_STATE*)
 .text._ZN9ModelImpl10Dispatcher3runEv
                0x000006cc       0x18 main.o
                0x000006cc                ModelImpl::Dispatcher::run()
 .text._ZN9ModelImpl10Dispatcher12fire_channelEPNS_23SYNCHRONIZATION_CHANNELE
                0x000006e4       0x1c main.o
                0x000006e4                ModelImpl::Dispatcher::fire_channel(ModelImpl::SYNCHRONIZATION_CHANNEL*)
 .text._ZN9ModelImpl10Dispatcher19set_channel_fire_cbEPNS_23SYNCHRONIZATION_CHANNELEPFvS2_EPv
                0x00000700       0x24 main.o
                0x00000700                ModelImpl::Dispatcher::set_channel_fire_cb(ModelImpl::SYNCHRONIZATION_CHANNEL*, void (*)(ModelImpl::SYNCHRONIZATION_CHANNEL*), void*)
 .text._ZN9ModelImpl10Dispatcher18set_channel_actionEPNS_23SYNCHRONIZATION_CHANNELE7PinNameNS_15SendChannelModeEi
                0x00000724       0x2c main.o
                0x00000724                ModelImpl::Dispatcher::set_channel_action(ModelImpl::SYNCHRONIZATION_CHANNEL*, PinName, ModelImpl::SendChannelMode, int)
 .text._ZN9ModelImpl10Dispatcher17set_receive_inputEPNS_23SYNCHRONIZATION_CHANNELE7PinName7PinModeNS_18ReceiveChannelModeE
                0x00000750       0x2c main.o
                0x00000750                ModelImpl::Dispatcher::set_receive_input(ModelImpl::SYNCHRONIZATION_CHANNEL*, PinName, PinMode, ModelImpl::ReceiveChannelMode)
 .text._ZN5Model16SYSTEM_VARIABLESC2Ev
                0x0000077c       0x8c main.o
                0x0000077c                Model::SYSTEM_VARIABLES::SYSTEM_VARIABLES()
                0x0000077c                Model::SYSTEM_VARIABLES::SYSTEM_VARIABLES()
 .text._ZN5ModelL50updatefunc_HM_ModeSwitch_TRANS_Manual__Unnamed1__0Ev
                0x00000808        0xc main.o
 .text._ZN5ModelL50updatefunc_HM_ModeSwitch_TRANS_Manual__Unnamed1__1Ev
                0x00000814        0xc main.o
 .text._ZN5ModelL48updatefunc_HM_ModeSwitch_TRANS_Init__Unnamed1__0Ev
                0x00000820        0xc main.o
 .text._ZN5ModelL48updatefunc_HM_ModeSwitch_TRANS_Init__Unnamed1__1Ev
                0x0000082c        0xc main.o
 .text._ZN5ModelL48updatefunc_HM_ModeSwitch_TRANS_Init__Unnamed0__0Ev
                0x00000838        0xc main.o
 .text._ZN5ModelL43guardfunc_HM_Asignal_TRANS_Disabled__RHM__0Ev
                0x00000844       0x18 main.o
 .text._ZN5ModelL44updatefunc_HM_Asignal_TRANS_Disabled__RHM__0Ev
                0x0000085c       0x10 main.o
 .text._ZN5ModelL43guardfunc_HM_Asignal_TRANS_RHM__Disabled__0Ev
                0x0000086c       0x18 main.o
 .text._ZN5ModelL38guardfunc_HM_Asignal_TRANS_RHM__RHM__0Ev
                0x00000884       0x20 main.o
 .text._ZN5ModelL39updatefunc_HM_Asignal_TRANS_RHM__RHM__0Ev
                0x000008a4       0x10 main.o
 .text._ZN5ModelL30guardfunc_HM_Asignal_STATE_RHMEv
                0x000008b4       0x20 main.o
 .text._ZN5ModelL41updatefunc_HM_Apace_TRANS_AIdle__AIdle__0Ev
                0x000008d4       0x10 main.o
 .text._ZN5ModelL43guardfunc_HM_Vsignal_TRANS_RHM__Disabled__0Ev
                0x000008e4       0x18 main.o
 .text._ZN5ModelL43guardfunc_HM_Vsignal_TRANS_Disabled__RHM__0Ev
                0x000008fc       0x18 main.o
 .text._ZN5ModelL44updatefunc_HM_Vsignal_TRANS_Disabled__RHM__0Ev
                0x00000914       0x10 main.o
 .text._ZN5ModelL38guardfunc_HM_Vsignal_TRANS_RHM__RHM__0Ev
                0x00000924       0x20 main.o
 .text._ZN5ModelL39updatefunc_HM_Vsignal_TRANS_RHM__RHM__0Ev
                0x00000944       0x10 main.o
 .text._ZN5ModelL30guardfunc_HM_Vsignal_STATE_RHMEv
                0x00000954       0x20 main.o
 .text._ZN5ModelL41updatefunc_HM_Vpace_TRANS_VIdle__VIdle__0Ev
                0x00000974       0x10 main.o
 .text._ZN5ModelL52guardfunc_HM_DisplayAndAlarm_TRANS_ShowRate__Init__0Ev
                0x00000984       0x24 main.o
 .text._ZN5ModelL52guardfunc_HM_DisplayAndAlarm_TRANS_ShowRate__Init__1Ev
                0x000009a8       0x38 main.o
 .text._ZN5ModelL52guardfunc_HM_DisplayAndAlarm_TRANS_ShowRate__Init__2Ev
                0x000009e0       0x24 main.o
 .text._ZN5ModelL52guardfunc_HM_DisplayAndAlarm_TRANS_Init__ShowRate__0Ev
                0x00000a04       0x24 main.o
 .text._ZN5ModelL53updatefunc_HM_DisplayAndAlarm_TRANS_Init__ShowRate__0Ev
                0x00000a28       0x34 main.o
 .text._ZN5ModelL49updatefunc_HM_DisplayAndAlarm_TRANS_Incr__Init__0Ev
                0x00000a5c       0x10 main.o
 .text._ZN5ModelL39guardfunc_HM_DisplayAndAlarm_STATE_InitEv
                0x00000a6c       0x24 main.o
 .text._Z10trace_modePKc
                0x00000a90       0x34 main.o
                0x00000a90                trace_mode(char const*)
 .text._Z11print_eventPN9ModelImpl23SYNCHRONIZATION_CHANNELE
                0x00000ac4       0x38 main.o
                0x00000ac4                print_event(ModelImpl::SYNCHRONIZATION_CHANNEL*)
 .text._Z17input_handler_irqv
                0x00000afc       0x10 main.o
                0x00000afc                input_handler_irq()
 .text.main     0x00000b0c       0x84 main.o
                0x00000b0c                main
 .text._ZL19heart_input_handlerPKv
                0x00000b90      0x1a0 main.o
 .text._Z13init_as_heartRN9ModelImpl10DispatcherE
                0x00000d30      0x194 main.o
                0x00000d30                init_as_heart(ModelImpl::Dispatcher&)
 .text._ZN4mbed6TickerC2Ev
                0x00000ec4       0x30 main.o
                0x00000ec4                mbed::Ticker::Ticker()
                0x00000ec4                mbed::Ticker::Ticker()
 .text._ZN9ModelImpl17DispatcherPrivateC2Ev
                0x00000ef4       0x3c main.o
                0x00000ef4                ModelImpl::DispatcherPrivate::DispatcherPrivate()
                0x00000ef4                ModelImpl::DispatcherPrivate::DispatcherPrivate()
 .text._ZN9ModelImpl17DispatcherPrivate20set_clock_multiplierEi
                0x00000f30       0x10 main.o
                0x00000f30                ModelImpl::DispatcherPrivate::set_clock_multiplier(int)
 .text._ZN9ModelImpl17DispatcherPrivate11add_processEPNS_19PROCESS_ENTRY_STATEE
                0x00000f40       0x48 main.o
                0x00000f40                ModelImpl::DispatcherPrivate::add_process(ModelImpl::PROCESS_ENTRY_STATE*)
 .text._ZN9ModelImpl17DispatcherPrivate14ticker_handlerEv
                0x00000f88       0x10 main.o
                0x00000f88                ModelImpl::DispatcherPrivate::ticker_handler()
 .text._ZN9ModelImpl17DispatcherPrivate19channel_irq_handlerEm14gpio_irq_event
                0x00000f98       0x54 main.o
                0x00000f98                ModelImpl::DispatcherPrivate::channel_irq_handler(unsigned long, gpio_irq_event)
 .text._ZN9ModelImpl17DispatcherPrivate12fire_channelEPNS_23SYNCHRONIZATION_CHANNELE
                0x00000fec      0x114 main.o
                0x00000fec                ModelImpl::DispatcherPrivate::fire_channel(ModelImpl::SYNCHRONIZATION_CHANNEL*)
 .text._ZN9ModelImpl17DispatcherPrivate19set_channel_fire_cbEPNS_23SYNCHRONIZATION_CHANNELEPFvS2_EPv
                0x00001100       0x1c main.o
                0x00001100                ModelImpl::DispatcherPrivate::set_channel_fire_cb(ModelImpl::SYNCHRONIZATION_CHANNEL*, void (*)(ModelImpl::SYNCHRONIZATION_CHANNEL*), void*)
 .text._ZN9ModelImpl17DispatcherPrivate18set_channel_actionEPNS_23SYNCHRONIZATION_CHANNELE7PinNameNS_15SendChannelModeEi
                0x0000111c       0x6c main.o
                0x0000111c                ModelImpl::DispatcherPrivate::set_channel_action(ModelImpl::SYNCHRONIZATION_CHANNEL*, PinName, ModelImpl::SendChannelMode, int)
 .text._ZN9ModelImpl17DispatcherPrivate17set_receive_inputEPNS_23SYNCHRONIZATION_CHANNELE7PinName7PinModeNS_18ReceiveChannelModeE
                0x00001188       0xd4 main.o
                0x00001188                ModelImpl::DispatcherPrivate::set_receive_input(ModelImpl::SYNCHRONIZATION_CHANNEL*, PinName, PinMode, ModelImpl::ReceiveChannelMode)
 .text._ZN9ModelImpl17DispatcherPrivate3runEv
                0x0000125c       0x6c main.o
                0x0000125c                ModelImpl::DispatcherPrivate::run()
 .text._ZN9ModelImpl17DispatcherPrivate9run_stepsEv
                0x000012c8       0x78 main.o
                0x000012c8                ModelImpl::DispatcherPrivate::run_steps()
 .text._ZN9ModelImpl17DispatcherPrivate13clear_signalsEv
                0x00001340       0x68 main.o
                0x00001340                ModelImpl::DispatcherPrivate::clear_signals()
 .text._ZN9ModelImpl17DispatcherPrivate17clear_normal_stepEv
                0x000013a8       0x68 main.o
                0x000013a8                ModelImpl::DispatcherPrivate::clear_normal_step()
 .text._ZN9ModelImpl17DispatcherPrivate9run_tasksEi
                0x00001410      0x21c main.o
                0x00001410                ModelImpl::DispatcherPrivate::run_tasks(int)
 .text._ZN9ModelImpl17DispatcherPrivate9task_mainEPKv
                0x0000162c       0x18 main.o
                0x0000162c                ModelImpl::DispatcherPrivate::task_main(void const*)
 .text._ZN9ModelImpl17DispatcherPrivate13task_main_impEPVNS_19PROCESS_ENTRY_STATEE
                0x00001644       0xe0 main.o
                0x00001644                ModelImpl::DispatcherPrivate::task_main_imp(ModelImpl::PROCESS_ENTRY_STATE volatile*)
 .text._ZN9ModelImpl17DispatcherPrivate21find_valid_transitionEPVNS_19PROCESS_ENTRY_STATEE
                0x00001724       0x6c main.o
                0x00001724                ModelImpl::DispatcherPrivate::find_valid_transition(ModelImpl::PROCESS_ENTRY_STATE volatile*)
 .text._ZN9ModelImpl17DispatcherPrivate19can_take_transitionEPVNS_19PROCESS_ENTRY_STATEEPNS_16TRANSITION_ENTRYE
                0x00001790       0x94 main.o
                0x00001790                ModelImpl::DispatcherPrivate::can_take_transition(ModelImpl::PROCESS_ENTRY_STATE volatile*, ModelImpl::TRANSITION_ENTRY*)
 .text._ZN9ModelImpl17DispatcherPrivate15take_transitionEPVNS_19PROCESS_ENTRY_STATEEPNS_16TRANSITION_ENTRYE
                0x00001824       0xe0 main.o
                0x00001824                ModelImpl::DispatcherPrivate::take_transition(ModelImpl::PROCESS_ENTRY_STATE volatile*, ModelImpl::TRANSITION_ENTRY*)
 .text._ZN9ModelImpl17DispatcherPrivate11enter_stateEPVNS_19PROCESS_ENTRY_STATEEPNS_11STATE_ENTRYE
                0x00001904       0x28 main.o
                0x00001904                ModelImpl::DispatcherPrivate::enter_state(ModelImpl::PROCESS_ENTRY_STATE volatile*, ModelImpl::STATE_ENTRY*)
 .text._ZN9ModelImpl17DispatcherPrivate11leave_stateEPVNS_19PROCESS_ENTRY_STATEEPNS_11STATE_ENTRYE
                0x0000192c       0x28 main.o
                0x0000192c                ModelImpl::DispatcherPrivate::leave_state(ModelImpl::PROCESS_ENTRY_STATE volatile*, ModelImpl::STATE_ENTRY*)
 .text._ZN9ModelImpl17DispatcherPrivate8sub_timeEii
                0x00001954       0x2c main.o
                0x00001954                ModelImpl::DispatcherPrivate::sub_time(int, int)
 .text._ZN9ModelImpl17DispatcherPrivate9wall_diffEi
                0x00001980       0x28 main.o
                0x00001980                ModelImpl::DispatcherPrivate::wall_diff(int)
 .text._ZN9ModelImpl8SendData7handlerEv
                0x000019a8       0x38 main.o
                0x000019a8                ModelImpl::SendData::handler()
 .text._Z17init_as_pacemakerRN9ModelImpl10DispatcherE
                0x000019e0       0x14 main.o
                0x000019e0                init_as_pacemaker(ModelImpl::Dispatcher&)
 .text._ZN9ModelImpl29SYNCHRONIZATION_CHANNEL_STATED2Ev
                0x000019f4       0x3c main.o
                0x000019f4                ModelImpl::SYNCHRONIZATION_CHANNEL_STATE::~SYNCHRONIZATION_CHANNEL_STATE()
                0x000019f4                ModelImpl::SYNCHRONIZATION_CHANNEL_STATE::~SYNCHRONIZATION_CHANNEL_STATE()
 .text._ZN9ModelImpl20PROCESS_ENTRY_THREADD2Ev
                0x00001a30       0x24 main.o
                0x00001a30                ModelImpl::PROCESS_ENTRY_THREAD::~PROCESS_ENTRY_THREAD()
                0x00001a30                ModelImpl::PROCESS_ENTRY_THREAD::~PROCESS_ENTRY_THREAD()
 .text._ZN4mbed6SerialD2Ev
                0x00001a54       0x4c main.o
                0x00001a54                mbed::Serial::~Serial()
                0x00001a54                mbed::Serial::~Serial()
 .text._ZN4mbed6SerialD1Ev
                0x00001aa0       0x10 main.o
                0x00001aa0                non-virtual thunk to mbed::Serial::~Serial()
                0x00001aa8                non-virtual thunk to mbed::Serial::~Serial()
 .text._ZN4mbed6SerialD0Ev
                0x00001ab0       0x2c main.o
                0x00001ab0                mbed::Serial::~Serial()
                0x00001acc                non-virtual thunk to mbed::Serial::~Serial()
                0x00001ad4                non-virtual thunk to mbed::Serial::~Serial()
 .text._ZN7TextLCDD2Ev
                0x00001adc       0x44 main.o
                0x00001adc                TextLCD::~TextLCD()
                0x00001adc                TextLCD::~TextLCD()
 .text._ZN7TextLCDD1Ev
                0x00001b20        0x8 main.o
                0x00001b20                non-virtual thunk to TextLCD::~TextLCD()
 .text._ZN7TextLCDD0Ev
                0x00001b28       0x24 main.o
                0x00001b28                TextLCD::~TextLCD()
                0x00001b44                non-virtual thunk to TextLCD::~TextLCD()
 .text._ZN9ModelImpl17DispatcherPrivateD2Ev
                0x00001b4c       0x24 main.o
                0x00001b4c                ModelImpl::DispatcherPrivate::~DispatcherPrivate()
                0x00001b4c                ModelImpl::DispatcherPrivate::~DispatcherPrivate()
 .text._Z41__static_initialization_and_destruction_0ii
                0x00001b70      0x320 main.o
 .text._GLOBAL__sub_I__ZN5Model30GLOBAL_CHANNEL_VAR_Apace_STATEE
                0x00001e90       0x10 main.o
 .text.NVIC_SetVector
                0x00001ea0       0x3c ../common/native/mbed/TARGET_LPC1768/TOOLCHAIN_GCC_ARM/cmsis_nvic.o
                0x00001ea0                NVIC_SetVector
 .text.SystemInit
                0x00001edc       0xb8 ../common/native/mbed/TARGET_LPC1768/TOOLCHAIN_GCC_ARM/system_LPC17xx.o
                0x00001edc                SystemInit
 .text.mbed_die
                0x00001f94      0x10c ../common/native/mbed/TARGET_LPC1768/TOOLCHAIN_GCC_ARM/board.o
                0x00001f94                mbed_die
 .text._ZN4mbed10FileHandle4flenEv
                0x000020a0       0x34 ../common/native/mbed/TARGET_LPC1768/TOOLCHAIN_GCC_ARM/retarget.o
                0x000020a0                mbed::FileHandle::flen()
 .text._ZN4mbed10FileHandleD2Ev
                0x000020d4       0x2c ../common/native/mbed/TARGET_LPC1768/TOOLCHAIN_GCC_ARM/retarget.o
                0x000020d4                mbed::FileHandle::~FileHandle()
                0x000020d4                mbed::FileHandle::~FileHandle()
 .text._ZN4mbed10FileHandleD0Ev
                0x00002100       0x34 ../common/native/mbed/TARGET_LPC1768/TOOLCHAIN_GCC_ARM/retarget.o
                0x00002100                mbed::FileHandle::~FileHandle()
 .text._ZL11init_serialv.part.0
                0x00002134       0x18 ../common/native/mbed/TARGET_LPC1768/TOOLCHAIN_GCC_ARM/retarget.o
 .text._open    0x0000214c       0xf8 ../common/native/mbed/TARGET_LPC1768/TOOLCHAIN_GCC_ARM/retarget.o
                0x0000214c                _open
 .text._close   0x00002244       0x2c ../common/native/mbed/TARGET_LPC1768/TOOLCHAIN_GCC_ARM/retarget.o
                0x00002244                _close
 .text._write   0x00002270       0x50 ../common/native/mbed/TARGET_LPC1768/TOOLCHAIN_GCC_ARM/retarget.o
                0x00002270                _write
 .text._read    0x000022c0       0x4c ../common/native/mbed/TARGET_LPC1768/TOOLCHAIN_GCC_ARM/retarget.o
                0x000022c0                _read
 .text._isatty  0x0000230c       0x28 ../common/native/mbed/TARGET_LPC1768/TOOLCHAIN_GCC_ARM/retarget.o
                0x0000230c                _isatty
 .text._lseek   0x00002334       0x28 ../common/native/mbed/TARGET_LPC1768/TOOLCHAIN_GCC_ARM/retarget.o
                0x00002334                _lseek
 .text._fstat   0x0000235c       0x20 ../common/native/mbed/TARGET_LPC1768/TOOLCHAIN_GCC_ARM/retarget.o
                0x0000235c                _fstat
 .text.__cxa_pure_virtual
                0x0000237c        0x8 ../common/native/mbed/TARGET_LPC1768/TOOLCHAIN_GCC_ARM/retarget.o
                0x0000237c                __cxa_pure_virtual
 .text._sbrk    0x00002384       0x28 ../common/native/mbed/TARGET_LPC1768/TOOLCHAIN_GCC_ARM/retarget.o
                0x00002384                _sbrk
 .text          0x000023ac       0x44 ../common/native/mbed/TARGET_LPC1768/TOOLCHAIN_GCC_ARM/startup_LPC17xx.o
                0x000023ac                Reset_Handler
                0x000023dc                NMI_Handler
                0x000023de                HardFault_Handler
                0x000023e0                MemManage_Handler
                0x000023e2                BusFault_Handler
                0x000023e4                UsageFault_Handler
                0x000023e8                DebugMon_Handler
                0x000023ee                I2C0_IRQHandler
                0x000023ee                I2C1_IRQHandler
                0x000023ee                EINT2_IRQHandler
                0x000023ee                UART1_IRQHandler
                0x000023ee                EINT3_IRQHandler
                0x000023ee                CANActivity_IRQHandler
                0x000023ee                TIMER3_IRQHandler
                0x000023ee                UART0_IRQHandler
                0x000023ee                PWM1_IRQHandler
                0x000023ee                PLL0_IRQHandler
                0x000023ee                RIT_IRQHandler
                0x000023ee                PLL1_IRQHandler
                0x000023ee                SSP0_IRQHandler
                0x000023ee                I2S_IRQHandler
                0x000023ee                I2C2_IRQHandler
                0x000023ee                RTC_IRQHandler
                0x000023ee                TIMER0_IRQHandler
                0x000023ee                USBActivity_IRQHandler
                0x000023ee                SPI_IRQHandler
                0x000023ee                EINT1_IRQHandler
                0x000023ee                TIMER1_IRQHandler
                0x000023ee                UART2_IRQHandler
                0x000023ee                Default_Handler
                0x000023ee                ADC_IRQHandler
                0x000023ee                SSP1_IRQHandler
                0x000023ee                USB_IRQHandler
                0x000023ee                BOD_IRQHandler
                0x000023ee                CAN_IRQHandler
                0x000023ee                WDT_IRQHandler
                0x000023ee                QEI_IRQHandler
                0x000023ee                EINT0_IRQHandler
                0x000023ee                DEF_IRQHandler
                0x000023ee                DMA_IRQHandler
                0x000023ee                TIMER2_IRQHandler
                0x000023ee                UART3_IRQHandler
                0x000023ee                MCPWM_IRQHandler
                0x000023ee                ENET_IRQHandler
 .text          0x000023f0      0x130 ../common/native/mbed-rtos/rtx/TARGET_CORTEX_M/TARGET_M3/TOOLCHAIN_GCC/HAL_CM3.o
                0x000023f0                rt_set_PSP
                0x000023f6                rt_get_PSP
                0x000023fc                os_set_env
                0x00002414                _alloc_box
                0x00002430                _free_box
                0x0000244c                SVC_Handler
                0x000024ba                PendSV_Handler
                0x000024be                Sys_Switch
                0x000024f2                SysTick_Handler
                0x000024fa                OS_Tick_Handler
 .text.rt_svc_init
                0x00002520       0x78 ../common/native/mbed-rtos/rtx/TARGET_CORTEX_M/rt_Task.o
 .text.rt_get_TID
                0x00002598       0x3c ../common/native/mbed-rtos/rtx/TARGET_CORTEX_M/rt_Task.o
                0x00002598                rt_get_TID
 .text.rt_init_context
                0x000025d4       0x68 ../common/native/mbed-rtos/rtx/TARGET_CORTEX_M/rt_Task.o
                0x000025d4                rt_init_context
 .text.rt_switch_req
                0x0000263c       0x18 ../common/native/mbed-rtos/rtx/TARGET_CORTEX_M/rt_Task.o
                0x0000263c                rt_switch_req
 .text.rt_dispatch
                0x00002654       0x60 ../common/native/mbed-rtos/rtx/TARGET_CORTEX_M/rt_Task.o
                0x00002654                rt_dispatch
 .text.rt_block
                0x000026b4       0x5c ../common/native/mbed-rtos/rtx/TARGET_CORTEX_M/rt_Task.o
                0x000026b4                rt_block
 .text.rt_tsk_self
                0x00002710       0x1c ../common/native/mbed-rtos/rtx/TARGET_CORTEX_M/rt_Task.o
                0x00002710                rt_tsk_self
 .text.rt_tsk_prio
                0x0000272c       0xbc ../common/native/mbed-rtos/rtx/TARGET_CORTEX_M/rt_Task.o
                0x0000272c                rt_tsk_prio
 .text.rt_tsk_delete
                0x000027e8       0xb4 ../common/native/mbed-rtos/rtx/TARGET_CORTEX_M/rt_Task.o
                0x000027e8                rt_tsk_delete
 .text.rt_sys_init
                0x0000289c       0xc4 ../common/native/mbed-rtos/rtx/TARGET_CORTEX_M/rt_Task.o
                0x0000289c                rt_sys_init
 .text.rt_sys_start
                0x00002960       0x4c ../common/native/mbed-rtos/rtx/TARGET_CORTEX_M/rt_Task.o
                0x00002960                rt_sys_start
 .text.rt_alloc_box
                0x000029ac       0x38 ../common/native/mbed-rtos/rtx/TARGET_CORTEX_M/rt_MemBox.o
                0x000029ac                rt_alloc_box
 .text.rt_free_box
                0x000029e4       0x4c ../common/native/mbed-rtos/rtx/TARGET_CORTEX_M/rt_MemBox.o
                0x000029e4                rt_free_box
 .text.rt_init_robin
                0x00002a30       0x1c ../common/native/mbed-rtos/rtx/TARGET_CORTEX_M/rt_Robin.o
                0x00002a30                rt_init_robin
 .text.rt_chk_robin
                0x00002a4c       0x64 ../common/native/mbed-rtos/rtx/TARGET_CORTEX_M/rt_Robin.o
                0x00002a4c                rt_chk_robin
 .text.rt_mbx_init
                0x00002ab0       0x4c ../common/native/mbed-rtos/rtx/TARGET_CORTEX_M/rt_Mailbox.o
                0x00002ab0                rt_mbx_init
 .text.rt_mbx_wait
                0x00002afc      0x11c ../common/native/mbed-rtos/rtx/TARGET_CORTEX_M/rt_Mailbox.o
                0x00002afc                rt_mbx_wait
 .text.rt_mbx_check
                0x00002c18       0x1c ../common/native/mbed-rtos/rtx/TARGET_CORTEX_M/rt_Mailbox.o
                0x00002c18                rt_mbx_check
 .text.isr_mbx_send
                0x00002c34       0x20 ../common/native/mbed-rtos/rtx/TARGET_CORTEX_M/rt_Mailbox.o
                0x00002c34                isr_mbx_send
 .text.isr_mbx_receive
                0x00002c54       0x7c ../common/native/mbed-rtos/rtx/TARGET_CORTEX_M/rt_Mailbox.o
                0x00002c54                isr_mbx_receive
 .text.rt_mbx_psh
                0x00002cd0      0x154 ../common/native/mbed-rtos/rtx/TARGET_CORTEX_M/rt_Mailbox.o
                0x00002cd0                rt_mbx_psh
 .text.rt_systick_init
                0x00002e24       0x38 ../common/native/mbed-rtos/rtx/TARGET_CORTEX_M/rt_System.o
 .text.rt_psh_req
                0x00002e5c       0x28 ../common/native/mbed-rtos/rtx/TARGET_CORTEX_M/rt_System.o
                0x00002e5c                rt_psh_req
 .text.rt_pop_req
                0x00002e84       0xc8 ../common/native/mbed-rtos/rtx/TARGET_CORTEX_M/rt_System.o
                0x00002e84                rt_pop_req
 .text.os_tick_init
                0x00002f4c       0x10 ../common/native/mbed-rtos/rtx/TARGET_CORTEX_M/rt_System.o
                0x00002f4c                os_tick_init
 .text.os_tick_irqack
                0x00002f5c        0x4 ../common/native/mbed-rtos/rtx/TARGET_CORTEX_M/rt_System.o
                0x00002f5c                os_tick_irqack
 .text.rt_systick
                0x00002f60       0x4c ../common/native/mbed-rtos/rtx/TARGET_CORTEX_M/rt_System.o
                0x00002f60                rt_systick
 .text.rt_stk_check
                0x00002fac       0x3c ../common/native/mbed-rtos/rtx/TARGET_CORTEX_M/rt_System.o
                0x00002fac                rt_stk_check
 .text.rt_ms2tick
                0x00002fe8       0x5c ../common/native/mbed-rtos/rtx/TARGET_CORTEX_M/rt_CMSIS.o
 .text.rt_tid2ptcb
                0x00003044       0x34 ../common/native/mbed-rtos/rtx/TARGET_CORTEX_M/rt_CMSIS.o
 .text.rt_id2obj
                0x00003078       0x1c ../common/native/mbed-rtos/rtx/TARGET_CORTEX_M/rt_CMSIS.o
 .text.svcKernelInitialize
                0x00003094       0x34 ../common/native/mbed-rtos/rtx/TARGET_CORTEX_M/rt_CMSIS.o
                0x00003094                svcKernelInitialize
 .text.svcKernelStart
                0x000030c8       0x78 ../common/native/mbed-rtos/rtx/TARGET_CORTEX_M/rt_CMSIS.o
                0x000030c8                svcKernelStart
 .text.osKernelInitialize
                0x00003140       0x40 ../common/native/mbed-rtos/rtx/TARGET_CORTEX_M/rt_CMSIS.o
                0x00003140                osKernelInitialize
 .text.osKernelStart
                0x00003180       0xc4 ../common/native/mbed-rtos/rtx/TARGET_CORTEX_M/rt_CMSIS.o
                0x00003180                osKernelStart
 .text.svcThreadCreate
                0x00003244       0xcc ../common/native/mbed-rtos/rtx/TARGET_CORTEX_M/rt_CMSIS.o
                0x00003244                svcThreadCreate
 .text.svcThreadGetId
                0x00003310       0x2c ../common/native/mbed-rtos/rtx/TARGET_CORTEX_M/rt_CMSIS.o
                0x00003310                svcThreadGetId
 .text.svcThreadTerminate
                0x0000333c       0x38 ../common/native/mbed-rtos/rtx/TARGET_CORTEX_M/rt_CMSIS.o
                0x0000333c                svcThreadTerminate
 .text.osThreadCreate
                0x00003374       0x60 ../common/native/mbed-rtos/rtx/TARGET_CORTEX_M/rt_CMSIS.o
                0x00003374                osThreadCreate
 .text.osThreadGetId
                0x000033d4       0x28 ../common/native/mbed-rtos/rtx/TARGET_CORTEX_M/rt_CMSIS.o
                0x000033d4                osThreadGetId
 .text.osThreadTerminate
                0x000033fc       0x30 ../common/native/mbed-rtos/rtx/TARGET_CORTEX_M/rt_CMSIS.o
                0x000033fc                osThreadTerminate
 .text.osThreadExit
                0x0000342c       0x20 ../common/native/mbed-rtos/rtx/TARGET_CORTEX_M/rt_CMSIS.o
                0x0000342c                osThreadExit
 .text.svcDelay
                0x0000344c       0x2c ../common/native/mbed-rtos/rtx/TARGET_CORTEX_M/rt_CMSIS.o
                0x0000344c                svcDelay
 .text.osDelay  0x00003478       0x30 ../common/native/mbed-rtos/rtx/TARGET_CORTEX_M/rt_CMSIS.o
                0x00003478                osDelay
 .text.rt_timer_insert
                0x000034a8       0x7c ../common/native/mbed-rtos/rtx/TARGET_CORTEX_M/rt_CMSIS.o
 .text.svcTimerCall
                0x00003524       0x60 ../common/native/mbed-rtos/rtx/TARGET_CORTEX_M/rt_CMSIS.o
                0x00003524                svcTimerCall
 .text.sysTimerTick
                0x00003584       0x78 ../common/native/mbed-rtos/rtx/TARGET_CORTEX_M/rt_CMSIS.o
                0x00003584                sysTimerTick
 .text.osTimerCall
                0x000035fc       0x30 ../common/native/mbed-rtos/rtx/TARGET_CORTEX_M/rt_CMSIS.o
                0x000035fc                osTimerCall
 .text.osTimerThread
                0x0000362c       0x40 ../common/native/mbed-rtos/rtx/TARGET_CORTEX_M/rt_CMSIS.o
                0x0000362c                osTimerThread
 .text.svcSignalSet
                0x0000366c       0x4c ../common/native/mbed-rtos/rtx/TARGET_CORTEX_M/rt_CMSIS.o
                0x0000366c                svcSignalSet
 .text.svcSignalWait
                0x000036b8       0xd4 ../common/native/mbed-rtos/rtx/TARGET_CORTEX_M/rt_CMSIS.o
                0x000036b8                svcSignalWait
 .text.isrSignalSet
                0x0000378c       0x4c ../common/native/mbed-rtos/rtx/TARGET_CORTEX_M/rt_CMSIS.o
 .text.osSignalSet
                0x000037d8       0x40 ../common/native/mbed-rtos/rtx/TARGET_CORTEX_M/rt_CMSIS.o
                0x000037d8                osSignalSet
 .text.osSignalWait
                0x00003818       0x5c ../common/native/mbed-rtos/rtx/TARGET_CORTEX_M/rt_CMSIS.o
                0x00003818                osSignalWait
 .text.svcMutexCreate
                0x00003874       0x50 ../common/native/mbed-rtos/rtx/TARGET_CORTEX_M/rt_CMSIS.o
                0x00003874                svcMutexCreate
 .text.svcMutexWait
                0x000038c4       0x58 ../common/native/mbed-rtos/rtx/TARGET_CORTEX_M/rt_CMSIS.o
                0x000038c4                svcMutexWait
 .text.svcMutexRelease
                0x0000391c       0x40 ../common/native/mbed-rtos/rtx/TARGET_CORTEX_M/rt_CMSIS.o
                0x0000391c                svcMutexRelease
 .text.svcMutexDelete
                0x0000395c       0x34 ../common/native/mbed-rtos/rtx/TARGET_CORTEX_M/rt_CMSIS.o
                0x0000395c                svcMutexDelete
 .text.osMutexCreate
                0x00003990       0x58 ../common/native/mbed-rtos/rtx/TARGET_CORTEX_M/rt_CMSIS.o
                0x00003990                osMutexCreate
 .text.osMutexWait
                0x000039e8       0x38 ../common/native/mbed-rtos/rtx/TARGET_CORTEX_M/rt_CMSIS.o
                0x000039e8                osMutexWait
 .text.osMutexRelease
                0x00003a20       0x30 ../common/native/mbed-rtos/rtx/TARGET_CORTEX_M/rt_CMSIS.o
                0x00003a20                osMutexRelease
 .text.osMutexDelete
                0x00003a50       0x30 ../common/native/mbed-rtos/rtx/TARGET_CORTEX_M/rt_CMSIS.o
                0x00003a50                osMutexDelete
 .text.svcMessageCreate
                0x00003a80       0x60 ../common/native/mbed-rtos/rtx/TARGET_CORTEX_M/rt_CMSIS.o
                0x00003a80                svcMessageCreate
 .text.svcMessageGet
                0x00003ae0       0xd8 ../common/native/mbed-rtos/rtx/TARGET_CORTEX_M/rt_CMSIS.o
                0x00003ae0                svcMessageGet
 .text.isrMessagePut
                0x00003bb8       0x4c ../common/native/mbed-rtos/rtx/TARGET_CORTEX_M/rt_CMSIS.o
 .text.isrMessageGet
                0x00003c04       0x78 ../common/native/mbed-rtos/rtx/TARGET_CORTEX_M/rt_CMSIS.o
 .text.osMessageGet
                0x00003c7c       0x58 ../common/native/mbed-rtos/rtx/TARGET_CORTEX_M/rt_CMSIS.o
                0x00003c7c                osMessageGet
 .text.rt_evt_wait
                0x00003cd4       0xc8 ../common/native/mbed-rtos/rtx/TARGET_CORTEX_M/rt_Event.o
                0x00003cd4                rt_evt_wait
 .text.rt_evt_set
                0x00003d9c       0xc0 ../common/native/mbed-rtos/rtx/TARGET_CORTEX_M/rt_Event.o
                0x00003d9c                rt_evt_set
 .text.isr_evt_set
                0x00003e5c       0x3c ../common/native/mbed-rtos/rtx/TARGET_CORTEX_M/rt_Event.o
                0x00003e5c                isr_evt_set
 .text.rt_evt_psh
                0x00003e98       0xb0 ../common/native/mbed-rtos/rtx/TARGET_CORTEX_M/rt_Event.o
                0x00003e98                rt_evt_psh
 .text.rt_sem_psh
                0x00003f48       0x4c ../common/native/mbed-rtos/rtx/TARGET_CORTEX_M/rt_Semaphore.o
                0x00003f48                rt_sem_psh
 .text.os_idle_demon
                0x00003f94        0x4 ../common/native/mbed-rtos/rtx/TARGET_CORTEX_M/RTX_Conf_CM.o
                0x00003f94                os_idle_demon
 .text.os_error
                0x00003f98       0x10 ../common/native/mbed-rtos/rtx/TARGET_CORTEX_M/RTX_Conf_CM.o
                0x00003f98                os_error
 .text.sysThreadError
                0x00003fa8       0x18 ../common/native/mbed-rtos/rtx/TARGET_CORTEX_M/RTX_Conf_CM.o
                0x00003fa8                sysThreadError
 .text.set_main_stack
                0x00003fc0       0x1c ../common/native/mbed-rtos/rtx/TARGET_CORTEX_M/RTX_Conf_CM.o
                0x00003fc0                set_main_stack
 .text.software_init_hook
                0x00003fdc       0x38 ../common/native/mbed-rtos/rtx/TARGET_CORTEX_M/RTX_Conf_CM.o
                0x00003fdc                software_init_hook
 .text.rt_dly_wait
                0x00004014       0x1c ../common/native/mbed-rtos/rtx/TARGET_CORTEX_M/rt_Time.o
                0x00004014                rt_dly_wait
 .text.rt_mut_init
                0x00004030       0x2c ../common/native/mbed-rtos/rtx/TARGET_CORTEX_M/rt_Mutex.o
                0x00004030                rt_mut_init
 .text.rt_mut_delete
                0x0000405c       0xac ../common/native/mbed-rtos/rtx/TARGET_CORTEX_M/rt_Mutex.o
                0x0000405c                rt_mut_delete
 .text.rt_mut_release
                0x00004108       0xf4 ../common/native/mbed-rtos/rtx/TARGET_CORTEX_M/rt_Mutex.o
                0x00004108                rt_mut_release
 .text.rt_mut_wait
                0x000041fc       0xc0 ../common/native/mbed-rtos/rtx/TARGET_CORTEX_M/rt_Mutex.o
                0x000041fc                rt_mut_wait
 .text.rt_inc_qi
                0x000042bc       0x54 ../common/native/mbed-rtos/rtx/TARGET_CORTEX_M/rt_List.o
 .text.rt_put_prio
                0x00004310       0x80 ../common/native/mbed-rtos/rtx/TARGET_CORTEX_M/rt_List.o
                0x00004310                rt_put_prio
 .text.rt_get_first
                0x00004390       0x58 ../common/native/mbed-rtos/rtx/TARGET_CORTEX_M/rt_List.o
                0x00004390                rt_get_first
 .text.rt_put_rdy_first
                0x000043e8       0x20 ../common/native/mbed-rtos/rtx/TARGET_CORTEX_M/rt_List.o
                0x000043e8                rt_put_rdy_first
 .text.rt_resort_prio
                0x00004408       0x4c ../common/native/mbed-rtos/rtx/TARGET_CORTEX_M/rt_List.o
                0x00004408                rt_resort_prio
 .text.rt_put_dly
                0x00004454       0xc0 ../common/native/mbed-rtos/rtx/TARGET_CORTEX_M/rt_List.o
                0x00004454                rt_put_dly
 .text.rt_dec_dly
                0x00004514       0xc8 ../common/native/mbed-rtos/rtx/TARGET_CORTEX_M/rt_List.o
                0x00004514                rt_dec_dly
 .text.rt_rmv_list
                0x000045dc       0x5c ../common/native/mbed-rtos/rtx/TARGET_CORTEX_M/rt_List.o
                0x000045dc                rt_rmv_list
 .text.rt_rmv_dly
                0x00004638       0x50 ../common/native/mbed-rtos/rtx/TARGET_CORTEX_M/rt_List.o
                0x00004638                rt_rmv_dly
 .text.rt_psq_enq
                0x00004688       0x54 ../common/native/mbed-rtos/rtx/TARGET_CORTEX_M/rt_List.o
                0x00004688                rt_psq_enq
 .text.rt_init_stack
                0x000046dc       0x90 ../common/native/mbed-rtos/rtx/TARGET_CORTEX_M/HAL_CM.o
                0x000046dc                rt_init_stack
 .text.rt_ret_regs
                0x0000476c       0x10 ../common/native/mbed-rtos/rtx/TARGET_CORTEX_M/HAL_CM.o
 .text.rt_ret_val
                0x0000477c       0x1c ../common/native/mbed-rtos/rtx/TARGET_CORTEX_M/HAL_CM.o
                0x0000477c                rt_ret_val
 .text.rt_ret_val2
                0x00004798       0x28 ../common/native/mbed-rtos/rtx/TARGET_CORTEX_M/HAL_CM.o
                0x00004798                rt_ret_val2
 .text._ZN4rtos5MutexC2Ev
                0x000047c0       0x4c ../common/native/mbed-rtos/rtos/Mutex.o
                0x000047c0                rtos::Mutex::Mutex()
                0x000047c0                rtos::Mutex::Mutex()
 .text._ZN4rtos5Mutex4lockEm
                0x0000480c       0x20 ../common/native/mbed-rtos/rtos/Mutex.o
                0x0000480c                rtos::Mutex::lock(unsigned long)
 .text._ZN4rtos5Mutex7trylockEv
                0x0000482c       0x28 ../common/native/mbed-rtos/rtos/Mutex.o
                0x0000482c                rtos::Mutex::trylock()
 .text._ZN4rtos5Mutex6unlockEv
                0x00004854       0x1c ../common/native/mbed-rtos/rtos/Mutex.o
                0x00004854                rtos::Mutex::unlock()
 .text._ZN4rtos5MutexD2Ev
                0x00004870       0x1c ../common/native/mbed-rtos/rtos/Mutex.o
                0x00004870                rtos::Mutex::~Mutex()
                0x00004870                rtos::Mutex::~Mutex()
 .text.gpio_write
                0x0000488c       0x48 ../common/native/TextLCD/TextLCD.o
 .text._ZN4mbed10DigitalOutC2E7PinName
                0x000048d4       0x40 ../common/native/TextLCD/TextLCD.o
                0x000048d4                mbed::DigitalOut::DigitalOut(PinName)
                0x000048d4                mbed::DigitalOut::DigitalOut(PinName)
 .text._ZN4mbed10DigitalOut5writeEi
                0x00004914       0x18 ../common/native/TextLCD/TextLCD.o
                0x00004914                mbed::DigitalOut::write(int)
 .text._ZN4mbed10DigitalOutaSEi
                0x0000492c       0x1c ../common/native/TextLCD/TextLCD.o
                0x0000492c                mbed::DigitalOut::operator=(int)
 .text._ZN7TextLCDC2E7PinNameS0_S0_S0_S0_S0_NS_7LCDTypeE
                0x00004948      0x128 ../common/native/TextLCD/TextLCD.o
                0x00004948                TextLCD::TextLCD(PinName, PinName, PinName, PinName, PinName, PinName, TextLCD::LCDType)
                0x00004948                TextLCD::TextLCD(PinName, PinName, PinName, PinName, PinName, PinName, TextLCD::LCDType)
 .text._ZN7TextLCD9characterEiii
                0x00004a70       0x30 ../common/native/TextLCD/TextLCD.o
                0x00004a70                TextLCD::character(int, int, int)
 .text._ZN7TextLCD3clsEv
                0x00004aa0       0x28 ../common/native/TextLCD/TextLCD.o
                0x00004aa0                TextLCD::cls()
 .text._ZN7TextLCD6locateEii
                0x00004ac8       0x1c ../common/native/TextLCD/TextLCD.o
                0x00004ac8                TextLCD::locate(int, int)
 .text._ZN7TextLCD5_putcEi
                0x00004ae4       0xd0 ../common/native/TextLCD/TextLCD.o
                0x00004ae4                TextLCD::_putc(int)
 .text._ZN7TextLCD5_getcEv
                0x00004bb4       0x10 ../common/native/TextLCD/TextLCD.o
                0x00004bb4                TextLCD::_getc()
 .text._ZN7TextLCD9writeByteEi
                0x00004bc4       0x78 ../common/native/TextLCD/TextLCD.o
                0x00004bc4                TextLCD::writeByte(int)
 .text._ZN7TextLCD12writeCommandEi
                0x00004c3c       0x24 ../common/native/TextLCD/TextLCD.o
                0x00004c3c                TextLCD::writeCommand(int)
 .text._ZN7TextLCD9writeDataEi
                0x00004c60       0x24 ../common/native/TextLCD/TextLCD.o
                0x00004c60                TextLCD::writeData(int)
 .text._ZN7TextLCD7addressEii
                0x00004c84       0x70 ../common/native/TextLCD/TextLCD.o
                0x00004c84                TextLCD::address(int, int)
 .text._ZN7TextLCD7columnsEv
                0x00004cf4       0x1c ../common/native/TextLCD/TextLCD.o
                0x00004cf4                TextLCD::columns()
 .text._ZN7TextLCD4rowsEv
                0x00004d10       0x1c ../common/native/TextLCD/TextLCD.o
                0x00004d10                TextLCD::rows()
 .text.gpio_set
                0x00004d2c       0x30 ../common/native/mbed/TARGET_LPC1768/TOOLCHAIN_GCC_ARM\libmbed.a(gpio_api.o)
                0x00004d2c                gpio_set
 .text.gpio_init
                0x00004d5c       0x30 ../common/native/mbed/TARGET_LPC1768/TOOLCHAIN_GCC_ARM\libmbed.a(gpio_api.o)
                0x00004d5c                gpio_init
 .text.gpio_mode
                0x00004d8c        0x8 ../common/native/mbed/TARGET_LPC1768/TOOLCHAIN_GCC_ARM\libmbed.a(gpio_api.o)
                0x00004d8c                gpio_mode
 .text.gpio_dir
                0x00004d94       0x44 ../common/native/mbed/TARGET_LPC1768/TOOLCHAIN_GCC_ARM\libmbed.a(gpio_api.o)
                0x00004d94                gpio_dir
 .text.handle_interrupt_in
                0x00004dd8      0x118 ../common/native/mbed/TARGET_LPC1768/TOOLCHAIN_GCC_ARM\libmbed.a(gpio_irq_api.o)
 .text.gpio_irq_init
                0x00004ef0       0x70 ../common/native/mbed/TARGET_LPC1768/TOOLCHAIN_GCC_ARM\libmbed.a(gpio_irq_api.o)
                0x00004ef0                gpio_irq_init
 .text.gpio_irq_free
                0x00004f60       0x10 ../common/native/mbed/TARGET_LPC1768/TOOLCHAIN_GCC_ARM\libmbed.a(gpio_irq_api.o)
                0x00004f60                gpio_irq_free
 .text.gpio_irq_set
                0x00004f70       0xd8 ../common/native/mbed/TARGET_LPC1768/TOOLCHAIN_GCC_ARM\libmbed.a(gpio_irq_api.o)
                0x00004f70                gpio_irq_set
 .text.gpio_irq_enable
                0x00005048       0x10 ../common/native/mbed/TARGET_LPC1768/TOOLCHAIN_GCC_ARM\libmbed.a(gpio_irq_api.o)
                0x00005048                gpio_irq_enable
 .text.pin_function
                0x00005058       0x50 ../common/native/mbed/TARGET_LPC1768/TOOLCHAIN_GCC_ARM\libmbed.a(pinmap.o)
                0x00005058                pin_function
 .text.pin_mode
                0x000050a8       0x78 ../common/native/mbed/TARGET_LPC1768/TOOLCHAIN_GCC_ARM\libmbed.a(pinmap.o)
                0x000050a8                pin_mode
 .text.uart2_irq
                0x00005120       0x64 ../common/native/mbed/TARGET_LPC1768/TOOLCHAIN_GCC_ARM\libmbed.a(serial_api.o)
                0x00005120                uart2_irq
 .text.serial_irq_set_internal
                0x00005184       0xcc ../common/native/mbed/TARGET_LPC1768/TOOLCHAIN_GCC_ARM\libmbed.a(serial_api.o)
 .text.uart0_irq
                0x00005250       0x64 ../common/native/mbed/TARGET_LPC1768/TOOLCHAIN_GCC_ARM\libmbed.a(serial_api.o)
                0x00005250                uart0_irq
 .text.uart3_irq
                0x000052b4       0x6c ../common/native/mbed/TARGET_LPC1768/TOOLCHAIN_GCC_ARM\libmbed.a(serial_api.o)
                0x000052b4                uart3_irq
 .text.uart1_irq
                0x00005320       0x64 ../common/native/mbed/TARGET_LPC1768/TOOLCHAIN_GCC_ARM\libmbed.a(serial_api.o)
                0x00005320                uart1_irq
 .text.serial_baud
                0x00005384      0x244 ../common/native/mbed/TARGET_LPC1768/TOOLCHAIN_GCC_ARM\libmbed.a(serial_api.o)
                0x00005384                serial_baud
 .text.serial_format
                0x000055c8       0x78 ../common/native/mbed/TARGET_LPC1768/TOOLCHAIN_GCC_ARM\libmbed.a(serial_api.o)
                0x000055c8                serial_format
 .text.serial_irq_handler
                0x00005640       0x20 ../common/native/mbed/TARGET_LPC1768/TOOLCHAIN_GCC_ARM\libmbed.a(serial_api.o)
                0x00005640                serial_irq_handler
 .text.serial_irq_set
                0x00005660       0x20 ../common/native/mbed/TARGET_LPC1768/TOOLCHAIN_GCC_ARM\libmbed.a(serial_api.o)
                0x00005660                serial_irq_set
 .text.serial_getc
                0x00005680       0x38 ../common/native/mbed/TARGET_LPC1768/TOOLCHAIN_GCC_ARM\libmbed.a(serial_api.o)
                0x00005680                serial_getc
 .text.serial_readable
                0x000056b8        0xc ../common/native/mbed/TARGET_LPC1768/TOOLCHAIN_GCC_ARM\libmbed.a(serial_api.o)
                0x000056b8                serial_readable
 .text.serial_writable
                0x000056c4       0x74 ../common/native/mbed/TARGET_LPC1768/TOOLCHAIN_GCC_ARM\libmbed.a(serial_api.o)
                0x000056c4                serial_writable
 .text.serial_putc
                0x00005738       0x34 ../common/native/mbed/TARGET_LPC1768/TOOLCHAIN_GCC_ARM\libmbed.a(serial_api.o)
                0x00005738                serial_putc
 .text.serial_set_flow_control
                0x0000576c      0x12c ../common/native/mbed/TARGET_LPC1768/TOOLCHAIN_GCC_ARM\libmbed.a(serial_api.o)
                0x0000576c                serial_set_flow_control
 .text.serial_init
                0x00005898      0x1bc ../common/native/mbed/TARGET_LPC1768/TOOLCHAIN_GCC_ARM\libmbed.a(serial_api.o)
                0x00005898                serial_init
 .text.us_ticker_init
                0x00005a54       0x68 ../common/native/mbed/TARGET_LPC1768/TOOLCHAIN_GCC_ARM\libmbed.a(us_ticker.o)
                0x00005a54                us_ticker_init
 .text.us_ticker_read
                0x00005abc       0x1c ../common/native/mbed/TARGET_LPC1768/TOOLCHAIN_GCC_ARM\libmbed.a(us_ticker.o)
                0x00005abc                us_ticker_read
 .text.us_ticker_set_interrupt
                0x00005ad8       0x14 ../common/native/mbed/TARGET_LPC1768/TOOLCHAIN_GCC_ARM\libmbed.a(us_ticker.o)
                0x00005ad8                us_ticker_set_interrupt
 .text.us_ticker_disable_interrupt
                0x00005aec       0x10 ../common/native/mbed/TARGET_LPC1768/TOOLCHAIN_GCC_ARM\libmbed.a(us_ticker.o)
                0x00005aec                us_ticker_disable_interrupt
 .text.us_ticker_clear_interrupt
                0x00005afc        0xc ../common/native/mbed/TARGET_LPC1768/TOOLCHAIN_GCC_ARM\libmbed.a(us_ticker.o)
                0x00005afc                us_ticker_clear_interrupt
 .text._ZN4mbed6BusOutD2Ev
                0x00005b08       0x24 ../common/native/mbed/TARGET_LPC1768/TOOLCHAIN_GCC_ARM\libmbed.a(BusOut.o)
                0x00005b08                mbed::BusOut::~BusOut()
                0x00005b08                mbed::BusOut::~BusOut()
 .text._ZN4mbed6BusOutD0Ev
                0x00005b2c       0x14 ../common/native/mbed/TARGET_LPC1768/TOOLCHAIN_GCC_ARM\libmbed.a(BusOut.o)
                0x00005b2c                mbed::BusOut::~BusOut()
 .text._ZN4mbed6BusOutC2E7PinNameS1_S1_S1_S1_S1_S1_S1_S1_S1_S1_S1_S1_S1_S1_S1_
                0x00005b40       0x98 ../common/native/mbed/TARGET_LPC1768/TOOLCHAIN_GCC_ARM\libmbed.a(BusOut.o)
                0x00005b40                mbed::BusOut::BusOut(PinName, PinName, PinName, PinName, PinName, PinName, PinName, PinName, PinName, PinName, PinName, PinName, PinName, PinName, PinName, PinName)
                0x00005b40                mbed::BusOut::BusOut(PinName, PinName, PinName, PinName, PinName, PinName, PinName, PinName, PinName, PinName, PinName, PinName, PinName, PinName, PinName, PinName)
 .text._ZN4mbed6BusOut5writeEi
                0x00005bd8       0x50 ../common/native/mbed/TARGET_LPC1768/TOOLCHAIN_GCC_ARM\libmbed.a(BusOut.o)
                0x00005bd8                mbed::BusOut::write(int)
 .text._ZN4mbed6BusOutaSEi
                0x00005c28        0xc ../common/native/mbed/TARGET_LPC1768/TOOLCHAIN_GCC_ARM\libmbed.a(BusOut.o)
                0x00005c28                mbed::BusOut::operator=(int)
 .text._ZN4mbed8FilePathC2EPKc
                0x00005c34       0x58 ../common/native/mbed/TARGET_LPC1768/TOOLCHAIN_GCC_ARM\libmbed.a(FilePath.o)
                0x00005c34                mbed::FilePath::FilePath(char const*)
                0x00005c34                mbed::FilePath::FilePath(char const*)
 .text._ZN4mbed8FilePath8fileNameEv
                0x00005c8c        0x4 ../common/native/mbed/TARGET_LPC1768/TOOLCHAIN_GCC_ARM\libmbed.a(FilePath.o)
                0x00005c8c                mbed::FilePath::fileName()
 .text._ZN4mbed8FilePath10fileSystemEv
                0x00005c90       0x18 ../common/native/mbed/TARGET_LPC1768/TOOLCHAIN_GCC_ARM\libmbed.a(FilePath.o)
                0x00005c90                mbed::FilePath::fileSystem()
 .text._ZN4mbed8FilePath6isFileEv
                0x00005ca8       0x14 ../common/native/mbed/TARGET_LPC1768/TOOLCHAIN_GCC_ARM\libmbed.a(FilePath.o)
                0x00005ca8                mbed::FilePath::isFile()
 .text._ZN4mbed8FilePath4fileEv
                0x00005cbc       0x1c ../common/native/mbed/TARGET_LPC1768/TOOLCHAIN_GCC_ARM\libmbed.a(FilePath.o)
                0x00005cbc                mbed::FilePath::file()
 .text._ZN4mbed8FilePath6existsEv
                0x00005cd8        0xc ../common/native/mbed/TARGET_LPC1768/TOOLCHAIN_GCC_ARM\libmbed.a(FilePath.o)
                0x00005cd8                mbed::FilePath::exists()
 .text._ZN4mbed15FunctionPointerC2EPFvvE
                0x00005ce4        0xc ../common/native/mbed/TARGET_LPC1768/TOOLCHAIN_GCC_ARM\libmbed.a(FunctionPointer.o)
                0x00005ce4                mbed::FunctionPointer::FunctionPointer(void (*)())
                0x00005ce4                mbed::FunctionPointer::FunctionPointer(void (*)())
 .text._ZN4mbed15FunctionPointer6attachEPFvvE
                0x00005cf0        0x8 ../common/native/mbed/TARGET_LPC1768/TOOLCHAIN_GCC_ARM\libmbed.a(FunctionPointer.o)
                0x00005cf0                mbed::FunctionPointer::attach(void (*)())
 .text._ZN4mbed15FunctionPointer4callEv
                0x00005cf8       0x18 ../common/native/mbed/TARGET_LPC1768/TOOLCHAIN_GCC_ARM\libmbed.a(FunctionPointer.o)
                0x00005cf8                mbed::FunctionPointer::call()
 .text._ZN4mbed6Serial5_getcEv
                0x00005d10        0x4 ../common/native/mbed/TARGET_LPC1768/TOOLCHAIN_GCC_ARM\libmbed.a(Serial.o)
                0x00005d10                mbed::Serial::_getc()
 .text._ZThn72_N4mbed6Serial5_getcEv
                0x00005d14        0x8 ../common/native/mbed/TARGET_LPC1768/TOOLCHAIN_GCC_ARM\libmbed.a(Serial.o)
                0x00005d14                non-virtual thunk to mbed::Serial::_getc()
 .text._ZN4mbed6Serial5_putcEi
                0x00005d1c        0x4 ../common/native/mbed/TARGET_LPC1768/TOOLCHAIN_GCC_ARM\libmbed.a(Serial.o)
                0x00005d1c                mbed::Serial::_putc(int)
 .text._ZThn72_N4mbed6Serial5_putcEi
                0x00005d20        0x8 ../common/native/mbed/TARGET_LPC1768/TOOLCHAIN_GCC_ARM\libmbed.a(Serial.o)
                0x00005d20                non-virtual thunk to mbed::Serial::_putc(int)
 .text._ZN4mbed6SerialC2E7PinNameS1_PKc
                0x00005d28       0x30 ../common/native/mbed/TARGET_LPC1768/TOOLCHAIN_GCC_ARM\libmbed.a(Serial.o)
                0x00005d28                mbed::Serial::Serial(PinName, PinName, char const*)
                0x00005d28                mbed::Serial::Serial(PinName, PinName, char const*)
 .text._ZN4mbed10SerialBase12_irq_handlerEm9SerialIrq
                0x00005d58       0x10 ../common/native/mbed/TARGET_LPC1768/TOOLCHAIN_GCC_ARM\libmbed.a(SerialBase.o)
                0x00005d58                mbed::SerialBase::_irq_handler(unsigned long, SerialIrq)
 .text._ZN4mbed10SerialBaseC2E7PinNameS1_
                0x00005d68       0x4c ../common/native/mbed/TARGET_LPC1768/TOOLCHAIN_GCC_ARM\libmbed.a(SerialBase.o)
                0x00005d68                mbed::SerialBase::SerialBase(PinName, PinName)
                0x00005d68                mbed::SerialBase::SerialBase(PinName, PinName)
 .text._ZN4mbed10SerialBase8readableEv
                0x00005db4        0x8 ../common/native/mbed/TARGET_LPC1768/TOOLCHAIN_GCC_ARM\libmbed.a(SerialBase.o)
                0x00005db4                mbed::SerialBase::readable()
 .text._ZN4mbed10SerialBase6attachEPFvvENS0_7IrqTypeE
                0x00005dbc       0x34 ../common/native/mbed/TARGET_LPC1768/TOOLCHAIN_GCC_ARM\libmbed.a(SerialBase.o)
                0x00005dbc                mbed::SerialBase::attach(void (*)(), mbed::SerialBase::IrqType)
 .text._ZN4mbed10SerialBase10_base_getcEv
                0x00005df0        0x8 ../common/native/mbed/TARGET_LPC1768/TOOLCHAIN_GCC_ARM\libmbed.a(SerialBase.o)
                0x00005df0                mbed::SerialBase::_base_getc()
 .text._ZN4mbed10SerialBase10_base_putcEi
                0x00005df8       0x10 ../common/native/mbed/TARGET_LPC1768/TOOLCHAIN_GCC_ARM\libmbed.a(SerialBase.o)
                0x00005df8                mbed::SerialBase::_base_putc(int)
 .text._ZN4mbed6Stream5closeEv
                0x00005e08        0x4 ../common/native/mbed/TARGET_LPC1768/TOOLCHAIN_GCC_ARM\libmbed.a(Stream.o)
                0x00005e08                mbed::Stream::close()
 .text._ZN4mbed6Stream5writeEPKvj
                0x00005e0c       0x30 ../common/native/mbed/TARGET_LPC1768/TOOLCHAIN_GCC_ARM\libmbed.a(Stream.o)
                0x00005e0c                mbed::Stream::write(void const*, unsigned int)
 .text._ZN4mbed6Stream4readEPvj
                0x00005e3c       0x30 ../common/native/mbed/TARGET_LPC1768/TOOLCHAIN_GCC_ARM\libmbed.a(Stream.o)
                0x00005e3c                mbed::Stream::read(void*, unsigned int)
 .text._ZN4mbed6Stream5lseekEli
                0x00005e6c        0x4 ../common/native/mbed/TARGET_LPC1768/TOOLCHAIN_GCC_ARM\libmbed.a(Stream.o)
                0x00005e6c                mbed::Stream::lseek(long, int)
 .text._ZN4mbed6Stream6isattyEv
                0x00005e70        0x4 ../common/native/mbed/TARGET_LPC1768/TOOLCHAIN_GCC_ARM\libmbed.a(Stream.o)
                0x00005e70                mbed::Stream::isatty()
 .text._ZN4mbed6Stream5fsyncEv
                0x00005e74        0x4 ../common/native/mbed/TARGET_LPC1768/TOOLCHAIN_GCC_ARM\libmbed.a(Stream.o)
                0x00005e74                mbed::Stream::fsync()
 .text._ZN4mbed6Stream4flenEv
                0x00005e78        0x4 ../common/native/mbed/TARGET_LPC1768/TOOLCHAIN_GCC_ARM\libmbed.a(Stream.o)
                0x00005e78                mbed::Stream::flen()
 .text._ZN4mbed6StreamD2Ev
                0x00005e7c       0x24 ../common/native/mbed/TARGET_LPC1768/TOOLCHAIN_GCC_ARM\libmbed.a(Stream.o)
                0x00005e7c                mbed::Stream::~Stream()
                0x00005e7c                mbed::Stream::~Stream()
 .text._ZThn4_N4mbed6StreamD1Ev
                0x00005ea0        0x8 ../common/native/mbed/TARGET_LPC1768/TOOLCHAIN_GCC_ARM\libmbed.a(Stream.o)
                0x00005ea0                non-virtual thunk to mbed::Stream::~Stream()
 .text._ZN4mbed6StreamD0Ev
                0x00005ea8       0x14 ../common/native/mbed/TARGET_LPC1768/TOOLCHAIN_GCC_ARM\libmbed.a(Stream.o)
                0x00005ea8                mbed::Stream::~Stream()
 .text._ZThn4_N4mbed6StreamD0Ev
                0x00005ebc        0x8 ../common/native/mbed/TARGET_LPC1768/TOOLCHAIN_GCC_ARM\libmbed.a(Stream.o)
                0x00005ebc                non-virtual thunk to mbed::Stream::~Stream()
 .text._ZN4mbed6StreamC2EPKc
                0x00005ec4       0x48 ../common/native/mbed/TARGET_LPC1768/TOOLCHAIN_GCC_ARM\libmbed.a(Stream.o)
                0x00005ec4                mbed::Stream::Stream(char const*)
                0x00005ec4                mbed::Stream::Stream(char const*)
 .text._ZN4mbed6Stream4getcEv
                0x00005f0c       0x14 ../common/native/mbed/TARGET_LPC1768/TOOLCHAIN_GCC_ARM\libmbed.a(Stream.o)
                0x00005f0c                mbed::Stream::getc()
 .text._ZN4mbed6Stream6printfEPKcz
                0x00005f20       0x2c ../common/native/mbed/TARGET_LPC1768/TOOLCHAIN_GCC_ARM\libmbed.a(Stream.o)
                0x00005f20                mbed::Stream::printf(char const*, ...)
 .text._ZN4mbed6Ticker7handlerEv
                0x00005f4c       0x24 ../common/native/mbed/TARGET_LPC1768/TOOLCHAIN_GCC_ARM\libmbed.a(Ticker.o)
                0x00005f4c                mbed::Ticker::handler()
 .text._ZN4mbed6Ticker6detachEv
                0x00005f70       0x18 ../common/native/mbed/TARGET_LPC1768/TOOLCHAIN_GCC_ARM\libmbed.a(Ticker.o)
                0x00005f70                mbed::Ticker::detach()
 .text._ZN4mbed6Ticker5setupEy
                0x00005f88       0x24 ../common/native/mbed/TARGET_LPC1768/TOOLCHAIN_GCC_ARM\libmbed.a(Ticker.o)
                0x00005f88                mbed::Ticker::setup(unsigned long long)
 .text._ZN4mbed5TimerC2Ev
                0x00005fac       0x18 ../common/native/mbed/TARGET_LPC1768/TOOLCHAIN_GCC_ARM\libmbed.a(Timer.o)
                0x00005fac                mbed::Timer::Timer()
                0x00005fac                mbed::Timer::Timer()
 .text._ZN4mbed5Timer5startEv
                0x00005fc4       0x14 ../common/native/mbed/TARGET_LPC1768/TOOLCHAIN_GCC_ARM\libmbed.a(Timer.o)
                0x00005fc4                mbed::Timer::start()
 .text._ZN4mbed5Timer7read_usEv
                0x00005fd8       0x18 ../common/native/mbed/TARGET_LPC1768/TOOLCHAIN_GCC_ARM\libmbed.a(Timer.o)
                0x00005fd8                mbed::Timer::read_us()
 .text._ZN4mbed10TimerEvent3irqEm
                0x00005ff0        0xc ../common/native/mbed/TARGET_LPC1768/TOOLCHAIN_GCC_ARM\libmbed.a(TimerEvent.o)
                0x00005ff0                mbed::TimerEvent::irq(unsigned long)
 .text._ZN4mbed10TimerEventD2Ev
                0x00005ffc       0x18 ../common/native/mbed/TARGET_LPC1768/TOOLCHAIN_GCC_ARM\libmbed.a(TimerEvent.o)
                0x00005ffc                mbed::TimerEvent::~TimerEvent()
                0x00005ffc                mbed::TimerEvent::~TimerEvent()
 .text._ZN4mbed10TimerEventD0Ev
                0x00006014       0x1c ../common/native/mbed/TARGET_LPC1768/TOOLCHAIN_GCC_ARM\libmbed.a(TimerEvent.o)
                0x00006014                mbed::TimerEvent::~TimerEvent()
 .text._ZN4mbed10TimerEventC2Ev
                0x00006030       0x28 ../common/native/mbed/TARGET_LPC1768/TOOLCHAIN_GCC_ARM\libmbed.a(TimerEvent.o)
                0x00006030                mbed::TimerEvent::TimerEvent()
                0x00006030                mbed::TimerEvent::TimerEvent()
 .text._ZN4mbed10TimerEvent6insertEy
                0x00006058       0x14 ../common/native/mbed/TARGET_LPC1768/TOOLCHAIN_GCC_ARM\libmbed.a(TimerEvent.o)
                0x00006058                mbed::TimerEvent::insert(unsigned long long)
 .text._ZN4mbed10TimerEvent6removeEv
                0x0000606c        0x8 ../common/native/mbed/TARGET_LPC1768/TOOLCHAIN_GCC_ARM\libmbed.a(TimerEvent.o)
                0x0000606c                mbed::TimerEvent::remove()
 .text.mbed_assert_internal
                0x00006074       0x2c ../common/native/mbed/TARGET_LPC1768/TOOLCHAIN_GCC_ARM\libmbed.a(assert.o)
                0x00006074                mbed_assert_internal
 .text.error    0x000060a0       0x24 ../common/native/mbed/TARGET_LPC1768/TOOLCHAIN_GCC_ARM\libmbed.a(error.o)
                0x000060a0                error
 .text.exit     0x000060c4       0x30 ../common/native/mbed/TARGET_LPC1768/TOOLCHAIN_GCC_ARM\libmbed.a(exit.o)
                0x000060c4                exit
 .text.gpio_init_in
                0x000060f4       0x24 ../common/native/mbed/TARGET_LPC1768/TOOLCHAIN_GCC_ARM\libmbed.a(gpio.o)
                0x000060f4                gpio_init_in
 .text.gpio_init_out
                0x00006118       0x44 ../common/native/mbed/TARGET_LPC1768/TOOLCHAIN_GCC_ARM\libmbed.a(gpio.o)
                0x00006118                gpio_init_out
 .text.gpio_init_out_ex
                0x0000615c       0x54 ../common/native/mbed/TARGET_LPC1768/TOOLCHAIN_GCC_ARM\libmbed.a(gpio.o)
                0x0000615c                gpio_init_out_ex
 .text.mbed_interface_connected
                0x000061b0        0x4 ../common/native/mbed/TARGET_LPC1768/TOOLCHAIN_GCC_ARM\libmbed.a(mbed_interface.o)
                0x000061b0                mbed_interface_connected
 .text.pinmap_pinout
                0x000061b4       0x40 ../common/native/mbed/TARGET_LPC1768/TOOLCHAIN_GCC_ARM\libmbed.a(pinmap_common.o)
                0x000061b4                pinmap_pinout
 .text.pinmap_merge
                0x000061f4       0x24 ../common/native/mbed/TARGET_LPC1768/TOOLCHAIN_GCC_ARM\libmbed.a(pinmap_common.o)
                0x000061f4                pinmap_merge
 .text.pinmap_find_peripheral
                0x00006218       0x1c ../common/native/mbed/TARGET_LPC1768/TOOLCHAIN_GCC_ARM\libmbed.a(pinmap_common.o)
                0x00006218                pinmap_find_peripheral
 .text.pinmap_peripheral
                0x00006234       0x34 ../common/native/mbed/TARGET_LPC1768/TOOLCHAIN_GCC_ARM\libmbed.a(pinmap_common.o)
                0x00006234                pinmap_peripheral
 .text.semihost_exit
                0x00006268       0x18 ../common/native/mbed/TARGET_LPC1768/TOOLCHAIN_GCC_ARM\libmbed.a(semihost_api.o)
                0x00006268                semihost_exit
 .text.semihost_connected
                0x00006280       0x10 ../common/native/mbed/TARGET_LPC1768/TOOLCHAIN_GCC_ARM\libmbed.a(semihost_api.o)
                0x00006280                semihost_connected
 .text.us_ticker_set_handler
                0x00006290       0x14 ../common/native/mbed/TARGET_LPC1768/TOOLCHAIN_GCC_ARM\libmbed.a(us_ticker_api.o)
                0x00006290                us_ticker_set_handler
 .text.us_ticker_irq_handler
                0x000062a4       0x58 ../common/native/mbed/TARGET_LPC1768/TOOLCHAIN_GCC_ARM\libmbed.a(us_ticker_api.o)
                0x000062a4                us_ticker_irq_handler
 .text.us_ticker_insert_event
                0x000062fc       0x64 ../common/native/mbed/TARGET_LPC1768/TOOLCHAIN_GCC_ARM\libmbed.a(us_ticker_api.o)
                0x000062fc                us_ticker_insert_event
 .text.us_ticker_remove_event
                0x00006360       0x4c ../common/native/mbed/TARGET_LPC1768/TOOLCHAIN_GCC_ARM\libmbed.a(us_ticker_api.o)
                0x00006360                us_ticker_remove_event
 .text.wait_us  0x000063ac       0x18 ../common/native/mbed/TARGET_LPC1768/TOOLCHAIN_GCC_ARM\libmbed.a(wait_api.o)
                0x000063ac                wait_us
 .text.wait     0x000063c4       0x18 ../common/native/mbed/TARGET_LPC1768/TOOLCHAIN_GCC_ARM\libmbed.a(wait_api.o)
                0x000063c4                wait
 .text.wait_ms  0x000063dc        0xc ../common/native/mbed/TARGET_LPC1768/TOOLCHAIN_GCC_ARM\libmbed.a(wait_api.o)
                0x000063dc                wait_ms
 .text._ZN4mbed8FileBaseD2Ev
                0x000063e8       0x30 ../common/native/mbed/TARGET_LPC1768/TOOLCHAIN_GCC_ARM\libmbed.a(FileBase.o)
                0x000063e8                mbed::FileBase::~FileBase()
                0x000063e8                mbed::FileBase::~FileBase()
 .text._ZN4mbed8FileBaseD0Ev
                0x00006418       0x3c ../common/native/mbed/TARGET_LPC1768/TOOLCHAIN_GCC_ARM\libmbed.a(FileBase.o)
                0x00006418                mbed::FileBase::~FileBase()
 .text._ZN4mbed8FileBaseC2EPKcNS_8PathTypeE
                0x00006454       0x28 ../common/native/mbed/TARGET_LPC1768/TOOLCHAIN_GCC_ARM\libmbed.a(FileBase.o)
                0x00006454                mbed::FileBase::FileBase(char const*, mbed::PathType)
                0x00006454                mbed::FileBase::FileBase(char const*, mbed::PathType)
 .text._ZN4mbed8FileBase6lookupEPKcj
                0x0000647c       0x3c ../common/native/mbed/TARGET_LPC1768/TOOLCHAIN_GCC_ARM\libmbed.a(FileBase.o)
                0x0000647c                mbed::FileBase::lookup(char const*, unsigned int)
 .text._ZN4mbed8FileBase11getPathTypeEv
                0x000064b8        0x4 ../common/native/mbed/TARGET_LPC1768/TOOLCHAIN_GCC_ARM\libmbed.a(FileBase.o)
                0x000064b8                mbed::FileBase::getPathType()
 .text._ZN4mbed8FileLikeD2Ev
                0x000064bc       0x24 ../common/native/mbed/TARGET_LPC1768/TOOLCHAIN_GCC_ARM\libmbed.a(FileLike.o)
                0x000064bc                mbed::FileLike::~FileLike()
                0x000064bc                mbed::FileLike::~FileLike()
 .text._ZThn4_N4mbed8FileLikeD1Ev
                0x000064e0        0x8 ../common/native/mbed/TARGET_LPC1768/TOOLCHAIN_GCC_ARM\libmbed.a(FileLike.o)
                0x000064e0                non-virtual thunk to mbed::FileLike::~FileLike()
 .text._ZN4mbed8FileLikeD0Ev
                0x000064e8       0x2c ../common/native/mbed/TARGET_LPC1768/TOOLCHAIN_GCC_ARM\libmbed.a(FileLike.o)
                0x000064e8                mbed::FileLike::~FileLike()
 .text._ZThn4_N4mbed8FileLikeD0Ev
                0x00006514        0x8 ../common/native/mbed/TARGET_LPC1768/TOOLCHAIN_GCC_ARM\libmbed.a(FileLike.o)
                0x00006514                non-virtual thunk to mbed::FileLike::~FileLike()
 .text._ZN4mbed8FileLikeC2EPKc
                0x0000651c       0x28 ../common/native/mbed/TARGET_LPC1768/TOOLCHAIN_GCC_ARM\libmbed.a(FileLike.o)
                0x0000651c                mbed::FileLike::FileLike(char const*)
                0x0000651c                mbed::FileLike::FileLike(char const*)
 .text._Znwj    0x00006544       0x28 c:/program files (x86)/gnu tools arm embedded/4.8 2014q3/bin/../lib/gcc/arm-none-eabi/4.8.4/../../../../arm-none-eabi/lib/armv7-m\libstdc++_s.a(new_op.o)
                0x00006544                operator new(unsigned int)
 .text._ZdlPv   0x0000656c        0x8 c:/program files (x86)/gnu tools arm embedded/4.8 2014q3/bin/../lib/gcc/arm-none-eabi/4.8.4/../../../../arm-none-eabi/lib/armv7-m\libstdc++_s.a(del_op.o)
                0x0000656c                operator delete(void*)
 .text.__aeabi_atexit
                0x00006574        0xa c:/program files (x86)/gnu tools arm embedded/4.8 2014q3/bin/../lib/gcc/arm-none-eabi/4.8.4/../../../../arm-none-eabi/lib/armv7-m\libstdc++_s.a(atexit_arm.o)
                0x00006574                __aeabi_atexit
 .text.abort    0x0000657e        0xe c:/program files (x86)/gnu tools arm embedded/4.8 2014q3/bin/../lib/gcc/arm-none-eabi/4.8.4/../../../../arm-none-eabi/lib/armv7-m\libc_s.a(lib_a-abort.o)
                0x0000657e                abort
 .text.abs      0x0000658c        0x8 c:/program files (x86)/gnu tools arm embedded/4.8 2014q3/bin/../lib/gcc/arm-none-eabi/4.8.4/../../../../arm-none-eabi/lib/armv7-m\libc_s.a(lib_a-abs.o)
                0x0000658c                abs
 .text.atexit   0x00006594        0xc c:/program files (x86)/gnu tools arm embedded/4.8 2014q3/bin/../lib/gcc/arm-none-eabi/4.8.4/../../../../arm-none-eabi/lib/armv7-m\libc_s.a(lib_a-atexit.o)
                0x00006594                atexit
 .text.__cxa_atexit
                0x000065a0       0x20 c:/program files (x86)/gnu tools arm embedded/4.8 2014q3/bin/../lib/gcc/arm-none-eabi/4.8.4/../../../../arm-none-eabi/lib/armv7-m\libc_s.a(lib_a-cxa_atexit.o)
                0x000065a0                __cxa_atexit
 .text.__errno  0x000065c0        0xc c:/program files (x86)/gnu tools arm embedded/4.8 2014q3/bin/../lib/gcc/arm-none-eabi/4.8.4/../../../../arm-none-eabi/lib/armv7-m\libc_s.a(lib_a-errno.o)
                0x000065c0                __errno
 .text._fclose_r
                0x000065cc       0xa4 c:/program files (x86)/gnu tools arm embedded/4.8 2014q3/bin/../lib/gcc/arm-none-eabi/4.8.4/../../../../arm-none-eabi/lib/armv7-m\libc_s.a(lib_a-fclose.o)
                0x000065cc                _fclose_r
 .text.fclose   0x00006670       0x10 c:/program files (x86)/gnu tools arm embedded/4.8 2014q3/bin/../lib/gcc/arm-none-eabi/4.8.4/../../../../arm-none-eabi/lib/armv7-m\libc_s.a(lib_a-fclose.o)
                0x00006670                fclose
 .text.__sflush_r
                0x00006680      0x106 c:/program files (x86)/gnu tools arm embedded/4.8 2014q3/bin/../lib/gcc/arm-none-eabi/4.8.4/../../../../arm-none-eabi/lib/armv7-m\libc_s.a(lib_a-fflush.o)
                0x00006680                __sflush_r
 *fill*         0x00006786        0x2 
 .text._fflush_r
                0x00006788       0x54 c:/program files (x86)/gnu tools arm embedded/4.8 2014q3/bin/../lib/gcc/arm-none-eabi/4.8.4/../../../../arm-none-eabi/lib/armv7-m\libc_s.a(lib_a-fflush.o)
                0x00006788                _fflush_r
 .text.fflush   0x000067dc       0x24 c:/program files (x86)/gnu tools arm embedded/4.8 2014q3/bin/../lib/gcc/arm-none-eabi/4.8.4/../../../../arm-none-eabi/lib/armv7-m\libc_s.a(lib_a-fflush.o)
                0x000067dc                fflush
 .text._fgetc_r
                0x00006800       0x58 c:/program files (x86)/gnu tools arm embedded/4.8 2014q3/bin/../lib/gcc/arm-none-eabi/4.8.4/../../../../arm-none-eabi/lib/armv7-m\libc_s.a(lib_a-fgetc.o)
                0x00006800                _fgetc_r
 .text.fgetc    0x00006858       0x10 c:/program files (x86)/gnu tools arm embedded/4.8 2014q3/bin/../lib/gcc/arm-none-eabi/4.8.4/../../../../arm-none-eabi/lib/armv7-m\libc_s.a(lib_a-fgetc.o)
                0x00006858                fgetc
 .text._cleanup_r
                0x00006868       0x32 c:/program files (x86)/gnu tools arm embedded/4.8 2014q3/bin/../lib/gcc/arm-none-eabi/4.8.4/../../../../arm-none-eabi/lib/armv7-m\libc_s.a(lib_a-findfp.o)
                0x00006868                _cleanup_r
 *fill*         0x0000689a        0x2 
 .text.std.isra.0
                0x0000689c       0x48 c:/program files (x86)/gnu tools arm embedded/4.8 2014q3/bin/../lib/gcc/arm-none-eabi/4.8.4/../../../../arm-none-eabi/lib/armv7-m\libc_s.a(lib_a-findfp.o)
 .text.__sfmoreglue
                0x000068e4       0x2c c:/program files (x86)/gnu tools arm embedded/4.8 2014q3/bin/../lib/gcc/arm-none-eabi/4.8.4/../../../../arm-none-eabi/lib/armv7-m\libc_s.a(lib_a-findfp.o)
                0x000068e4                __sfmoreglue
 .text.__sinit  0x00006910       0x60 c:/program files (x86)/gnu tools arm embedded/4.8 2014q3/bin/../lib/gcc/arm-none-eabi/4.8.4/../../../../arm-none-eabi/lib/armv7-m\libc_s.a(lib_a-findfp.o)
                0x00006910                __sinit
 .text.__sfp    0x00006970       0x74 c:/program files (x86)/gnu tools arm embedded/4.8 2014q3/bin/../lib/gcc/arm-none-eabi/4.8.4/../../../../arm-none-eabi/lib/armv7-m\libc_s.a(lib_a-findfp.o)
                0x00006970                __sfp
 .text.__sfp_lock_acquire
                0x000069e4        0x2 c:/program files (x86)/gnu tools arm embedded/4.8 2014q3/bin/../lib/gcc/arm-none-eabi/4.8.4/../../../../arm-none-eabi/lib/armv7-m\libc_s.a(lib_a-findfp.o)
                0x000069e4                __sfp_lock_acquire
 .text.__sfp_lock_release
                0x000069e6        0x2 c:/program files (x86)/gnu tools arm embedded/4.8 2014q3/bin/../lib/gcc/arm-none-eabi/4.8.4/../../../../arm-none-eabi/lib/armv7-m\libc_s.a(lib_a-findfp.o)
                0x000069e6                __sfp_lock_release
 .text.__libc_fini_array
                0x000069e8       0x2c c:/program files (x86)/gnu tools arm embedded/4.8 2014q3/bin/../lib/gcc/arm-none-eabi/4.8.4/../../../../arm-none-eabi/lib/armv7-m\libc_s.a(lib_a-fini.o)
                0x000069e8                __libc_fini_array
 .text._fopen_r
                0x00006a14       0x80 c:/program files (x86)/gnu tools arm embedded/4.8 2014q3/bin/../lib/gcc/arm-none-eabi/4.8.4/../../../../arm-none-eabi/lib/armv7-m\libc_s.a(lib_a-fopen.o)
                0x00006a14                _fopen_r
 .text.fopen    0x00006a94       0x14 c:/program files (x86)/gnu tools arm embedded/4.8 2014q3/bin/../lib/gcc/arm-none-eabi/4.8.4/../../../../arm-none-eabi/lib/armv7-m\libc_s.a(lib_a-fopen.o)
                0x00006a94                fopen
 .text.fprintf  0x00006aa8       0x24 c:/program files (x86)/gnu tools arm embedded/4.8 2014q3/bin/../lib/gcc/arm-none-eabi/4.8.4/../../../../arm-none-eabi/lib/armv7-m\libc_s.a(lib_a-fprintf.o)
                0x00006aa8                fiprintf
                0x00006aa8                fprintf
 .text._fseek_r
                0x00006acc        0x4 c:/program files (x86)/gnu tools arm embedded/4.8 2014q3/bin/../lib/gcc/arm-none-eabi/4.8.4/../../../../arm-none-eabi/lib/armv7-m\libc_s.a(lib_a-fseek.o)
                0x00006acc                _fseek_r
 .text._fseeko_r
                0x00006ad0      0x11c c:/program files (x86)/gnu tools arm embedded/4.8 2014q3/bin/../lib/gcc/arm-none-eabi/4.8.4/../../../../arm-none-eabi/lib/armv7-m\libc_s.a(lib_a-fseeko.o)
                0x00006ad0                _fseeko_r
 .text._fwalk   0x00006bec       0x38 c:/program files (x86)/gnu tools arm embedded/4.8 2014q3/bin/../lib/gcc/arm-none-eabi/4.8.4/../../../../arm-none-eabi/lib/armv7-m\libc_s.a(lib_a-fwalk.o)
                0x00006bec                _fwalk
 .text._fwalk_reent
                0x00006c24       0x3c c:/program files (x86)/gnu tools arm embedded/4.8 2014q3/bin/../lib/gcc/arm-none-eabi/4.8.4/../../../../arm-none-eabi/lib/armv7-m\libc_s.a(lib_a-fwalk.o)
                0x00006c24                _fwalk_reent
 .text.__libc_init_array
                0x00006c60       0x4c c:/program files (x86)/gnu tools arm embedded/4.8 2014q3/bin/../lib/gcc/arm-none-eabi/4.8.4/../../../../arm-none-eabi/lib/armv7-m\libc_s.a(lib_a-init.o)
                0x00006c60                __libc_init_array
 .text.__smakebuf_r
                0x00006cac       0x98 c:/program files (x86)/gnu tools arm embedded/4.8 2014q3/bin/../lib/gcc/arm-none-eabi/4.8.4/../../../../arm-none-eabi/lib/armv7-m\libc_s.a(lib_a-makebuf.o)
                0x00006cac                __smakebuf_r
 .text.malloc   0x00006d44       0x10 c:/program files (x86)/gnu tools arm embedded/4.8 2014q3/bin/../lib/gcc/arm-none-eabi/4.8.4/../../../../arm-none-eabi/lib/armv7-m\libc_s.a(lib_a-malloc.o)
                0x00006d44                malloc
 .text.free     0x00006d54       0x10 c:/program files (x86)/gnu tools arm embedded/4.8 2014q3/bin/../lib/gcc/arm-none-eabi/4.8.4/../../../../arm-none-eabi/lib/armv7-m\libc_s.a(lib_a-malloc.o)
                0x00006d54                free
 .text.memchr   0x00006d64       0x1c c:/program files (x86)/gnu tools arm embedded/4.8 2014q3/bin/../lib/gcc/arm-none-eabi/4.8.4/../../../../arm-none-eabi/lib/armv7-m\libc_s.a(lib_a-memchr-stub.o)
                0x00006d64                memchr
 .text.memcpy   0x00006d80       0x12 c:/program files (x86)/gnu tools arm embedded/4.8 2014q3/bin/../lib/gcc/arm-none-eabi/4.8.4/../../../../arm-none-eabi/lib/armv7-m\libc_s.a(lib_a-memcpy-stub.o)
                0x00006d80                memcpy
 .text.memset   0x00006d92       0x10 c:/program files (x86)/gnu tools arm embedded/4.8 2014q3/bin/../lib/gcc/arm-none-eabi/4.8.4/../../../../arm-none-eabi/lib/armv7-m\libc_s.a(lib_a-memset.o)
                0x00006d92                memset
 *fill*         0x00006da2        0x2 
 .text._free_r  0x00006da4       0x88 c:/program files (x86)/gnu tools arm embedded/4.8 2014q3/bin/../lib/gcc/arm-none-eabi/4.8.4/../../../../arm-none-eabi/lib/armv7-m\libc_s.a(lib_a-nano-freer.o)
                0x00006da4                _free_r
 .text._malloc_r
                0x00006e2c       0xa8 c:/program files (x86)/gnu tools arm embedded/4.8 2014q3/bin/../lib/gcc/arm-none-eabi/4.8.4/../../../../arm-none-eabi/lib/armv7-m\libc_s.a(lib_a-nano-mallocr.o)
                0x00006e2c                _malloc_r
 .text._open_r  0x00006ed4       0x24 c:/program files (x86)/gnu tools arm embedded/4.8 2014q3/bin/../lib/gcc/arm-none-eabi/4.8.4/../../../../arm-none-eabi/lib/armv7-m\libc_s.a(lib_a-openr.o)
                0x00006ed4                _open_r
 .text.lflush   0x00006ef8       0x12 c:/program files (x86)/gnu tools arm embedded/4.8 2014q3/bin/../lib/gcc/arm-none-eabi/4.8.4/../../../../arm-none-eabi/lib/armv7-m\libc_s.a(lib_a-refill.o)
 *fill*         0x00006f0a        0x2 
 .text.__srefill_r
                0x00006f0c      0x10c c:/program files (x86)/gnu tools arm embedded/4.8 2014q3/bin/../lib/gcc/arm-none-eabi/4.8.4/../../../../arm-none-eabi/lib/armv7-m\libc_s.a(lib_a-refill.o)
                0x00006f0c                __srefill_r
 .text.__srget_r
                0x00007018       0x58 c:/program files (x86)/gnu tools arm embedded/4.8 2014q3/bin/../lib/gcc/arm-none-eabi/4.8.4/../../../../arm-none-eabi/lib/armv7-m\libc_s.a(lib_a-rget.o)
                0x00007018                __srget_r
 .text._sbrk_r  0x00007070       0x20 c:/program files (x86)/gnu tools arm embedded/4.8 2014q3/bin/../lib/gcc/arm-none-eabi/4.8.4/../../../../arm-none-eabi/lib/armv7-m\libc_s.a(lib_a-sbrkr.o)
                0x00007070                _sbrk_r
 .text.setbuf   0x00007090       0x10 c:/program files (x86)/gnu tools arm embedded/4.8 2014q3/bin/../lib/gcc/arm-none-eabi/4.8.4/../../../../arm-none-eabi/lib/armv7-m\libc_s.a(lib_a-setbuf.o)
                0x00007090                setbuf
 .text.setvbuf  0x000070a0      0x110 c:/program files (x86)/gnu tools arm embedded/4.8 2014q3/bin/../lib/gcc/arm-none-eabi/4.8.4/../../../../arm-none-eabi/lib/armv7-m\libc_s.a(lib_a-setvbuf.o)
                0x000070a0                setvbuf
 .text._raise_r
                0x000071b0       0x50 c:/program files (x86)/gnu tools arm embedded/4.8 2014q3/bin/../lib/gcc/arm-none-eabi/4.8.4/../../../../arm-none-eabi/lib/armv7-m\libc_s.a(lib_a-signal.o)
                0x000071b0                _raise_r
 .text.raise    0x00007200       0x10 c:/program files (x86)/gnu tools arm embedded/4.8 2014q3/bin/../lib/gcc/arm-none-eabi/4.8.4/../../../../arm-none-eabi/lib/armv7-m\libc_s.a(lib_a-signal.o)
                0x00007200                raise
 .text._kill_r  0x00007210       0x24 c:/program files (x86)/gnu tools arm embedded/4.8 2014q3/bin/../lib/gcc/arm-none-eabi/4.8.4/../../../../arm-none-eabi/lib/armv7-m\libc_s.a(lib_a-signalr.o)
                0x00007210                _kill_r
 .text._getpid_r
                0x00007234        0x4 c:/program files (x86)/gnu tools arm embedded/4.8 2014q3/bin/../lib/gcc/arm-none-eabi/4.8.4/../../../../arm-none-eabi/lib/armv7-m\libc_s.a(lib_a-signalr.o)
                0x00007234                _getpid_r
 .text.sprintf  0x00007238       0x48 c:/program files (x86)/gnu tools arm embedded/4.8 2014q3/bin/../lib/gcc/arm-none-eabi/4.8.4/../../../../arm-none-eabi/lib/armv7-m\libc_s.a(lib_a-sprintf.o)
                0x00007238                siprintf
                0x00007238                sprintf
 .text.sscanf   0x00007280       0x54 c:/program files (x86)/gnu tools arm embedded/4.8 2014q3/bin/../lib/gcc/arm-none-eabi/4.8.4/../../../../arm-none-eabi/lib/armv7-m\libc_s.a(lib_a-sscanf.o)
                0x00007280                siscanf
                0x00007280                sscanf
 .text.__sread  0x000072d4       0x22 c:/program files (x86)/gnu tools arm embedded/4.8 2014q3/bin/../lib/gcc/arm-none-eabi/4.8.4/../../../../arm-none-eabi/lib/armv7-m\libc_s.a(lib_a-stdio.o)
                0x000072d4                __sread
 .text.__seofread
                0x000072f6        0x4 c:/program files (x86)/gnu tools arm embedded/4.8 2014q3/bin/../lib/gcc/arm-none-eabi/4.8.4/../../../../arm-none-eabi/lib/armv7-m\libc_s.a(lib_a-stdio.o)
                0x000072f6                __seofread
 .text.__swrite
                0x000072fa       0x38 c:/program files (x86)/gnu tools arm embedded/4.8 2014q3/bin/../lib/gcc/arm-none-eabi/4.8.4/../../../../arm-none-eabi/lib/armv7-m\libc_s.a(lib_a-stdio.o)
                0x000072fa                __swrite
 .text.__sseek  0x00007332       0x24 c:/program files (x86)/gnu tools arm embedded/4.8 2014q3/bin/../lib/gcc/arm-none-eabi/4.8.4/../../../../arm-none-eabi/lib/armv7-m\libc_s.a(lib_a-stdio.o)
                0x00007332                __sseek
 .text.__sclose
                0x00007356        0x8 c:/program files (x86)/gnu tools arm embedded/4.8 2014q3/bin/../lib/gcc/arm-none-eabi/4.8.4/../../../../arm-none-eabi/lib/armv7-m\libc_s.a(lib_a-stdio.o)
                0x00007356                __sclose
 .text          0x0000735e       0x14 c:/program files (x86)/gnu tools arm embedded/4.8 2014q3/bin/../lib/gcc/arm-none-eabi/4.8.4/../../../../arm-none-eabi/lib/armv7-m\libc_s.a(lib_a-strcmp.o)
                0x0000735e                strcmp
 .text.strlen   0x00007372       0x10 c:/program files (x86)/gnu tools arm embedded/4.8 2014q3/bin/../lib/gcc/arm-none-eabi/4.8.4/../../../../arm-none-eabi/lib/armv7-m\libc_s.a(lib_a-strlen.o)
                0x00007372                strlen
 .text.strncmp  0x00007382       0x2c c:/program files (x86)/gnu tools arm embedded/4.8 2014q3/bin/../lib/gcc/arm-none-eabi/4.8.4/../../../../arm-none-eabi/lib/armv7-m\libc_s.a(lib_a-strncmp.o)
                0x00007382                strncmp
 .text.__ssputs_r
                0x000073ae       0xb8 c:/program files (x86)/gnu tools arm embedded/4.8 2014q3/bin/../lib/gcc/arm-none-eabi/4.8.4/../../../../arm-none-eabi/lib/armv7-m\libc_s.a(lib_a-svfprintf.o)
                0x000073ae                __ssputs_r
 *fill*         0x00007466        0x2 
 .text._svfprintf_r
                0x00007468      0x1d8 c:/program files (x86)/gnu tools arm embedded/4.8 2014q3/bin/../lib/gcc/arm-none-eabi/4.8.4/../../../../arm-none-eabi/lib/armv7-m\libc_s.a(lib_a-svfprintf.o)
                0x00007468                _svfiprintf_r
                0x00007468                _svfprintf_r
 .text._sungetc_r
                0x00007640       0x7a c:/program files (x86)/gnu tools arm embedded/4.8 2014q3/bin/../lib/gcc/arm-none-eabi/4.8.4/../../../../arm-none-eabi/lib/armv7-m\libc_s.a(lib_a-svfscanf.o)
                0x00007640                _sungetc_r
 .text.__ssrefill_r
                0x000076ba       0x3a c:/program files (x86)/gnu tools arm embedded/4.8 2014q3/bin/../lib/gcc/arm-none-eabi/4.8.4/../../../../arm-none-eabi/lib/armv7-m\libc_s.a(lib_a-svfscanf.o)
                0x000076ba                __ssrefill_r
 .text.__ssvfscanf_r
                0x000076f4      0x29c c:/program files (x86)/gnu tools arm embedded/4.8 2014q3/bin/../lib/gcc/arm-none-eabi/4.8.4/../../../../arm-none-eabi/lib/armv7-m\libc_s.a(lib_a-svfscanf.o)
                0x000076f4                __ssvfiscanf_r
                0x000076f4                __ssvfscanf_r
 .text.__submore
                0x00007990       0x72 c:/program files (x86)/gnu tools arm embedded/4.8 2014q3/bin/../lib/gcc/arm-none-eabi/4.8.4/../../../../arm-none-eabi/lib/armv7-m\libc_s.a(lib_a-ungetc.o)
                0x00007990                __submore
 .text.__sfputc_r
                0x00007a02       0x2c c:/program files (x86)/gnu tools arm embedded/4.8 2014q3/bin/../lib/gcc/arm-none-eabi/4.8.4/../../../../arm-none-eabi/lib/armv7-m\libc_s.a(lib_a-vfprintf.o)
 .text.__sfputs_r
                0x00007a2e       0x24 c:/program files (x86)/gnu tools arm embedded/4.8 2014q3/bin/../lib/gcc/arm-none-eabi/4.8.4/../../../../arm-none-eabi/lib/armv7-m\libc_s.a(lib_a-vfprintf.o)
                0x00007a2e                __sfputs_r