Archive member included because of file (symbol)

../common/native/mbed/TARGET_LPC1768/TOOLCHAIN_GCC_ARM\libmbed.a(gpio_api.o)
                              main.o (gpio_mode)
../common/native/mbed/TARGET_LPC1768/TOOLCHAIN_GCC_ARM\libmbed.a(gpio_irq_api.o)
                              main.o (gpio_irq_init)
../common/native/mbed/TARGET_LPC1768/TOOLCHAIN_GCC_ARM\libmbed.a(pinmap.o)
                              ../common/native/mbed/TARGET_LPC1768/TOOLCHAIN_GCC_ARM\libmbed.a(gpio_api.o) (pin_function)
../common/native/mbed/TARGET_LPC1768/TOOLCHAIN_GCC_ARM\libmbed.a(serial_api.o)
                              ../common/native/mbed/TARGET_LPC1768/TOOLCHAIN_GCC_ARM/retarget.o (serial_getc)
../common/native/mbed/TARGET_LPC1768/TOOLCHAIN_GCC_ARM\libmbed.a(us_ticker.o)
                              main.o (us_ticker_read)
../common/native/mbed/TARGET_LPC1768/TOOLCHAIN_GCC_ARM\libmbed.a(BusOut.o)
                              main.o (mbed::BusOut::~BusOut())
../common/native/mbed/TARGET_LPC1768/TOOLCHAIN_GCC_ARM\libmbed.a(FilePath.o)
                              ../common/native/mbed/TARGET_LPC1768/TOOLCHAIN_GCC_ARM/retarget.o (mbed::FilePath::FilePath(char const*))
../common/native/mbed/TARGET_LPC1768/TOOLCHAIN_GCC_ARM\libmbed.a(FileSystemLike.o)
                              ../common/native/mbed/TARGET_LPC1768/TOOLCHAIN_GCC_ARM/retarget.o (mbed::FileSystemLike::opendir())
../common/native/mbed/TARGET_LPC1768/TOOLCHAIN_GCC_ARM\libmbed.a(FunctionPointer.o)
                              main.o (mbed::FunctionPointer::FunctionPointer(void (*)()))
../common/native/mbed/TARGET_LPC1768/TOOLCHAIN_GCC_ARM\libmbed.a(Serial.o)
                              main.o (mbed::Serial::Serial(PinName, PinName, char const*))
../common/native/mbed/TARGET_LPC1768/TOOLCHAIN_GCC_ARM\libmbed.a(SerialBase.o)
                              ../common/native/mbed/TARGET_LPC1768/TOOLCHAIN_GCC_ARM\libmbed.a(Serial.o) (mbed::SerialBase::SerialBase(PinName, PinName))
../common/native/mbed/TARGET_LPC1768/TOOLCHAIN_GCC_ARM\libmbed.a(Stream.o)
                              ../common/native/TextLCD/TextLCD.o (mbed::Stream::close())
../common/native/mbed/TARGET_LPC1768/TOOLCHAIN_GCC_ARM\libmbed.a(Ticker.o)
                              main.o (mbed::Ticker::detach())
../common/native/mbed/TARGET_LPC1768/TOOLCHAIN_GCC_ARM\libmbed.a(Timer.o)
                              main.o (mbed::Timer::Timer())
../common/native/mbed/TARGET_LPC1768/TOOLCHAIN_GCC_ARM\libmbed.a(TimerEvent.o)
                              main.o (mbed::TimerEvent::~TimerEvent())
../common/native/mbed/TARGET_LPC1768/TOOLCHAIN_GCC_ARM\libmbed.a(assert.o)
                              main.o (mbed_assert_internal)
../common/native/mbed/TARGET_LPC1768/TOOLCHAIN_GCC_ARM\libmbed.a(error.o)
                              main.o (error)
../common/native/mbed/TARGET_LPC1768/TOOLCHAIN_GCC_ARM\libmbed.a(exit.o)
                              c:/program files (x86)/gnu tools arm embedded/4.8 2014q3/bin/../lib/gcc/arm-none-eabi/4.8.4/../../../../arm-none-eabi/lib/armv7-m/crt0.o (exit)
../common/native/mbed/TARGET_LPC1768/TOOLCHAIN_GCC_ARM\libmbed.a(gpio.o)
                              main.o (gpio_init_in)
../common/native/mbed/TARGET_LPC1768/TOOLCHAIN_GCC_ARM\libmbed.a(mbed_interface.o)
                              ../common/native/mbed/TARGET_LPC1768/TOOLCHAIN_GCC_ARM\libmbed.a(exit.o) (mbed_interface_connected)
../common/native/mbed/TARGET_LPC1768/TOOLCHAIN_GCC_ARM\libmbed.a(pinmap_common.o)
                              ../common/native/mbed/TARGET_LPC1768/TOOLCHAIN_GCC_ARM\libmbed.a(serial_api.o) (pinmap_pinout)
../common/native/mbed/TARGET_LPC1768/TOOLCHAIN_GCC_ARM\libmbed.a(semihost_api.o)
                              ../common/native/mbed/TARGET_LPC1768/TOOLCHAIN_GCC_ARM\libmbed.a(exit.o) (semihost_exit)
../common/native/mbed/TARGET_LPC1768/TOOLCHAIN_GCC_ARM\libmbed.a(us_ticker_api.o)
                              ../common/native/mbed/TARGET_LPC1768/TOOLCHAIN_GCC_ARM\libmbed.a(TimerEvent.o) (us_ticker_set_handler)
../common/native/mbed/TARGET_LPC1768/TOOLCHAIN_GCC_ARM\libmbed.a(wait_api.o)
                              ../common/native/mbed/TARGET_LPC1768/TOOLCHAIN_GCC_ARM\libmbed.a(SerialBase.o) (wait_us)
../common/native/mbed/TARGET_LPC1768/TOOLCHAIN_GCC_ARM\libmbed.a(FileBase.o)
                              ../common/native/mbed/TARGET_LPC1768/TOOLCHAIN_GCC_ARM\libmbed.a(FileSystemLike.o) (mbed::FileBase::~FileBase())
../common/native/mbed/TARGET_LPC1768/TOOLCHAIN_GCC_ARM\libmbed.a(FileLike.o)
                              ../common/native/mbed/TARGET_LPC1768/TOOLCHAIN_GCC_ARM\libmbed.a(Stream.o) (mbed::FileLike::~FileLike())
c:/program files (x86)/gnu tools arm embedded/4.8 2014q3/bin/../lib/gcc/arm-none-eabi/4.8.4/../../../../arm-none-eabi/lib/armv7-m\libstdc++_s.a(new_op.o)
                              ../common/native/mbed/TARGET_LPC1768/TOOLCHAIN_GCC_ARM\libmbed.a(BusOut.o) (operator new(unsigned int))
[...]
Memory Configuration

Name             Origin             Length             Attributes
FLASH            0x00000000         0x00080000         xr
RAM              0x100000c8         0x00007f38         xrw
USB_RAM          0x2007c000         0x00004000         xrw
ETH_RAM          0x20080000         0x00004000         xrw
*default*        0x00000000         0xffffffff

Linker script and memory map

LOAD c:/program files (x86)/gnu tools arm embedded/4.8 2014q3/bin/../lib/gcc/arm-none-eabi/4.8.4/armv7-m/crti.o
LOAD c:/program files (x86)/gnu tools arm embedded/4.8 2014q3/bin/../lib/gcc/arm-none-eabi/4.8.4/armv7-m/crtbegin.o
LOAD c:/program files (x86)/gnu tools arm embedded/4.8 2014q3/bin/../lib/gcc/arm-none-eabi/4.8.4/../../../../arm-none-eabi/lib/armv7-m/crt0.o
LOAD main.o
LOAD ../common/native/mbed/TARGET_LPC1768/TOOLCHAIN_GCC_ARM/cmsis_nvic.o
LOAD ../common/native/mbed/TARGET_LPC1768/TOOLCHAIN_GCC_ARM/system_LPC17xx.o
LOAD ../common/native/mbed/TARGET_LPC1768/TOOLCHAIN_GCC_ARM/board.o
LOAD ../common/native/mbed/TARGET_LPC1768/TOOLCHAIN_GCC_ARM/retarget.o
LOAD ../common/native/mbed/TARGET_LPC1768/TOOLCHAIN_GCC_ARM/startup_LPC17xx.o
LOAD ../common/native/mbed-rtos/rtx/TARGET_CORTEX_M/TARGET_M3/TOOLCHAIN_GCC/HAL_CM3.o
LOAD ../common/native/mbed-rtos/rtx/TARGET_CORTEX_M/TARGET_M3/TOOLCHAIN_GCC/SVC_Table.o
LOAD ../common/native/mbed-rtos/rtx/TARGET_CORTEX_M/rt_Task.o
LOAD ../common/native/mbed-rtos/rtx/TARGET_CORTEX_M/rt_MemBox.o
LOAD ../common/native/mbed-rtos/rtx/TARGET_CORTEX_M/rt_Robin.o
LOAD ../common/native/mbed-rtos/rtx/TARGET_CORTEX_M/rt_Mailbox.o
LOAD ../common/native/mbed-rtos/rtx/TARGET_CORTEX_M/rt_System.o
LOAD ../common/native/mbed-rtos/rtx/TARGET_CORTEX_M/rt_CMSIS.o
LOAD ../common/native/mbed-rtos/rtx/TARGET_CORTEX_M/rt_Event.o
LOAD ../common/native/mbed-rtos/rtx/TARGET_CORTEX_M/rt_Semaphore.o
LOAD ../common/native/mbed-rtos/rtx/TARGET_CORTEX_M/RTX_Conf_CM.o
LOAD ../common/native/mbed-rtos/rtx/TARGET_CORTEX_M/rt_Time.o
LOAD ../common/native/mbed-rtos/rtx/TARGET_CORTEX_M/rt_Mutex.o
LOAD ../common/native/mbed-rtos/rtx/TARGET_CORTEX_M/rt_List.o
LOAD ../common/native/mbed-rtos/rtx/TARGET_CORTEX_M/HAL_CM.o
LOAD ../common/native/mbed-rtos/rtos/RtosTimer.o
LOAD ../common/native/mbed-rtos/rtos/Thread.o
LOAD ../common/native/mbed-rtos/rtos/Mutex.o
LOAD ../common/native/mbed-rtos/rtos/Semaphore.o
LOAD ../common/native/TextLCD/TextLCD.o
LOAD ../common/native/mbed/TARGET_LPC1768/TOOLCHAIN_GCC_ARM\libmbed.a
LOAD c:/program files (x86)/gnu tools arm embedded/4.8 2014q3/bin/../lib/gcc/arm-none-eabi/4.8.4/../../../../arm-none-eabi/lib/armv7-m\libstdc++_s.a
LOAD c:/program files (x86)/gnu tools arm embedded/4.8 2014q3/bin/../lib/gcc/arm-none-eabi/4.8.4/../../../../arm-none-eabi/lib/armv7-m\libsupc++_s.a
LOAD c:/program files (x86)/gnu tools arm embedded/4.8 2014q3/bin/../lib/gcc/arm-none-eabi/4.8.4/../../../../arm-none-eabi/lib/armv7-m\libm.a
LOAD c:/program files (x86)/gnu tools arm embedded/4.8 2014q3/bin/../lib/gcc/arm-none-eabi/4.8.4/../../../../arm-none-eabi/lib/armv7-m\libc_s.a
LOAD c:/program files (x86)/gnu tools arm embedded/4.8 2014q3/bin/../lib/gcc/arm-none-eabi/4.8.4/armv7-m\libgcc.a
LOAD c:/program files (x86)/gnu tools arm embedded/4.8 2014q3/bin/../lib/gcc/arm-none-eabi/4.8.4/../../../../arm-none-eabi/lib/armv7-m\libnosys.a
LOAD ../common/native/mbed/TARGET_LPC1768/TOOLCHAIN_GCC_ARM\libmbed.a
LOAD c:/program files (x86)/gnu tools arm embedded/4.8 2014q3/bin/../lib/gcc/arm-none-eabi/4.8.4/../../../../arm-none-eabi/lib/armv7-m\libstdc++_s.a
LOAD c:/program files (x86)/gnu tools arm embedded/4.8 2014q3/bin/../lib/gcc/arm-none-eabi/4.8.4/../../../../arm-none-eabi/lib/armv7-m\libsupc++_s.a
LOAD c:/program files (x86)/gnu tools arm embedded/4.8 2014q3/bin/../lib/gcc/arm-none-eabi/4.8.4/../../../../arm-none-eabi/lib/armv7-m\libm.a
LOAD c:/program files (x86)/gnu tools arm embedded/4.8 2014q3/bin/../lib/gcc/arm-none-eabi/4.8.4/../../../../arm-none-eabi/lib/armv7-m\libc_s.a
LOAD c:/program files (x86)/gnu tools arm embedded/4.8 2014q3/bin/../lib/gcc/arm-none-eabi/4.8.4/armv7-m\libgcc.a
LOAD c:/program files (x86)/gnu tools arm embedded/4.8 2014q3/bin/../lib/gcc/arm-none-eabi/4.8.4/../../../../arm-none-eabi/lib/armv7-m\libnosys.a
START GROUP
LOAD c:/program files (x86)/gnu tools arm embedded/4.8 2014q3/bin/../lib/gcc/arm-none-eabi/4.8.4/armv7-m\libgcc.a
LOAD c:/program files (x86)/gnu tools arm embedded/4.8 2014q3/bin/../lib/gcc/arm-none-eabi/4.8.4/../../../../arm-none-eabi/lib/armv7-m\libc_s.a
END GROUP
START GROUP
LOAD c:/program files (x86)/gnu tools arm embedded/4.8 2014q3/bin/../lib/gcc/arm-none-eabi/4.8.4/armv7-m\libgcc.a
LOAD c:/program files (x86)/gnu tools arm embedded/4.8 2014q3/bin/../lib/gcc/arm-none-eabi/4.8.4/../../../../arm-none-eabi/lib/armv7-m\libc_s.a
END GROUP
LOAD c:/program files (x86)/gnu tools arm embedded/4.8 2014q3/bin/../lib/gcc/arm-none-eabi/4.8.4/armv7-m/crtend.o
LOAD c:/program files (x86)/gnu tools arm embedded/4.8 2014q3/bin/../lib/gcc/arm-none-eabi/4.8.4/armv7-m/crtn.o

.text           0x00000000     0xe1f4
 *(.isr_vector)
 .isr_vector    0x00000000       0xcc ../common/native/mbed/TARGET_LPC1768/TOOLCHAIN_GCC_ARM/startup_LPC17xx.o
                0x00000000                __isr_vector
 *(.text*)
 .text          0x000000cc       0x54 c:/program files (x86)/gnu tools arm embedded/4.8 2014q3/bin/../lib/gcc/arm-none-eabi/4.8.4/armv7-m/crtbegin.o
 .text          0x00000120       0x74 c:/program files (x86)/gnu tools arm embedded/4.8 2014q3/bin/../lib/gcc/arm-none-eabi/4.8.4/../../../../arm-none-eabi/lib/armv7-m/crt0.o
                0x00000120                _start
                0x00000120                _mainCRTStartup
 .text.gpio_write
                0x00000194       0x48 main.o
 .text.gpio_read
                0x000001dc       0x40 main.o
 .text._ZN4mbed9DigitalInC2E7PinName
                0x0000021c       0x40 main.o
                0x0000021c                mbed::DigitalIn::DigitalIn(PinName)
                0x0000021c                mbed::DigitalIn::DigitalIn(PinName)
 .text._ZN4mbed9DigitalIn4readEv
                0x0000025c       0x18 main.o
                0x0000025c                mbed::DigitalIn::read()
 .text._ZN4mbed10SerialBaseD2Ev
                0x00000274       0x28 main.o
                0x00000274                mbed::SerialBase::~SerialBase()
                0x00000274                mbed::SerialBase::~SerialBase()
 .text._ZN4mbed10SerialBaseD0Ev
                0x0000029c       0x1c main.o
                0x0000029c                mbed::SerialBase::~SerialBase()
 .text._ZN4mbed6Ticker9attach_usEPFvvEy
                0x000002b8       0x28 main.o
                0x000002b8                mbed::Ticker::attach_us(void (*)(), unsigned long long)
 .text._ZN4mbed6TickerD2Ev
                0x000002e0       0x34 main.o
                0x000002e0                mbed::Ticker::~Ticker()
                0x000002e0                mbed::Ticker::~Ticker()
 .text._ZN4mbed6TickerD0Ev
                0x00000314       0x1c main.o
                0x00000314                mbed::Ticker::~Ticker()
 .text._ZN9ModelImpl3clkC2Ev
                0x00000330       0x1c main.o
                0x00000330                ModelImpl::clk::clk()
                0x00000330                ModelImpl::clk::clk()
 .text._ZNK9ModelImpl3clkcviEv
                0x0000034c       0x1c main.o
                0x0000034c                ModelImpl::clk::operator int() const
 .text._ZN9ModelImpl3clkaSEi
                0x00000368       0x20 main.o
                0x00000368                ModelImpl::clk::operator=(int)
 .text._ZN9ModelImpl17DispatcherPrivate8get_tickEv
                0x00000388       0x10 main.o
                0x00000388                ModelImpl::DispatcherPrivate::get_tick()
 .text._ZN9ModelImpl13DelayedThreadC2Ev
                0x00000398        0xc main.o
                0x00000398                ModelImpl::DelayedThread::DelayedThread()
                0x00000398                ModelImpl::DelayedThread::DelayedThread()
 .text._ZN9ModelImpl13DelayedThreadC2EPFvPKvEPv10osPriority
                0x000003a4       0x28 main.o
                0x000003a4                ModelImpl::DelayedThread::DelayedThread(void (*)(void const*), void*, osPriority)
                0x000003a4                ModelImpl::DelayedThread::DelayedThread(void (*)(void const*), void*, osPriority)
 .text._ZN9ModelImpl13DelayedThread4initEPFvPKvEPv10osPriority
                0x000003cc       0x5c main.o
                0x000003cc                ModelImpl::DelayedThread::init(void (*)(void const*), void*, osPriority)
 .text._ZN9ModelImpl13DelayedThread5startEv
                0x00000428       0x34 main.o
                0x00000428                ModelImpl::DelayedThread::start()
 .text._ZN9ModelImpl13DelayedThread9terminateEv
                0x0000045c       0x44 main.o
                0x0000045c                ModelImpl::DelayedThread::terminate()
 .text._ZN9ModelImpl13DelayedThread10signal_setEl
                0x000004a0       0x20 main.o
                0x000004a0                ModelImpl::DelayedThread::signal_set(long)
 .text._ZN9ModelImpl13DelayedThread11signal_waitElm
                0x000004c0       0x20 main.o
                0x000004c0                ModelImpl::DelayedThread::signal_wait(long, unsigned long)
 .text._ZN9ModelImpl13DelayedThread4waitEm
                0x000004e0       0x18 main.o
                0x000004e0                ModelImpl::DelayedThread::wait(unsigned long)
 .text._ZN9ModelImpl13DelayedThreadD2Ev
                0x000004f8       0x18 main.o
                0x000004f8                ModelImpl::DelayedThread::~DelayedThread()
                0x000004f8                ModelImpl::DelayedThread::~DelayedThread()
 .text._ZN9ModelImpl3clk8get_tickEv
                0x00000510       0x14 main.o
                0x00000510                ModelImpl::clk::get_tick()
 .text._ZN9ModelImpl8SendDataC2Ev
                0x00000524       0x44 main.o
                0x00000524                ModelImpl::SendData::SendData()
                0x00000524                ModelImpl::SendData::SendData()
 .text._ZN9ModelImpl8SendDataD2Ev
                0x00000568       0x30 main.o
                0x00000568                ModelImpl::SendData::~SendData()
                0x00000568                ModelImpl::SendData::~SendData()
 .text._ZN9ModelImpl8SendDataD0Ev
                0x00000598       0x1c main.o
                0x00000598                ModelImpl::SendData::~SendData()
 .text._ZN9ModelImpl8SendData6insertEy
                0x000005b4       0x1c main.o
                0x000005b4                ModelImpl::SendData::insert(unsigned long long)
 .text._ZN9ModelImpl8RecvDataC2Ev
                0x000005d0       0x34 main.o
                0x000005d0                ModelImpl::RecvData::RecvData()
                0x000005d0                ModelImpl::RecvData::RecvData()
 .text._ZN9ModelImpl8RecvDataD2Ev
                0x00000604        0xc main.o
                0x00000604                ModelImpl::RecvData::~RecvData()
                0x00000604                ModelImpl::RecvData::~RecvData()
 .text._ZN9ModelImpl29SYNCHRONIZATION_CHANNEL_STATEC2Ev
                0x00000610       0x48 main.o
                0x00000610                ModelImpl::SYNCHRONIZATION_CHANNEL_STATE::SYNCHRONIZATION_CHANNEL_STATE()
                0x00000610                ModelImpl::SYNCHRONIZATION_CHANNEL_STATE::SYNCHRONIZATION_CHANNEL_STATE()
 .text._ZN9ModelImpl20PROCESS_ENTRY_THREADC2EPNS_19PROCESS_ENTRY_STATEE
                0x00000658       0x30 main.o
                0x00000658                ModelImpl::PROCESS_ENTRY_THREAD::PROCESS_ENTRY_THREAD(ModelImpl::PROCESS_ENTRY_STATE*)
                0x00000658                ModelImpl::PROCESS_ENTRY_THREAD::PROCESS_ENTRY_THREAD(ModelImpl::PROCESS_ENTRY_STATE*)
 .text._ZN9ModelImpl10DispatcherC2Ev
                0x00000688        0xc main.o
                0x00000688                ModelImpl::Dispatcher::Dispatcher()
                0x00000688                ModelImpl::Dispatcher::Dispatcher()
 .text._ZN9ModelImpl10Dispatcher20set_clock_multiplierEi
                0x00000694       0x1c main.o
                0x00000694                ModelImpl::Dispatcher::set_clock_multiplier(int)
 .text._ZN9ModelImpl10Dispatcher11add_processEPNS_19PROCESS_ENTRY_STATEE
                0x000006b0       0x1c main.o
                0x000006b0                ModelImpl::Dispatcher::add_process(ModelImpl::PROCESS_ENTRY_STATE*)
 .text._ZN9ModelImpl10Dispatcher3runEv
                0x000006cc       0x18 main.o
                0x000006cc                ModelImpl::Dispatcher::run()
 .text._ZN9ModelImpl10Dispatcher12fire_channelEPNS_23SYNCHRONIZATION_CHANNELE
                0x000006e4       0x1c main.o
                0x000006e4                ModelImpl::Dispatcher::fire_channel(ModelImpl::SYNCHRONIZATION_CHANNEL*)
 .text._ZN9ModelImpl10Dispatcher19set_channel_fire_cbEPNS_23SYNCHRONIZATION_CHANNELEPFvS2_EPv
                0x00000700       0x24 main.o
                0x00000700                ModelImpl::Dispatcher::set_channel_fire_cb(ModelImpl::SYNCHRONIZATION_CHANNEL*, void (*)(ModelImpl::SYNCHRONIZATION_CHANNEL*), void*)
 .text._ZN9ModelImpl10Dispatcher18set_channel_actionEPNS_23SYNCHRONIZATION_CHANNELE7PinNameNS_15SendChannelModeEi
                0x00000724       0x2c main.o
                0x00000724                ModelImpl::Dispatcher::set_channel_action(ModelImpl::SYNCHRONIZATION_CHANNEL*, PinName, ModelImpl::SendChannelMode, int)
 .text._ZN9ModelImpl10Dispatcher17set_receive_inputEPNS_23SYNCHRONIZATION_CHANNELE7PinName7PinModeNS_18ReceiveChannelModeE
                0x00000750       0x2c main.o
                0x00000750                ModelImpl::Dispatcher::set_receive_input(ModelImpl::SYNCHRONIZATION_CHANNEL*, PinName, PinMode, ModelImpl::ReceiveChannelMode)
 .text._ZN9ModelImpl10Dispatcher18set_state_enter_cbEPNS_11STATE_ENTRYEPFvS2_EPv
                0x0000077c       0x24 main.o
                0x0000077c                ModelImpl::Dispatcher::set_state_enter_cb(ModelImpl::STATE_ENTRY*, void (*)(ModelImpl::STATE_ENTRY*), void*)
 .text._ZN5Model16SYSTEM_VARIABLESC2Ev
                0x000007a0       0xe0 main.o
                0x000007a0                Model::SYSTEM_VARIABLES::SYSTEM_VARIABLES()
                0x000007a0                Model::SYSTEM_VARIABLES::SYSTEM_VARIABLES()
 .text._ZN5ModelL52updatefunc_PM_ModeSwitch_TRANS_Unnamed0__Unnamed4__0Ev
                0x00000880       0x18 main.o
 .text._ZN5ModelL50updatefunc_PM_ModeSwitch_TRANS_Unnamed3__Manual__0Ev
                0x00000898        0xc main.o
 .text._ZN5ModelL48updatefunc_PM_ModeSwitch_TRANS_Unnamed4__Init__0Ev
                0x000008a4        0xc main.o
 .text._ZN5ModelL52updatefunc_PM_ModeSwitch_TRANS_Unnamed1__Unnamed4__0Ev
                0x000008b0       0x18 main.o
 .text._ZN5ModelL52updatefunc_PM_ModeSwitch_TRANS_Unnamed2__Unnamed4__0Ev
                0x000008c8       0x18 main.o
 .text._ZN5ModelL46guardfunc_PM_Sensor_A_TRANS_Wait_URI__Await__0Ev
                0x000008e0       0x20 main.o
 .text._ZN5ModelL51guardfunc_PM_Sensor_A_TRANS_Wait_PVARP__Wait_URI__0Ev
                0x00000900       0x24 main.o
 .text._ZN5ModelL50updatefunc_PM_Sensor_A_TRANS_VEvent__Wait_PVARP__0Ev
                0x00000924       0x10 main.o
 .text._ZN5ModelL49updatefunc_PM_Sensor_A_TRANS_ResetClk__WaitAVI__0Ev
                0x00000934       0x10 main.o
 .text._ZN5ModelL36guardfunc_PM_Sensor_A_STATE_Wait_URIEv
                0x00000944       0x20 main.o
 .text._ZN5ModelL38guardfunc_PM_Sensor_A_STATE_Wait_PVARPEv
                0x00000964       0x24 main.o
 .text._ZN5ModelL47guardfunc_PM_Sensor_V_TRANS_WaitVRP__DoneVRP__0Ev
                0x00000988       0x24 main.o
 .text._ZN5ModelL47updatefunc_PM_Sensor_V_TRANS_VEvent__WaitVRP__0Ev
                0x000009ac       0x10 main.o
 .text._ZN5ModelL52guardfunc_PM_Sensor_V_TRANS_Wait_PVAB__WaitVEvent__0Ev
                0x000009bc       0x24 main.o
 .text._ZN5ModelL52updatefunc_PM_Sensor_V_TRANS_Init_PVAB__Wait_PVAB__0Ev
                0x000009e0       0x10 main.o
 .text._ZN5ModelL35guardfunc_PM_Sensor_V_STATE_WaitVRPEv
                0x000009f0       0x24 main.o
 .text._ZN5ModelL37guardfunc_PM_Sensor_V_STATE_Wait_PVABEv
                0x00000a14       0x24 main.o
 .text._ZN5ModelL50guardfunc_PM_Pacer_AA_TRANS_Adone__PMManualMode__0Ev
                0x00000a38       0x18 main.o
 .text._ZN5ModelL50guardfunc_PM_Pacer_AA_TRANS_PaceA__PMManualMode__0Ev
                0x00000a50       0x18 main.o
 .text._ZN5ModelL48guardfunc_PM_Pacer_AA_TRANS_PVC__PMManualMode__0Ev
                0x00000a68       0x18 main.o
 .text._ZN5ModelL51guardfunc_PM_Pacer_AA_TRANS_Vevent__PMManualMode__0Ev
                0x00000a80       0x18 main.o
 .text._ZN5ModelL53guardfunc_PM_Pacer_AA_TRANS_AVI_Wait__PMManualMode__0Ev
                0x00000a98       0x18 main.o
 .text._ZN5ModelL53guardfunc_PM_Pacer_AA_TRANS_PMManualMode__AVI_Wait__0Ev
                0x00000ab0       0x18 main.o
 .text._ZN5ModelL47updatefunc_PM_Pacer_AA_TRANS_Adone__AVI_Wait__0Ev
                0x00000ac8       0x10 main.o
 .text._ZN5ModelL41guardfunc_PM_Pacer_AA_TRANS_PVC__PaceA__0Ev
                0x00000ad8       0x28 main.o
 .text._ZN5ModelL43updatefunc_PM_Pacer_AA_TRANS_Vevent__PVC__0Ev
                0x00000b00       0x10 main.o
 .text._ZN5ModelL44guardfunc_PM_Pacer_AA_TRANS_Vevent__PaceA__0Ev
                0x00000b10       0x20 main.o
 .text._ZN5ModelL46guardfunc_PM_Pacer_AA_TRANS_AVI_Wait__PaceV__0Ev
                0x00000b30       0x28 main.o
 .text._ZN5ModelL47updatefunc_PM_Pacer_AA_TRANS_AVI_Wait__PaceV__0Ev
                0x00000b58       0x30 main.o
 .text._ZN5ModelL31guardfunc_PM_Pacer_AA_STATE_PVCEv
                0x00000b88       0x28 main.o
 .text._ZN5ModelL34guardfunc_PM_Pacer_AA_STATE_VeventEv
                0x00000bb0       0x20 main.o
 .text._ZN5ModelL36guardfunc_PM_Pacer_AA_STATE_AVI_WaitEv
                0x00000bd0       0x28 main.o
 .text._ZN5ModelL52guardfunc_PM_DisplayAndAlarm_TRANS_ShowRate__Init__0Ev
                0x00000bf8       0x24 main.o
 .text._ZN5ModelL52guardfunc_PM_DisplayAndAlarm_TRANS_ShowRate__Init__1Ev
                0x00000c1c       0x38 main.o
 .text._ZN5ModelL52guardfunc_PM_DisplayAndAlarm_TRANS_ShowRate__Init__2Ev
                0x00000c54       0x24 main.o
 .text._ZN5ModelL52guardfunc_PM_DisplayAndAlarm_TRANS_Init__ShowRate__0Ev
                0x00000c78       0x24 main.o
 .text._ZN5ModelL53updatefunc_PM_DisplayAndAlarm_TRANS_Init__ShowRate__0Ev
                0x00000c9c       0x34 main.o
 .text._ZN5ModelL49updatefunc_PM_DisplayAndAlarm_TRANS_Incr__Init__0Ev
                0x00000cd0       0x10 main.o
 .text._ZN5ModelL39guardfunc_PM_DisplayAndAlarm_STATE_InitEv
                0x00000ce0       0x24 main.o
 .text._Z10trace_modePKc
                0x00000d04       0x34 main.o
                0x00000d04                trace_mode(char const*)
 .text._Z9show_modePN9ModelImpl23SYNCHRONIZATION_CHANNELE
                0x00000d38       0x38 main.o
                0x00000d38                show_mode(ModelImpl::SYNCHRONIZATION_CHANNEL*)
 .text._Z11print_eventPN9ModelImpl23SYNCHRONIZATION_CHANNELE
                0x00000d70       0x38 main.o
                0x00000d70                print_event(ModelImpl::SYNCHRONIZATION_CHANNEL*)
 .text._Z17input_handler_irqv
                0x00000da8       0x10 main.o
                0x00000da8                input_handler_irq()
 .text.main     0x00000db8       0x84 main.o
                0x00000db8                main
 .text._ZL9show_ratePN9ModelImpl11STATE_ENTRYE
                0x00000e3c       0x34 main.o
 .text._ZL10show_alarmPN9ModelImpl23SYNCHRONIZATION_CHANNELE
                0x00000e70       0x2c main.o
 .text._ZL23pacemaker_input_handlerPKv
                0x00000e9c      0x1a4 main.o
 .text._Z17init_as_pacemakerRN9ModelImpl10DispatcherE
                0x00001040      0x264 main.o
                0x00001040                init_as_pacemaker(ModelImpl::Dispatcher&)
 .text._ZN4mbed6TickerC2Ev
                0x000012a4       0x30 main.o
                0x000012a4                mbed::Ticker::Ticker()
                0x000012a4                mbed::Ticker::Ticker()
 .text._ZN9ModelImpl17DispatcherPrivateC2Ev
                0x000012d4       0x3c main.o
                0x000012d4                ModelImpl::DispatcherPrivate::DispatcherPrivate()
                0x000012d4                ModelImpl::DispatcherPrivate::DispatcherPrivate()
 .text._ZN9ModelImpl17DispatcherPrivate20set_clock_multiplierEi
                0x00001310       0x10 main.o
                0x00001310                ModelImpl::DispatcherPrivate::set_clock_multiplier(int)
 .text._ZN9ModelImpl17DispatcherPrivate11add_processEPNS_19PROCESS_ENTRY_STATEE
                0x00001320       0x48 main.o
                0x00001320                ModelImpl::DispatcherPrivate::add_process(ModelImpl::PROCESS_ENTRY_STATE*)
 .text._ZN9ModelImpl17DispatcherPrivate14ticker_handlerEv
                0x00001368       0x10 main.o
                0x00001368                ModelImpl::DispatcherPrivate::ticker_handler()
 .text._ZN9ModelImpl17DispatcherPrivate19channel_irq_handlerEm14gpio_irq_event
                0x00001378       0x54 main.o
                0x00001378                ModelImpl::DispatcherPrivate::channel_irq_handler(unsigned long, gpio_irq_event)
 .text._ZN9ModelImpl17DispatcherPrivate12fire_channelEPNS_23SYNCHRONIZATION_CHANNELE
                0x000013cc      0x114 main.o
                0x000013cc                ModelImpl::DispatcherPrivate::fire_channel(ModelImpl::SYNCHRONIZATION_CHANNEL*)
 .text._ZN9ModelImpl17DispatcherPrivate19set_channel_fire_cbEPNS_23SYNCHRONIZATION_CHANNELEPFvS2_EPv
                0x000014e0       0x1c main.o
                0x000014e0                ModelImpl::DispatcherPrivate::set_channel_fire_cb(ModelImpl::SYNCHRONIZATION_CHANNEL*, void (*)(ModelImpl::SYNCHRONIZATION_CHANNEL*), void*)
 .text._ZN9ModelImpl17DispatcherPrivate18set_channel_actionEPNS_23SYNCHRONIZATION_CHANNELE7PinNameNS_15SendChannelModeEi
                0x000014fc       0x6c main.o
                0x000014fc                ModelImpl::DispatcherPrivate::set_channel_action(ModelImpl::SYNCHRONIZATION_CHANNEL*, PinName, ModelImpl::SendChannelMode, int)
 .text._ZN9ModelImpl17DispatcherPrivate17set_receive_inputEPNS_23SYNCHRONIZATION_CHANNELE7PinName7PinModeNS_18ReceiveChannelModeE
                0x00001568       0xd4 main.o
                0x00001568                ModelImpl::DispatcherPrivate::set_receive_input(ModelImpl::SYNCHRONIZATION_CHANNEL*, PinName, PinMode, ModelImpl::ReceiveChannelMode)
 .text._ZN9ModelImpl17DispatcherPrivate18set_state_enter_cbEPNS_11STATE_ENTRYEPFvS2_EPv
                0x0000163c       0x1c main.o
                0x0000163c                ModelImpl::DispatcherPrivate::set_state_enter_cb(ModelImpl::STATE_ENTRY*, void (*)(ModelImpl::STATE_ENTRY*), void*)
 .text._ZN9ModelImpl17DispatcherPrivate3runEv
                0x00001658       0x6c main.o
                0x00001658                ModelImpl::DispatcherPrivate::run()
 .text._ZN9ModelImpl17DispatcherPrivate9run_stepsEv
                0x000016c4       0x78 main.o
                0x000016c4                ModelImpl::DispatcherPrivate::run_steps()
 .text._ZN9ModelImpl17DispatcherPrivate13clear_signalsEv
                0x0000173c       0x68 main.o
                0x0000173c                ModelImpl::DispatcherPrivate::clear_signals()
 .text._ZN9ModelImpl17DispatcherPrivate17clear_normal_stepEv
                0x000017a4       0x68 main.o
                0x000017a4                ModelImpl::DispatcherPrivate::clear_normal_step()
 .text._ZN9ModelImpl17DispatcherPrivate9run_tasksEi
                0x0000180c      0x21c main.o
                0x0000180c                ModelImpl::DispatcherPrivate::run_tasks(int)
 .text._ZN9ModelImpl17DispatcherPrivate9task_mainEPKv
                0x00001a28       0x18 main.o
                0x00001a28                ModelImpl::DispatcherPrivate::task_main(void const*)
 .text._ZN9ModelImpl17DispatcherPrivate13task_main_impEPVNS_19PROCESS_ENTRY_STATEE
                0x00001a40       0xe0 main.o
                0x00001a40                ModelImpl::DispatcherPrivate::task_main_imp(ModelImpl::PROCESS_ENTRY_STATE volatile*)
 .text._ZN9ModelImpl17DispatcherPrivate21find_valid_transitionEPVNS_19PROCESS_ENTRY_STATEE
                0x00001b20       0x6c main.o
                0x00001b20                ModelImpl::DispatcherPrivate::find_valid_transition(ModelImpl::PROCESS_ENTRY_STATE volatile*)
 .text._ZN9ModelImpl17DispatcherPrivate19can_take_transitionEPVNS_19PROCESS_ENTRY_STATEEPNS_16TRANSITION_ENTRYE
                0x00001b8c       0x94 main.o
                0x00001b8c                ModelImpl::DispatcherPrivate::can_take_transition(ModelImpl::PROCESS_ENTRY_STATE volatile*, ModelImpl::TRANSITION_ENTRY*)
 .text._ZN9ModelImpl17DispatcherPrivate15take_transitionEPVNS_19PROCESS_ENTRY_STATEEPNS_16TRANSITION_ENTRYE
                0x00001c20       0xe0 main.o
                0x00001c20                ModelImpl::DispatcherPrivate::take_transition(ModelImpl::PROCESS_ENTRY_STATE volatile*, ModelImpl::TRANSITION_ENTRY*)
 .text._ZN9ModelImpl17DispatcherPrivate11enter_stateEPVNS_19PROCESS_ENTRY_STATEEPNS_11STATE_ENTRYE
                0x00001d00       0x28 main.o
                0x00001d00                ModelImpl::DispatcherPrivate::enter_state(ModelImpl::PROCESS_ENTRY_STATE volatile*, ModelImpl::STATE_ENTRY*)
 .text._ZN9ModelImpl17DispatcherPrivate11leave_stateEPVNS_19PROCESS_ENTRY_STATEEPNS_11STATE_ENTRYE
                0x00001d28       0x28 main.o
                0x00001d28                ModelImpl::DispatcherPrivate::leave_state(ModelImpl::PROCESS_ENTRY_STATE volatile*, ModelImpl::STATE_ENTRY*)
 .text._ZN9ModelImpl17DispatcherPrivate8sub_timeEii
                0x00001d50       0x2c main.o
                0x00001d50                ModelImpl::DispatcherPrivate::sub_time(int, int)
 .text._ZN9ModelImpl17DispatcherPrivate9wall_diffEi
                0x00001d7c       0x28 main.o
                0x00001d7c                ModelImpl::DispatcherPrivate::wall_diff(int)
 .text._ZN9ModelImpl8SendData7handlerEv
                0x00001da4       0x38 main.o
                0x00001da4                ModelImpl::SendData::handler()
 .text._Z13init_as_heartRN9ModelImpl10DispatcherE
                0x00001ddc       0x14 main.o
                0x00001ddc                init_as_heart(ModelImpl::Dispatcher&)
 .text._ZN9ModelImpl29SYNCHRONIZATION_CHANNEL_STATED2Ev
                0x00001df0       0x3c main.o
                0x00001df0                ModelImpl::SYNCHRONIZATION_CHANNEL_STATE::~SYNCHRONIZATION_CHANNEL_STATE()
                0x00001df0                ModelImpl::SYNCHRONIZATION_CHANNEL_STATE::~SYNCHRONIZATION_CHANNEL_STATE()
 .text._ZN9ModelImpl20PROCESS_ENTRY_THREADD2Ev
                0x00001e2c       0x24 main.o
                0x00001e2c                ModelImpl::PROCESS_ENTRY_THREAD::~PROCESS_ENTRY_THREAD()
                0x00001e2c                ModelImpl::PROCESS_ENTRY_THREAD::~PROCESS_ENTRY_THREAD()
 .text._ZN4mbed6SerialD2Ev
                0x00001e50       0x4c main.o
                0x00001e50                mbed::Serial::~Serial()
                0x00001e50                mbed::Serial::~Serial()
 .text._ZN4mbed6SerialD1Ev
                0x00001e9c       0x10 main.o
                0x00001e9c                non-virtual thunk to mbed::Serial::~Serial()
                0x00001ea4                non-virtual thunk to mbed::Serial::~Serial()
 .text._ZN4mbed6SerialD0Ev
                0x00001eac       0x2c main.o
                0x00001eac                mbed::Serial::~Serial()
                0x00001ec8                non-virtual thunk to mbed::Serial::~Serial()
                0x00001ed0                non-virtual thunk to mbed::Serial::~Serial()
 .text._ZN7TextLCDD2Ev
                0x00001ed8       0x44 main.o
                0x00001ed8                TextLCD::~TextLCD()
                0x00001ed8                TextLCD::~TextLCD()
 .text._ZN7TextLCDD1Ev
                0x00001f1c        0x8 main.o
                0x00001f1c                non-virtual thunk to TextLCD::~TextLCD()
 .text._ZN7TextLCDD0Ev
                0x00001f24       0x24 main.o
                0x00001f24                TextLCD::~TextLCD()
                0x00001f40                non-virtual thunk to TextLCD::~TextLCD()
 .text._ZN9ModelImpl17DispatcherPrivateD2Ev
                0x00001f48       0x24 main.o
                0x00001f48                ModelImpl::DispatcherPrivate::~DispatcherPrivate()
                0x00001f48                ModelImpl::DispatcherPrivate::~DispatcherPrivate()
 .text._Z41__static_initialization_and_destruction_0ii
                0x00001f6c      0x358 main.o
 .text._GLOBAL__sub_I__ZN5Model30GLOBAL_CHANNEL_VAR_Apace_STATEE
                0x000022c4       0x10 main.o
 .text.NVIC_SetVector
                0x000022d4       0x3c ../common/native/mbed/TARGET_LPC1768/TOOLCHAIN_GCC_ARM/cmsis_nvic.o
                0x000022d4                NVIC_SetVector
 .text.SystemInit
                0x00002310       0xb8 ../common/native/mbed/TARGET_LPC1768/TOOLCHAIN_GCC_ARM/system_LPC17xx.o
                0x00002310                SystemInit
 .text.mbed_die
                0x000023c8      0x10c ../common/native/mbed/TARGET_LPC1768/TOOLCHAIN_GCC_ARM/board.o
                0x000023c8                mbed_die
 .text._ZN4mbed10FileHandle4flenEv
                0x000024d4       0x34 ../common/native/mbed/TARGET_LPC1768/TOOLCHAIN_GCC_ARM/retarget.o
                0x000024d4                mbed::FileHandle::flen()
 .text._ZN4mbed10FileHandleD2Ev
                0x00002508       0x2c ../common/native/mbed/TARGET_LPC1768/TOOLCHAIN_GCC_ARM/retarget.o
                0x00002508                mbed::FileHandle::~FileHandle()
                0x00002508                mbed::FileHandle::~FileHandle()
 .text._ZN4mbed10FileHandleD0Ev
                0x00002534       0x34 ../common/native/mbed/TARGET_LPC1768/TOOLCHAIN_GCC_ARM/retarget.o
                0x00002534                mbed::FileHandle::~FileHandle()
 .text._ZL11init_serialv.part.0
                0x00002568       0x18 ../common/native/mbed/TARGET_LPC1768/TOOLCHAIN_GCC_ARM/retarget.o
 .text._open    0x00002580       0xf8 ../common/native/mbed/TARGET_LPC1768/TOOLCHAIN_GCC_ARM/retarget.o
                0x00002580                _open
 .text._close   0x00002678       0x2c ../common/native/mbed/TARGET_LPC1768/TOOLCHAIN_GCC_ARM/retarget.o
                0x00002678                _close
 .text._write   0x000026a4       0x50 ../common/native/mbed/TARGET_LPC1768/TOOLCHAIN_GCC_ARM/retarget.o
                0x000026a4                _write
 .text._read    0x000026f4       0x4c ../common/native/mbed/TARGET_LPC1768/TOOLCHAIN_GCC_ARM/retarget.o
                0x000026f4                _read
 .text._isatty  0x00002740       0x28 ../common/native/mbed/TARGET_LPC1768/TOOLCHAIN_GCC_ARM/retarget.o
                0x00002740                _isatty
 .text._lseek   0x00002768       0x28 ../common/native/mbed/TARGET_LPC1768/TOOLCHAIN_GCC_ARM/retarget.o
                0x00002768                _lseek
 .text._fstat   0x00002790       0x20 ../common/native/mbed/TARGET_LPC1768/TOOLCHAIN_GCC_ARM/retarget.o
                0x00002790                _fstat
 .text.__cxa_pure_virtual
                0x000027b0        0x8 ../common/native/mbed/TARGET_LPC1768/TOOLCHAIN_GCC_ARM/retarget.o
                0x000027b0                __cxa_pure_virtual
 .text._sbrk    0x000027b8       0x28 ../common/native/mbed/TARGET_LPC1768/TOOLCHAIN_GCC_ARM/retarget.o
                0x000027b8                _sbrk
 .text          0x000027e0       0x44 ../common/native/mbed/TARGET_LPC1768/TOOLCHAIN_GCC_ARM/startup_LPC17xx.o
                0x000027e0                Reset_Handler
                0x00002810                NMI_Handler
                0x00002812                HardFault_Handler
                0x00002814                MemManage_Handler
                0x00002816                BusFault_Handler
                0x00002818                UsageFault_Handler
                0x0000281c                DebugMon_Handler
                0x00002822                I2C0_IRQHandler
                0x00002822                I2C1_IRQHandler
                0x00002822                EINT2_IRQHandler
                0x00002822                UART1_IRQHandler
                0x00002822                EINT3_IRQHandler
                0x00002822                CANActivity_IRQHandler
                0x00002822                TIMER3_IRQHandler
                0x00002822                UART0_IRQHandler
                0x00002822                PWM1_IRQHandler
                0x00002822                PLL0_IRQHandler
                0x00002822                RIT_IRQHandler
                0x00002822                PLL1_IRQHandler
                0x00002822                SSP0_IRQHandler
                0x00002822                I2S_IRQHandler
                0x00002822                I2C2_IRQHandler
                0x00002822                RTC_IRQHandler
                0x00002822                TIMER0_IRQHandler
                0x00002822                USBActivity_IRQHandler
                0x00002822                SPI_IRQHandler
                0x00002822                EINT1_IRQHandler
                0x00002822                TIMER1_IRQHandler
                0x00002822                UART2_IRQHandler
                0x00002822                Default_Handler
                0x00002822                ADC_IRQHandler
                0x00002822                SSP1_IRQHandler
                0x00002822                USB_IRQHandler
                0x00002822                BOD_IRQHandler
                0x00002822                CAN_IRQHandler
                0x00002822                WDT_IRQHandler
                0x00002822                QEI_IRQHandler
                0x00002822                EINT0_IRQHandler
                0x00002822                DEF_IRQHandler
                0x00002822                DMA_IRQHandler
                0x00002822                TIMER2_IRQHandler
                0x00002822                UART3_IRQHandler
                0x00002822                MCPWM_IRQHandler
                0x00002822                ENET_IRQHandler
 .text          0x00002824      0x130 ../common/native/mbed-rtos/rtx/TARGET_CORTEX_M/TARGET_M3/TOOLCHAIN_GCC/HAL_CM3.o
                0x00002824                rt_set_PSP
                0x0000282a                rt_get_PSP
                0x00002830                os_set_env
                0x00002848                _alloc_box
                0x00002864                _free_box
                0x00002880                SVC_Handler
                0x000028ee                PendSV_Handler
                0x000028f2                Sys_Switch
                0x00002926                SysTick_Handler
                0x0000292e                OS_Tick_Handler
 .text.rt_svc_init
                0x00002954       0x78 ../common/native/mbed-rtos/rtx/TARGET_CORTEX_M/rt_Task.o
 .text.rt_get_TID
                0x000029cc       0x3c ../common/native/mbed-rtos/rtx/TARGET_CORTEX_M/rt_Task.o
                0x000029cc                rt_get_TID
 .text.rt_init_context
                0x00002a08       0x68 ../common/native/mbed-rtos/rtx/TARGET_CORTEX_M/rt_Task.o
                0x00002a08                rt_init_context
 .text.rt_switch_req
                0x00002a70       0x18 ../common/native/mbed-rtos/rtx/TARGET_CORTEX_M/rt_Task.o
                0x00002a70                rt_switch_req
 .text.rt_dispatch
                0x00002a88       0x60 ../common/native/mbed-rtos/rtx/TARGET_CORTEX_M/rt_Task.o
                0x00002a88                rt_dispatch
 .text.rt_block
                0x00002ae8       0x5c ../common/native/mbed-rtos/rtx/TARGET_CORTEX_M/rt_Task.o
                0x00002ae8                rt_block
 .text.rt_tsk_self
                0x00002b44       0x1c ../common/native/mbed-rtos/rtx/TARGET_CORTEX_M/rt_Task.o
                0x00002b44                rt_tsk_self
 .text.rt_tsk_prio
                0x00002b60       0xbc ../common/native/mbed-rtos/rtx/TARGET_CORTEX_M/rt_Task.o
                0x00002b60                rt_tsk_prio
 .text.rt_tsk_delete
                0x00002c1c       0xb4 ../common/native/mbed-rtos/rtx/TARGET_CORTEX_M/rt_Task.o
                0x00002c1c                rt_tsk_delete
 .text.rt_sys_init
                0x00002cd0       0xc4 ../common/native/mbed-rtos/rtx/TARGET_CORTEX_M/rt_Task.o
                0x00002cd0                rt_sys_init
 .text.rt_sys_start
                0x00002d94       0x4c ../common/native/mbed-rtos/rtx/TARGET_CORTEX_M/rt_Task.o
                0x00002d94                rt_sys_start
 .text.rt_alloc_box
                0x00002de0       0x38 ../common/native/mbed-rtos/rtx/TARGET_CORTEX_M/rt_MemBox.o
                0x00002de0                rt_alloc_box
 .text.rt_free_box
                0x00002e18       0x4c ../common/native/mbed-rtos/rtx/TARGET_CORTEX_M/rt_MemBox.o
                0x00002e18                rt_free_box
 .text.rt_init_robin
                0x00002e64       0x1c ../common/native/mbed-rtos/rtx/TARGET_CORTEX_M/rt_Robin.o
                0x00002e64                rt_init_robin
 .text.rt_chk_robin
                0x00002e80       0x64 ../common/native/mbed-rtos/rtx/TARGET_CORTEX_M/rt_Robin.o
                0x00002e80                rt_chk_robin
 .text.rt_mbx_init
                0x00002ee4       0x4c ../common/native/mbed-rtos/rtx/TARGET_CORTEX_M/rt_Mailbox.o
                0x00002ee4                rt_mbx_init
 .text.rt_mbx_wait
                0x00002f30      0x11c ../common/native/mbed-rtos/rtx/TARGET_CORTEX_M/rt_Mailbox.o
                0x00002f30                rt_mbx_wait
 .text.rt_mbx_check
                0x0000304c       0x1c ../common/native/mbed-rtos/rtx/TARGET_CORTEX_M/rt_Mailbox.o
                0x0000304c                rt_mbx_check
 .text.isr_mbx_send
                0x00003068       0x20 ../common/native/mbed-rtos/rtx/TARGET_CORTEX_M/rt_Mailbox.o
                0x00003068                isr_mbx_send
 .text.isr_mbx_receive
                0x00003088       0x7c ../common/native/mbed-rtos/rtx/TARGET_CORTEX_M/rt_Mailbox.o
                0x00003088                isr_mbx_receive
 .text.rt_mbx_psh
                0x00003104      0x154 ../common/native/mbed-rtos/rtx/TARGET_CORTEX_M/rt_Mailbox.o
                0x00003104                rt_mbx_psh
 .text.rt_systick_init
                0x00003258       0x38 ../common/native/mbed-rtos/rtx/TARGET_CORTEX_M/rt_System.o
 .text.rt_psh_req
                0x00003290       0x28 ../common/native/mbed-rtos/rtx/TARGET_CORTEX_M/rt_System.o
                0x00003290                rt_psh_req
 .text.rt_pop_req
                0x000032b8       0xc8 ../common/native/mbed-rtos/rtx/TARGET_CORTEX_M/rt_System.o
                0x000032b8                rt_pop_req
 .text.os_tick_init
                0x00003380       0x10 ../common/native/mbed-rtos/rtx/TARGET_CORTEX_M/rt_System.o
                0x00003380                os_tick_init
 .text.os_tick_irqack
                0x00003390        0x4 ../common/native/mbed-rtos/rtx/TARGET_CORTEX_M/rt_System.o
                0x00003390                os_tick_irqack
 .text.rt_systick
                0x00003394       0x4c ../common/native/mbed-rtos/rtx/TARGET_CORTEX_M/rt_System.o
                0x00003394                rt_systick
 .text.rt_stk_check
                0x000033e0       0x3c ../common/native/mbed-rtos/rtx/TARGET_CORTEX_M/rt_System.o
                0x000033e0                rt_stk_check
 .text.rt_ms2tick
                0x0000341c       0x5c ../common/native/mbed-rtos/rtx/TARGET_CORTEX_M/rt_CMSIS.o
 .text.rt_tid2ptcb
                0x00003478       0x34 ../common/native/mbed-rtos/rtx/TARGET_CORTEX_M/rt_CMSIS.o
 .text.rt_id2obj
                0x000034ac       0x1c ../common/native/mbed-rtos/rtx/TARGET_CORTEX_M/rt_CMSIS.o
 .text.svcKernelInitialize
                0x000034c8       0x34 ../common/native/mbed-rtos/rtx/TARGET_CORTEX_M/rt_CMSIS.o
                0x000034c8                svcKernelInitialize
 .text.svcKernelStart
                0x000034fc       0x78 ../common/native/mbed-rtos/rtx/TARGET_CORTEX_M/rt_CMSIS.o
                0x000034fc                svcKernelStart
 .text.osKernelInitialize
                0x00003574       0x40 ../common/native/mbed-rtos/rtx/TARGET_CORTEX_M/rt_CMSIS.o
                0x00003574                osKernelInitialize
 .text.osKernelStart
                0x000035b4       0xc4 ../common/native/mbed-rtos/rtx/TARGET_CORTEX_M/rt_CMSIS.o
                0x000035b4                osKernelStart
 .text.svcThreadCreate
                0x00003678       0xcc ../common/native/mbed-rtos/rtx/TARGET_CORTEX_M/rt_CMSIS.o
                0x00003678                svcThreadCreate
 .text.svcThreadGetId
                0x00003744       0x2c ../common/native/mbed-rtos/rtx/TARGET_CORTEX_M/rt_CMSIS.o
                0x00003744                svcThreadGetId
 .text.svcThreadTerminate
                0x00003770       0x38 ../common/native/mbed-rtos/rtx/TARGET_CORTEX_M/rt_CMSIS.o
                0x00003770                svcThreadTerminate
 .text.osThreadCreate
                0x000037a8       0x60 ../common/native/mbed-rtos/rtx/TARGET_CORTEX_M/rt_CMSIS.o
                0x000037a8                osThreadCreate
 .text.osThreadGetId
                0x00003808       0x28 ../common/native/mbed-rtos/rtx/TARGET_CORTEX_M/rt_CMSIS.o
                0x00003808                osThreadGetId
 .text.osThreadTerminate
                0x00003830       0x30 ../common/native/mbed-rtos/rtx/TARGET_CORTEX_M/rt_CMSIS.o
                0x00003830                osThreadTerminate
 .text.osThreadExit
                0x00003860       0x20 ../common/native/mbed-rtos/rtx/TARGET_CORTEX_M/rt_CMSIS.o
                0x00003860                osThreadExit
 .text.svcDelay
                0x00003880       0x2c ../common/native/mbed-rtos/rtx/TARGET_CORTEX_M/rt_CMSIS.o
                0x00003880                svcDelay
 .text.osDelay  0x000038ac       0x30 ../common/native/mbed-rtos/rtx/TARGET_CORTEX_M/rt_CMSIS.o
                0x000038ac                osDelay
 .text.rt_timer_insert
                0x000038dc       0x7c ../common/native/mbed-rtos/rtx/TARGET_CORTEX_M/rt_CMSIS.o
 .text.svcTimerCall
                0x00003958       0x60 ../common/native/mbed-rtos/rtx/TARGET_CORTEX_M/rt_CMSIS.o
                0x00003958                svcTimerCall
 .text.sysTimerTick
                0x000039b8       0x78 ../common/native/mbed-rtos/rtx/TARGET_CORTEX_M/rt_CMSIS.o
                0x000039b8                sysTimerTick
 .text.osTimerCall
                0x00003a30       0x30 ../common/native/mbed-rtos/rtx/TARGET_CORTEX_M/rt_CMSIS.o
                0x00003a30                osTimerCall
 .text.osTimerThread
                0x00003a60       0x40 ../common/native/mbed-rtos/rtx/TARGET_CORTEX_M/rt_CMSIS.o
                0x00003a60                osTimerThread
 .text.svcSignalSet
                0x00003aa0       0x4c ../common/native/mbed-rtos/rtx/TARGET_CORTEX_M/rt_CMSIS.o
                0x00003aa0                svcSignalSet
 .text.svcSignalWait
                0x00003aec       0xd4 ../common/native/mbed-rtos/rtx/TARGET_CORTEX_M/rt_CMSIS.o
                0x00003aec                svcSignalWait
 .text.isrSignalSet
                0x00003bc0       0x4c ../common/native/mbed-rtos/rtx/TARGET_CORTEX_M/rt_CMSIS.o
 .text.osSignalSet
                0x00003c0c       0x40 ../common/native/mbed-rtos/rtx/TARGET_CORTEX_M/rt_CMSIS.o
                0x00003c0c                osSignalSet
 .text.osSignalWait
                0x00003c4c       0x5c ../common/native/mbed-rtos/rtx/TARGET_CORTEX_M/rt_CMSIS.o
                0x00003c4c                osSignalWait
 .text.svcMutexCreate
                0x00003ca8       0x50 ../common/native/mbed-rtos/rtx/TARGET_CORTEX_M/rt_CMSIS.o
                0x00003ca8                svcMutexCreate
 .text.svcMutexWait
                0x00003cf8       0x58 ../common/native/mbed-rtos/rtx/TARGET_CORTEX_M/rt_CMSIS.o
                0x00003cf8                svcMutexWait
 .text.svcMutexRelease
                0x00003d50       0x40 ../common/native/mbed-rtos/rtx/TARGET_CORTEX_M/rt_CMSIS.o
                0x00003d50                svcMutexRelease
 .text.svcMutexDelete
                0x00003d90       0x34 ../common/native/mbed-rtos/rtx/TARGET_CORTEX_M/rt_CMSIS.o
                0x00003d90                svcMutexDelete
 .text.osMutexCreate
                0x00003dc4       0x58 ../common/native/mbed-rtos/rtx/TARGET_CORTEX_M/rt_CMSIS.o
                0x00003dc4                osMutexCreate
 .text.osMutexWait
                0x00003e1c       0x38 ../common/native/mbed-rtos/rtx/TARGET_CORTEX_M/rt_CMSIS.o
                0x00003e1c                osMutexWait
 .text.osMutexRelease
                0x00003e54       0x30 ../common/native/mbed-rtos/rtx/TARGET_CORTEX_M/rt_CMSIS.o
                0x00003e54                osMutexRelease
 .text.osMutexDelete
                0x00003e84       0x30 ../common/native/mbed-rtos/rtx/TARGET_CORTEX_M/rt_CMSIS.o
                0x00003e84                osMutexDelete
 .text.svcMessageCreate
                0x00003eb4       0x60 ../common/native/mbed-rtos/rtx/TARGET_CORTEX_M/rt_CMSIS.o
                0x00003eb4                svcMessageCreate
 .text.svcMessageGet
                0x00003f14       0xd8 ../common/native/mbed-rtos/rtx/TARGET_CORTEX_M/rt_CMSIS.o
                0x00003f14                svcMessageGet
 .text.isrMessagePut
                0x00003fec       0x4c ../common/native/mbed-rtos/rtx/TARGET_CORTEX_M/rt_CMSIS.o
 .text.isrMessageGet
                0x00004038       0x78 ../common/native/mbed-rtos/rtx/TARGET_CORTEX_M/rt_CMSIS.o
 .text.osMessageGet
                0x000040b0       0x58 ../common/native/mbed-rtos/rtx/TARGET_CORTEX_M/rt_CMSIS.o
                0x000040b0                osMessageGet
 .text.rt_evt_wait
                0x00004108       0xc8 ../common/native/mbed-rtos/rtx/TARGET_CORTEX_M/rt_Event.o
                0x00004108                rt_evt_wait
 .text.rt_evt_set
                0x000041d0       0xc0 ../common/native/mbed-rtos/rtx/TARGET_CORTEX_M/rt_Event.o
                0x000041d0                rt_evt_set
 .text.isr_evt_set
                0x00004290       0x3c ../common/native/mbed-rtos/rtx/TARGET_CORTEX_M/rt_Event.o
                0x00004290                isr_evt_set
 .text.rt_evt_psh
                0x000042cc       0xb0 ../common/native/mbed-rtos/rtx/TARGET_CORTEX_M/rt_Event.o
                0x000042cc                rt_evt_psh
 .text.rt_sem_psh
                0x0000437c       0x4c ../common/native/mbed-rtos/rtx/TARGET_CORTEX_M/rt_Semaphore.o
                0x0000437c                rt_sem_psh
 .text.os_idle_demon
                0x000043c8        0x4 ../common/native/mbed-rtos/rtx/TARGET_CORTEX_M/RTX_Conf_CM.o
                0x000043c8                os_idle_demon
 .text.os_error
                0x000043cc       0x10 ../common/native/mbed-rtos/rtx/TARGET_CORTEX_M/RTX_Conf_CM.o
                0x000043cc                os_error
 .text.sysThreadError
                0x000043dc       0x18 ../common/native/mbed-rtos/rtx/TARGET_CORTEX_M/RTX_Conf_CM.o
                0x000043dc                sysThreadError
 .text.set_main_stack
                0x000043f4       0x1c ../common/native/mbed-rtos/rtx/TARGET_CORTEX_M/RTX_Conf_CM.o
                0x000043f4                set_main_stack
 .text.software_init_hook
                0x00004410       0x38 ../common/native/mbed-rtos/rtx/TARGET_CORTEX_M/RTX_Conf_CM.o
                0x00004410                software_init_hook
 .text.rt_dly_wait
                0x00004448       0x1c ../common/native/mbed-rtos/rtx/TARGET_CORTEX_M/rt_Time.o
                0x00004448                rt_dly_wait
 .text.rt_mut_init
                0x00004464       0x2c ../common/native/mbed-rtos/rtx/TARGET_CORTEX_M/rt_Mutex.o
                0x00004464                rt_mut_init
 .text.rt_mut_delete
                0x00004490       0xac ../common/native/mbed-rtos/rtx/TARGET_CORTEX_M/rt_Mutex.o
                0x00004490                rt_mut_delete
 .text.rt_mut_release
                0x0000453c       0xf4 ../common/native/mbed-rtos/rtx/TARGET_CORTEX_M/rt_Mutex.o
                0x0000453c                rt_mut_release
 .text.rt_mut_wait
                0x00004630       0xc0 ../common/native/mbed-rtos/rtx/TARGET_CORTEX_M/rt_Mutex.o
                0x00004630                rt_mut_wait
 .text.rt_inc_qi
                0x000046f0       0x54 ../common/native/mbed-rtos/rtx/TARGET_CORTEX_M/rt_List.o
 .text.rt_put_prio
                0x00004744       0x80 ../common/native/mbed-rtos/rtx/TARGET_CORTEX_M/rt_List.o
                0x00004744                rt_put_prio
 .text.rt_get_first
                0x000047c4       0x58 ../common/native/mbed-rtos/rtx/TARGET_CORTEX_M/rt_List.o
                0x000047c4                rt_get_first
 .text.rt_put_rdy_first
                0x0000481c       0x20 ../common/native/mbed-rtos/rtx/TARGET_CORTEX_M/rt_List.o
                0x0000481c                rt_put_rdy_first
 .text.rt_resort_prio
                0x0000483c       0x4c ../common/native/mbed-rtos/rtx/TARGET_CORTEX_M/rt_List.o
                0x0000483c                rt_resort_prio
 .text.rt_put_dly
                0x00004888       0xc0 ../common/native/mbed-rtos/rtx/TARGET_CORTEX_M/rt_List.o
                0x00004888                rt_put_dly
 .text.rt_dec_dly
                0x00004948       0xc8 ../common/native/mbed-rtos/rtx/TARGET_CORTEX_M/rt_List.o
                0x00004948                rt_dec_dly
 .text.rt_rmv_list
                0x00004a10       0x5c ../common/native/mbed-rtos/rtx/TARGET_CORTEX_M/rt_List.o
                0x00004a10                rt_rmv_list
 .text.rt_rmv_dly
                0x00004a6c       0x50 ../common/native/mbed-rtos/rtx/TARGET_CORTEX_M/rt_List.o
                0x00004a6c                rt_rmv_dly
 .text.rt_psq_enq
                0x00004abc       0x54 ../common/native/mbed-rtos/rtx/TARGET_CORTEX_M/rt_List.o
                0x00004abc                rt_psq_enq
 .text.rt_init_stack
                0x00004b10       0x90 ../common/native/mbed-rtos/rtx/TARGET_CORTEX_M/HAL_CM.o
                0x00004b10                rt_init_stack
 .text.rt_ret_regs
                0x00004ba0       0x10 ../common/native/mbed-rtos/rtx/TARGET_CORTEX_M/HAL_CM.o
 .text.rt_ret_val
                0x00004bb0       0x1c ../common/native/mbed-rtos/rtx/TARGET_CORTEX_M/HAL_CM.o
                0x00004bb0                rt_ret_val
 .text.rt_ret_val2
                0x00004bcc       0x28 ../common/native/mbed-rtos/rtx/TARGET_CORTEX_M/HAL_CM.o
                0x00004bcc                rt_ret_val2
 .text._ZN4rtos5MutexC2Ev
                0x00004bf4       0x4c ../common/native/mbed-rtos/rtos/Mutex.o
                0x00004bf4                rtos::Mutex::Mutex()
                0x00004bf4                rtos::Mutex::Mutex()
 .text._ZN4rtos5Mutex4lockEm
                0x00004c40       0x20 ../common/native/mbed-rtos/rtos/Mutex.o
                0x00004c40                rtos::Mutex::lock(unsigned long)
 .text._ZN4rtos5Mutex7trylockEv
                0x00004c60       0x28 ../common/native/mbed-rtos/rtos/Mutex.o
                0x00004c60                rtos::Mutex::trylock()
 .text._ZN4rtos5Mutex6unlockEv
                0x00004c88       0x1c ../common/native/mbed-rtos/rtos/Mutex.o
                0x00004c88                rtos::Mutex::unlock()
 .text._ZN4rtos5MutexD2Ev
                0x00004ca4       0x1c ../common/native/mbed-rtos/rtos/Mutex.o
                0x00004ca4                rtos::Mutex::~Mutex()
                0x00004ca4                rtos::Mutex::~Mutex()
 .text.gpio_write
                0x00004cc0       0x48 ../common/native/TextLCD/TextLCD.o
 .text._ZN4mbed10DigitalOutC2E7PinName
                0x00004d08       0x40 ../common/native/TextLCD/TextLCD.o
                0x00004d08                mbed::DigitalOut::DigitalOut(PinName)
                0x00004d08                mbed::DigitalOut::DigitalOut(PinName)
 .text._ZN4mbed10DigitalOut5writeEi
                0x00004d48       0x18 ../common/native/TextLCD/TextLCD.o
                0x00004d48                mbed::DigitalOut::write(int)
 .text._ZN4mbed10DigitalOutaSEi
                0x00004d60       0x1c ../common/native/TextLCD/TextLCD.o
                0x00004d60                mbed::DigitalOut::operator=(int)
 .text._ZN7TextLCDC2E7PinNameS0_S0_S0_S0_S0_NS_7LCDTypeE
                0x00004d7c      0x128 ../common/native/TextLCD/TextLCD.o
                0x00004d7c                TextLCD::TextLCD(PinName, PinName, PinName, PinName, PinName, PinName, TextLCD::LCDType)
                0x00004d7c                TextLCD::TextLCD(PinName, PinName, PinName, PinName, PinName, PinName, TextLCD::LCDType)
 .text._ZN7TextLCD9characterEiii
                0x00004ea4       0x30 ../common/native/TextLCD/TextLCD.o
                0x00004ea4                TextLCD::character(int, int, int)
 .text._ZN7TextLCD3clsEv
                0x00004ed4       0x28 ../common/native/TextLCD/TextLCD.o
                0x00004ed4                TextLCD::cls()
 .text._ZN7TextLCD6locateEii
                0x00004efc       0x1c ../common/native/TextLCD/TextLCD.o
                0x00004efc                TextLCD::locate(int, int)
 .text._ZN7TextLCD5_putcEi
                0x00004f18       0xd0 ../common/native/TextLCD/TextLCD.o
                0x00004f18                TextLCD::_putc(int)
 .text._ZN7TextLCD5_getcEv
                0x00004fe8       0x10 ../common/native/TextLCD/TextLCD.o
                0x00004fe8                TextLCD::_getc()
 .text._ZN7TextLCD9writeByteEi
                0x00004ff8       0x78 ../common/native/TextLCD/TextLCD.o
                0x00004ff8                TextLCD::writeByte(int)
 .text._ZN7TextLCD12writeCommandEi
                0x00005070       0x24 ../common/native/TextLCD/TextLCD.o
                0x00005070                TextLCD::writeCommand(int)
 .text._ZN7TextLCD9writeDataEi
                0x00005094       0x24 ../common/native/TextLCD/TextLCD.o
                0x00005094                TextLCD::writeData(int)
 .text._ZN7TextLCD7addressEii
                0x000050b8       0x70 ../common/native/TextLCD/TextLCD.o
                0x000050b8                TextLCD::address(int, int)
 .text._ZN7TextLCD7columnsEv
                0x00005128       0x1c ../common/native/TextLCD/TextLCD.o
                0x00005128                TextLCD::columns()
 .text._ZN7TextLCD4rowsEv
                0x00005144       0x1c ../common/native/TextLCD/TextLCD.o
                0x00005144                TextLCD::rows()
 .text.gpio_set
                0x00005160       0x30 ../common/native/mbed/TARGET_LPC1768/TOOLCHAIN_GCC_ARM\libmbed.a(gpio_api.o)
                0x00005160                gpio_set
 .text.gpio_init
                0x00005190       0x30 ../common/native/mbed/TARGET_LPC1768/TOOLCHAIN_GCC_ARM\libmbed.a(gpio_api.o)
                0x00005190                gpio_init
 .text.gpio_mode
                0x000051c0        0x8 ../common/native/mbed/TARGET_LPC1768/TOOLCHAIN_GCC_ARM\libmbed.a(gpio_api.o)
                0x000051c0                gpio_mode
 .text.gpio_dir
                0x000051c8       0x44 ../common/native/mbed/TARGET_LPC1768/TOOLCHAIN_GCC_ARM\libmbed.a(gpio_api.o)
                0x000051c8                gpio_dir
 .text.handle_interrupt_in
                0x0000520c      0x118 ../common/native/mbed/TARGET_LPC1768/TOOLCHAIN_GCC_ARM\libmbed.a(gpio_irq_api.o)
 .text.gpio_irq_init
                0x00005324       0x70 ../common/native/mbed/TARGET_LPC1768/TOOLCHAIN_GCC_ARM\libmbed.a(gpio_irq_api.o)
                0x00005324                gpio_irq_init
 .text.gpio_irq_free
                0x00005394       0x10 ../common/native/mbed/TARGET_LPC1768/TOOLCHAIN_GCC_ARM\libmbed.a(gpio_irq_api.o)
                0x00005394                gpio_irq_free
 .text.gpio_irq_set
                0x000053a4       0xd8 ../common/native/mbed/TARGET_LPC1768/TOOLCHAIN_GCC_ARM\libmbed.a(gpio_irq_api.o)
                0x000053a4                gpio_irq_set
 .text.gpio_irq_enable
                0x0000547c       0x10 ../common/native/mbed/TARGET_LPC1768/TOOLCHAIN_GCC_ARM\libmbed.a(gpio_irq_api.o)
                0x0000547c                gpio_irq_enable
 .text.pin_function
                0x0000548c       0x50 ../common/native/mbed/TARGET_LPC1768/TOOLCHAIN_GCC_ARM\libmbed.a(pinmap.o)
                0x0000548c                pin_function
 .text.pin_mode
                0x000054dc       0x78 ../common/native/mbed/TARGET_LPC1768/TOOLCHAIN_GCC_ARM\libmbed.a(pinmap.o)
                0x000054dc                pin_mode
 .text.uart2_irq
                0x00005554       0x64 ../common/native/mbed/TARGET_LPC1768/TOOLCHAIN_GCC_ARM\libmbed.a(serial_api.o)
                0x00005554                uart2_irq
 .text.serial_irq_set_internal
                0x000055b8       0xcc ../common/native/mbed/TARGET_LPC1768/TOOLCHAIN_GCC_ARM\libmbed.a(serial_api.o)
 .text.uart0_irq
                0x00005684       0x64 ../common/native/mbed/TARGET_LPC1768/TOOLCHAIN_GCC_ARM\libmbed.a(serial_api.o)
                0x00005684                uart0_irq
 .text.uart3_irq
                0x000056e8       0x6c ../common/native/mbed/TARGET_LPC1768/TOOLCHAIN_GCC_ARM\libmbed.a(serial_api.o)
                0x000056e8                uart3_irq
 .text.uart1_irq
                0x00005754       0x64 ../common/native/mbed/TARGET_LPC1768/TOOLCHAIN_GCC_ARM\libmbed.a(serial_api.o)
                0x00005754                uart1_irq
 .text.serial_baud
                0x000057b8      0x244 ../common/native/mbed/TARGET_LPC1768/TOOLCHAIN_GCC_ARM\libmbed.a(serial_api.o)
                0x000057b8                serial_baud
 .text.serial_format
                0x000059fc       0x78 ../common/native/mbed/TARGET_LPC1768/TOOLCHAIN_GCC_ARM\libmbed.a(serial_api.o)
                0x000059fc                serial_format
 .text.serial_irq_handler
                0x00005a74       0x20 ../common/native/mbed/TARGET_LPC1768/TOOLCHAIN_GCC_ARM\libmbed.a(serial_api.o)
                0x00005a74                serial_irq_handler
 .text.serial_irq_set
                0x00005a94       0x20 ../common/native/mbed/TARGET_LPC1768/TOOLCHAIN_GCC_ARM\libmbed.a(serial_api.o)
                0x00005a94                serial_irq_set
 .text.serial_getc
                0x00005ab4       0x38 ../common/native/mbed/TARGET_LPC1768/TOOLCHAIN_GCC_ARM\libmbed.a(serial_api.o)
                0x00005ab4                serial_getc
 .text.serial_readable
                0x00005aec        0xc ../common/native/mbed/TARGET_LPC1768/TOOLCHAIN_GCC_ARM\libmbed.a(serial_api.o)
                0x00005aec                serial_readable
 .text.serial_writable
                0x00005af8       0x74 ../common/native/mbed/TARGET_LPC1768/TOOLCHAIN_GCC_ARM\libmbed.a(serial_api.o)
                0x00005af8                serial_writable
 .text.serial_putc
                0x00005b6c       0x34 ../common/native/mbed/TARGET_LPC1768/TOOLCHAIN_GCC_ARM\libmbed.a(serial_api.o)
                0x00005b6c                serial_putc
 .text.serial_set_flow_control
                0x00005ba0      0x12c ../common/native/mbed/TARGET_LPC1768/TOOLCHAIN_GCC_ARM\libmbed.a(serial_api.o)
                0x00005ba0                serial_set_flow_control
 .text.serial_init
                0x00005ccc      0x1bc ../common/native/mbed/TARGET_LPC1768/TOOLCHAIN_GCC_ARM\libmbed.a(serial_api.o)
                0x00005ccc                serial_init
 .text.us_ticker_init
                0x00005e88       0x68 ../common/native/mbed/TARGET_LPC1768/TOOLCHAIN_GCC_ARM\libmbed.a(us_ticker.o)
                0x00005e88                us_ticker_init
 .text.us_ticker_read
                0x00005ef0       0x1c ../common/native/mbed/TARGET_LPC1768/TOOLCHAIN_GCC_ARM\libmbed.a(us_ticker.o)
                0x00005ef0                us_ticker_read
 .text.us_ticker_set_interrupt
                0x00005f0c       0x14 ../common/native/mbed/TARGET_LPC1768/TOOLCHAIN_GCC_ARM\libmbed.a(us_ticker.o)
                0x00005f0c                us_ticker_set_interrupt
 .text.us_ticker_disable_interrupt
                0x00005f20       0x10 ../common/native/mbed/TARGET_LPC1768/TOOLCHAIN_GCC_ARM\libmbed.a(us_ticker.o)
                0x00005f20                us_ticker_disable_interrupt
 .text.us_ticker_clear_interrupt
                0x00005f30        0xc ../common/native/mbed/TARGET_LPC1768/TOOLCHAIN_GCC_ARM\libmbed.a(us_ticker.o)
                0x00005f30                us_ticker_clear_interrupt
 .text._ZN4mbed6BusOutD2Ev
                0x00005f3c       0x24 ../common/native/mbed/TARGET_LPC1768/TOOLCHAIN_GCC_ARM\libmbed.a(BusOut.o)
                0x00005f3c                mbed::BusOut::~BusOut()
                0x00005f3c                mbed::BusOut::~BusOut()
 .text._ZN4mbed6BusOutD0Ev
                0x00005f60       0x14 ../common/native/mbed/TARGET_LPC1768/TOOLCHAIN_GCC_ARM\libmbed.a(BusOut.o)
                0x00005f60                mbed::BusOut::~BusOut()
 .text._ZN4mbed6BusOutC2E7PinNameS1_S1_S1_S1_S1_S1_S1_S1_S1_S1_S1_S1_S1_S1_S1_
                0x00005f74       0x98 ../common/native/mbed/TARGET_LPC1768/TOOLCHAIN_GCC_ARM\libmbed.a(BusOut.o)
                0x00005f74                mbed::BusOut::BusOut(PinName, PinName, PinName, PinName, PinName, PinName, PinName, PinName, PinName, PinName, PinName, PinName, PinName, PinName, PinName, PinName)
                0x00005f74                mbed::BusOut::BusOut(PinName, PinName, PinName, PinName, PinName, PinName, PinName, PinName, PinName, PinName, PinName, PinName, PinName, PinName, PinName, PinName)
 .text._ZN4mbed6BusOut5writeEi
                0x0000600c       0x50 ../common/native/mbed/TARGET_LPC1768/TOOLCHAIN_GCC_ARM\libmbed.a(BusOut.o)
                0x0000600c                mbed::BusOut::write(int)
 .text._ZN4mbed6BusOutaSEi
                0x0000605c        0xc ../common/native/mbed/TARGET_LPC1768/TOOLCHAIN_GCC_ARM\libmbed.a(BusOut.o)
                0x0000605c                mbed::BusOut::operator=(int)
 .text._ZN4mbed8FilePathC2EPKc
                0x00006068       0x58 ../common/native/mbed/TARGET_LPC1768/TOOLCHAIN_GCC_ARM\libmbed.a(FilePath.o)
                0x00006068                mbed::FilePath::FilePath(char const*)
                0x00006068                mbed::FilePath::FilePath(char const*)
 .text._ZN4mbed8FilePath8fileNameEv
                0x000060c0        0x4 ../common/native/mbed/TARGET_LPC1768/TOOLCHAIN_GCC_ARM\libmbed.a(FilePath.o)
                0x000060c0                mbed::FilePath::fileName()
 .text._ZN4mbed8FilePath10fileSystemEv
                0x000060c4       0x18 ../common/native/mbed/TARGET_LPC1768/TOOLCHAIN_GCC_ARM\libmbed.a(FilePath.o)
                0x000060c4                mbed::FilePath::fileSystem()
 .text._ZN4mbed8FilePath6isFileEv
                0x000060dc       0x14 ../common/native/mbed/TARGET_LPC1768/TOOLCHAIN_GCC_ARM\libmbed.a(FilePath.o)
                0x000060dc                mbed::FilePath::isFile()
 .text._ZN4mbed8FilePath4fileEv
                0x000060f0       0x1c ../common/native/mbed/TARGET_LPC1768/TOOLCHAIN_GCC_ARM\libmbed.a(FilePath.o)
                0x000060f0                mbed::FilePath::file()
 .text._ZN4mbed8FilePath6existsEv
                0x0000610c        0xc ../common/native/mbed/TARGET_LPC1768/TOOLCHAIN_GCC_ARM\libmbed.a(FilePath.o)
                0x0000610c                mbed::FilePath::exists()
 .text._ZN4mbed15FunctionPointerC2EPFvvE
                0x00006118        0xc ../common/native/mbed/TARGET_LPC1768/TOOLCHAIN_GCC_ARM\libmbed.a(FunctionPointer.o)
                0x00006118                mbed::FunctionPointer::FunctionPointer(void (*)())
                0x00006118                mbed::FunctionPointer::FunctionPointer(void (*)())
 .text._ZN4mbed15FunctionPointer6attachEPFvvE
                0x00006124        0x8 ../common/native/mbed/TARGET_LPC1768/TOOLCHAIN_GCC_ARM\libmbed.a(FunctionPointer.o)
                0x00006124                mbed::FunctionPointer::attach(void (*)())
 .text._ZN4mbed15FunctionPointer4callEv
                0x0000612c       0x18 ../common/native/mbed/TARGET_LPC1768/TOOLCHAIN_GCC_ARM\libmbed.a(FunctionPointer.o)
                0x0000612c                mbed::FunctionPointer::call()
 .text._ZN4mbed6Serial5_getcEv
                0x00006144        0x4 ../common/native/mbed/TARGET_LPC1768/TOOLCHAIN_GCC_ARM\libmbed.a(Serial.o)
                0x00006144                mbed::Serial::_getc()
 .text._ZThn72_N4mbed6Serial5_getcEv
                0x00006148        0x8 ../common/native/mbed/TARGET_LPC1768/TOOLCHAIN_GCC_ARM\libmbed.a(Serial.o)
                0x00006148                non-virtual thunk to mbed::Serial::_getc()
 .text._ZN4mbed6Serial5_putcEi
                0x00006150        0x4 ../common/native/mbed/TARGET_LPC1768/TOOLCHAIN_GCC_ARM\libmbed.a(Serial.o)
                0x00006150                mbed::Serial::_putc(int)
 .text._ZThn72_N4mbed6Serial5_putcEi
                0x00006154        0x8 ../common/native/mbed/TARGET_LPC1768/TOOLCHAIN_GCC_ARM\libmbed.a(Serial.o)
                0x00006154                non-virtual thunk to mbed::Serial::_putc(int)
 .text._ZN4mbed6SerialC2E7PinNameS1_PKc
                0x0000615c       0x30 ../common/native/mbed/TARGET_LPC1768/TOOLCHAIN_GCC_ARM\libmbed.a(Serial.o)
                0x0000615c                mbed::Serial::Serial(PinName, PinName, char const*)
                0x0000615c                mbed::Serial::Serial(PinName, PinName, char const*)
 .text._ZN4mbed10SerialBase12_irq_handlerEm9SerialIrq
                0x0000618c       0x10 ../common/native/mbed/TARGET_LPC1768/TOOLCHAIN_GCC_ARM\libmbed.a(SerialBase.o)
                0x0000618c                mbed::SerialBase::_irq_handler(unsigned long, SerialIrq)
 .text._ZN4mbed10SerialBaseC2E7PinNameS1_
                0x0000619c       0x4c ../common/native/mbed/TARGET_LPC1768/TOOLCHAIN_GCC_ARM\libmbed.a(SerialBase.o)
                0x0000619c                mbed::SerialBase::SerialBase(PinName, PinName)
                0x0000619c                mbed::SerialBase::SerialBase(PinName, PinName)
 .text._ZN4mbed10SerialBase8readableEv
                0x000061e8        0x8 ../common/native/mbed/TARGET_LPC1768/TOOLCHAIN_GCC_ARM\libmbed.a(SerialBase.o)
                0x000061e8                mbed::SerialBase::readable()
 .text._ZN4mbed10SerialBase6attachEPFvvENS0_7IrqTypeE
                0x000061f0       0x34 ../common/native/mbed/TARGET_LPC1768/TOOLCHAIN_GCC_ARM\libmbed.a(SerialBase.o)
                0x000061f0                mbed::SerialBase::attach(void (*)(), mbed::SerialBase::IrqType)
 .text._ZN4mbed10SerialBase10_base_getcEv
                0x00006224        0x8 ../common/native/mbed/TARGET_LPC1768/TOOLCHAIN_GCC_ARM\libmbed.a(SerialBase.o)
                0x00006224                mbed::SerialBase::_base_getc()
 .text._ZN4mbed10SerialBase10_base_putcEi
                0x0000622c       0x10 ../common/native/mbed/TARGET_LPC1768/TOOLCHAIN_GCC_ARM\libmbed.a(SerialBase.o)
                0x0000622c                mbed::SerialBase::_base_putc(int)
 .text._ZN4mbed6Stream5closeEv
                0x0000623c        0x4 ../common/native/mbed/TARGET_LPC1768/TOOLCHAIN_GCC_ARM\libmbed.a(Stream.o)
                0x0000623c                mbed::Stream::close()
 .text._ZN4mbed6Stream5writeEPKvj
                0x00006240       0x30 ../common/native/mbed/TARGET_LPC1768/TOOLCHAIN_GCC_ARM\libmbed.a(Stream.o)
                0x00006240                mbed::Stream::write(void const*, unsigned int)
 .text._ZN4mbed6Stream4readEPvj
                0x00006270       0x30 ../common/native/mbed/TARGET_LPC1768/TOOLCHAIN_GCC_ARM\libmbed.a(Stream.o)
                0x00006270                mbed::Stream::read(void*, unsigned int)
 .text._ZN4mbed6Stream5lseekEli
                0x000062a0        0x4 ../common/native/mbed/TARGET_LPC1768/TOOLCHAIN_GCC_ARM\libmbed.a(Stream.o)
                0x000062a0                mbed::Stream::lseek(long, int)
 .text._ZN4mbed6Stream6isattyEv
                0x000062a4        0x4 ../common/native/mbed/TARGET_LPC1768/TOOLCHAIN_GCC_ARM\libmbed.a(Stream.o)
                0x000062a4                mbed::Stream::isatty()
 .text._ZN4mbed6Stream5fsyncEv
                0x000062a8        0x4 ../common/native/mbed/TARGET_LPC1768/TOOLCHAIN_GCC_ARM\libmbed.a(Stream.o)
                0x000062a8                mbed::Stream::fsync()
 .text._ZN4mbed6Stream4flenEv
                0x000062ac        0x4 ../common/native/mbed/TARGET_LPC1768/TOOLCHAIN_GCC_ARM\libmbed.a(Stream.o)
                0x000062ac                mbed::Stream::flen()
 .text._ZN4mbed6StreamD2Ev
                0x000062b0       0x24 ../common/native/mbed/TARGET_LPC1768/TOOLCHAIN_GCC_ARM\libmbed.a(Stream.o)
                0x000062b0                mbed::Stream::~Stream()
                0x000062b0                mbed::Stream::~Stream()
 .text._ZThn4_N4mbed6StreamD1Ev
                0x000062d4        0x8 ../common/native/mbed/TARGET_LPC1768/TOOLCHAIN_GCC_ARM\libmbed.a(Stream.o)
                0x000062d4                non-virtual thunk to mbed::Stream::~Stream()
 .text._ZN4mbed6StreamD0Ev
                0x000062dc       0x14 ../common/native/mbed/TARGET_LPC1768/TOOLCHAIN_GCC_ARM\libmbed.a(Stream.o)
                0x000062dc                mbed::Stream::~Stream()
 .text._ZThn4_N4mbed6StreamD0Ev
                0x000062f0        0x8 ../common/native/mbed/TARGET_LPC1768/TOOLCHAIN_GCC_ARM\libmbed.a(Stream.o)
                0x000062f0                non-virtual thunk to mbed::Stream::~Stream()
 .text._ZN4mbed6StreamC2EPKc
                0x000062f8       0x48 ../common/native/mbed/TARGET_LPC1768/TOOLCHAIN_GCC_ARM\libmbed.a(Stream.o)
                0x000062f8                mbed::Stream::Stream(char const*)
                0x000062f8                mbed::Stream::Stream(char const*)
 .text._ZN4mbed6Stream4getcEv
                0x00006340       0x14 ../common/native/mbed/TARGET_LPC1768/TOOLCHAIN_GCC_ARM\libmbed.a(Stream.o)
                0x00006340                mbed::Stream::getc()
 .text._ZN4mbed6Stream6printfEPKcz
                0x00006354       0x2c ../common/native/mbed/TARGET_LPC1768/TOOLCHAIN_GCC_ARM\libmbed.a(Stream.o)
                0x00006354                mbed::Stream::printf(char const*, ...)
 .text._ZN4mbed6Ticker7handlerEv
                0x00006380       0x24 ../common/native/mbed/TARGET_LPC1768/TOOLCHAIN_GCC_ARM\libmbed.a(Ticker.o)
                0x00006380                mbed::Ticker::handler()
 .text._ZN4mbed6Ticker6detachEv
                0x000063a4       0x18 ../common/native/mbed/TARGET_LPC1768/TOOLCHAIN_GCC_ARM\libmbed.a(Ticker.o)
                0x000063a4                mbed::Ticker::detach()
 .text._ZN4mbed6Ticker5setupEy
                0x000063bc       0x24 ../common/native/mbed/TARGET_LPC1768/TOOLCHAIN_GCC_ARM\libmbed.a(Ticker.o)
                0x000063bc                mbed::Ticker::setup(unsigned long long)
 .text._ZN4mbed5TimerC2Ev
                0x000063e0       0x18 ../common/native/mbed/TARGET_LPC1768/TOOLCHAIN_GCC_ARM\libmbed.a(Timer.o)
                0x000063e0                mbed::Timer::Timer()
                0x000063e0                mbed::Timer::Timer()
 .text._ZN4mbed5Timer5startEv
                0x000063f8       0x14 ../common/native/mbed/TARGET_LPC1768/TOOLCHAIN_GCC_ARM\libmbed.a(Timer.o)
                0x000063f8                mbed::Timer::start()
 .text._ZN4mbed5Timer7read_usEv
                0x0000640c       0x18 ../common/native/mbed/TARGET_LPC1768/TOOLCHAIN_GCC_ARM\libmbed.a(Timer.o)
                0x0000640c                mbed::Timer::read_us()
 .text._ZN4mbed10TimerEvent3irqEm
                0x00006424        0xc ../common/native/mbed/TARGET_LPC1768/TOOLCHAIN_GCC_ARM\libmbed.a(TimerEvent.o)
                0x00006424                mbed::TimerEvent::irq(unsigned long)
 .text._ZN4mbed10TimerEventD2Ev
                0x00006430       0x18 ../common/native/mbed/TARGET_LPC1768/TOOLCHAIN_GCC_ARM\libmbed.a(TimerEvent.o)
                0x00006430                mbed::TimerEvent::~TimerEvent()
                0x00006430                mbed::TimerEvent::~TimerEvent()
 .text._ZN4mbed10TimerEventD0Ev
                0x00006448       0x1c ../common/native/mbed/TARGET_LPC1768/TOOLCHAIN_GCC_ARM\libmbed.a(TimerEvent.o)
                0x00006448                mbed::TimerEvent::~TimerEvent()
 .text._ZN4mbed10TimerEventC2Ev
                0x00006464       0x28 ../common/native/mbed/TARGET_LPC1768/TOOLCHAIN_GCC_ARM\libmbed.a(TimerEvent.o)
                0x00006464                mbed::TimerEvent::TimerEvent()
                0x00006464                mbed::TimerEvent::TimerEvent()
 .text._ZN4mbed10TimerEvent6insertEy
                0x0000648c       0x14 ../common/native/mbed/TARGET_LPC1768/TOOLCHAIN_GCC_ARM\libmbed.a(TimerEvent.o)
                0x0000648c                mbed::TimerEvent::insert(unsigned long long)
 .text._ZN4mbed10TimerEvent6removeEv
                0x000064a0        0x8 ../common/native/mbed/TARGET_LPC1768/TOOLCHAIN_GCC_ARM\libmbed.a(TimerEvent.o)
                0x000064a0                mbed::TimerEvent::remove()
 .text.mbed_assert_internal
                0x000064a8       0x2c ../common/native/mbed/TARGET_LPC1768/TOOLCHAIN_GCC_ARM\libmbed.a(assert.o)
                0x000064a8                mbed_assert_internal
 .text.error    0x000064d4       0x24 ../common/native/mbed/TARGET_LPC1768/TOOLCHAIN_GCC_ARM\libmbed.a(error.o)
                0x000064d4                error
 .text.exit     0x000064f8       0x30 ../common/native/mbed/TARGET_LPC1768/TOOLCHAIN_GCC_ARM\libmbed.a(exit.o)
                0x000064f8                exit
 .text.gpio_init_in
                0x00006528       0x24 ../common/native/mbed/TARGET_LPC1768/TOOLCHAIN_GCC_ARM\libmbed.a(gpio.o)
                0x00006528                gpio_init_in
 .text.gpio_init_out
                0x0000654c       0x44 ../common/native/mbed/TARGET_LPC1768/TOOLCHAIN_GCC_ARM\libmbed.a(gpio.o)
                0x0000654c                gpio_init_out
 .text.gpio_init_out_ex
                0x00006590       0x54 ../common/native/mbed/TARGET_LPC1768/TOOLCHAIN_GCC_ARM\libmbed.a(gpio.o)
                0x00006590                gpio_init_out_ex
 .text.mbed_interface_connected
                0x000065e4        0x4 ../common/native/mbed/TARGET_LPC1768/TOOLCHAIN_GCC_ARM\libmbed.a(mbed_interface.o)
                0x000065e4                mbed_interface_connected
 .text.pinmap_pinout
                0x000065e8       0x40 ../common/native/mbed/TARGET_LPC1768/TOOLCHAIN_GCC_ARM\libmbed.a(pinmap_common.o)
                0x000065e8                pinmap_pinout
 .text.pinmap_merge
                0x00006628       0x24 ../common/native/mbed/TARGET_LPC1768/TOOLCHAIN_GCC_ARM\libmbed.a(pinmap_common.o)
                0x00006628                pinmap_merge
 .text.pinmap_find_peripheral
                0x0000664c       0x1c ../common/native/mbed/TARGET_LPC1768/TOOLCHAIN_GCC_ARM\libmbed.a(pinmap_common.o)
                0x0000664c                pinmap_find_peripheral
 .text.pinmap_peripheral
                0x00006668       0x34 ../common/native/mbed/TARGET_LPC1768/TOOLCHAIN_GCC_ARM\libmbed.a(pinmap_common.o)
                0x00006668                pinmap_peripheral
 .text.semihost_exit
                0x0000669c       0x18 ../common/native/mbed/TARGET_LPC1768/TOOLCHAIN_GCC_ARM\libmbed.a(semihost_api.o)
                0x0000669c                semihost_exit
 .text.semihost_connected
                0x000066b4       0x10 ../common/native/mbed/TARGET_LPC1768/TOOLCHAIN_GCC_ARM\libmbed.a(semihost_api.o)
                0x000066b4                semihost_connected
 .text.us_ticker_set_handler
                0x000066c4       0x14 ../common/native/mbed/TARGET_LPC1768/TOOLCHAIN_GCC_ARM\libmbed.a(us_ticker_api.o)
                0x000066c4                us_ticker_set_handler
 .text.us_ticker_irq_handler
                0x000066d8       0x58 ../common/native/mbed/TARGET_LPC1768/TOOLCHAIN_GCC_ARM\libmbed.a(us_ticker_api.o)
                0x000066d8                us_ticker_irq_handler
 .text.us_ticker_insert_event
                0x00006730       0x64 ../common/native/mbed/TARGET_LPC1768/TOOLCHAIN_GCC_ARM\libmbed.a(us_ticker_api.o)
                0x00006730                us_ticker_insert_event
 .text.us_ticker_remove_event
                0x00006794       0x4c ../common/native/mbed/TARGET_LPC1768/TOOLCHAIN_GCC_ARM\libmbed.a(us_ticker_api.o)
                0x00006794                us_ticker_remove_event
 .text.wait_us  0x000067e0       0x18 ../common/native/mbed/TARGET_LPC1768/TOOLCHAIN_GCC_ARM\libmbed.a(wait_api.o)
                0x000067e0                wait_us
 .text.wait     0x000067f8       0x18 ../common/native/mbed/TARGET_LPC1768/TOOLCHAIN_GCC_ARM\libmbed.a(wait_api.o)
                0x000067f8                wait
 .text.wait_ms  0x00006810        0xc ../common/native/mbed/TARGET_LPC1768/TOOLCHAIN_GCC_ARM\libmbed.a(wait_api.o)
                0x00006810                wait_ms
 .text._ZN4mbed8FileBaseD2Ev
                0x0000681c       0x30 ../common/native/mbed/TARGET_LPC1768/TOOLCHAIN_GCC_ARM\libmbed.a(FileBase.o)
                0x0000681c                mbed::FileBase::~FileBase()
                0x0000681c                mbed::FileBase::~FileBase()
 .text._ZN4mbed8FileBaseD0Ev
                0x0000684c       0x3c ../common/native/mbed/TARGET_LPC1768/TOOLCHAIN_GCC_ARM\libmbed.a(FileBase.o)
                0x0000684c                mbed::FileBase::~FileBase()
 .text._ZN4mbed8FileBaseC2EPKcNS_8PathTypeE
                0x00006888       0x28 ../common/native/mbed/TARGET_LPC1768/TOOLCHAIN_GCC_ARM\libmbed.a(FileBase.o)
                0x00006888                mbed::FileBase::FileBase(char const*, mbed::PathType)
                0x00006888                mbed::FileBase::FileBase(char const*, mbed::PathType)
 .text._ZN4mbed8FileBase6lookupEPKcj
                0x000068b0       0x3c ../common/native/mbed/TARGET_LPC1768/TOOLCHAIN_GCC_ARM\libmbed.a(FileBase.o)
                0x000068b0                mbed::FileBase::lookup(char const*, unsigned int)
 .text._ZN4mbed8FileBase11getPathTypeEv
                0x000068ec        0x4 ../common/native/mbed/TARGET_LPC1768/TOOLCHAIN_GCC_ARM\libmbed.a(FileBase.o)
                0x000068ec                mbed::FileBase::getPathType()
 .text._ZN4mbed8FileLikeD2Ev
                0x000068f0       0x24 ../common/native/mbed/TARGET_LPC1768/TOOLCHAIN_GCC_ARM\libmbed.a(FileLike.o)
                0x000068f0                mbed::FileLike::~FileLike()
                0x000068f0                mbed::FileLike::~FileLike()
 .text._ZThn4_N4mbed8FileLikeD1Ev
                0x00006914        0x8 ../common/native/mbed/TARGET_LPC1768/TOOLCHAIN_GCC_ARM\libmbed.a(FileLike.o)
                0x00006914                non-virtual thunk to mbed::FileLike::~FileLike()
 .text._ZN4mbed8FileLikeD0Ev
                0x0000691c       0x2c ../common/native/mbed/TARGET_LPC1768/TOOLCHAIN_GCC_ARM\libmbed.a(FileLike.o)
                0x0000691c                mbed::FileLike::~FileLike()
 .text._ZThn4_N4mbed8FileLikeD0Ev
                0x00006948        0x8 ../common/native/mbed/TARGET_LPC1768/TOOLCHAIN_GCC_ARM\libmbed.a(FileLike.o)
                0x00006948                non-virtual thunk to mbed::FileLike::~FileLike()
 .text._ZN4mbed8FileLikeC2EPKc
                0x00006950       0x28 ../common/native/mbed/TARGET_LPC1768/TOOLCHAIN_GCC_ARM\libmbed.a(FileLike.o)
                0x00006950                mbed::FileLike::FileLike(char const*)
                0x00006950                mbed::FileLike::FileLike(char const*)
 .text._Znwj    0x00006978       0x28 c:/program files (x86)/gnu tools arm embedded/4.8 2014q3/bin/../lib/gcc/arm-none-eabi/4.8.4/../../../../arm-none-eabi/lib/armv7-m\libstdc++_s.a(new_op.o)
                0x00006978                operator new(unsigned int)
 .text._ZdlPv   0x000069a0        0x8 c:/program files (x86)/gnu tools arm embedded/4.8 2014q3/bin/../lib/gcc/arm-none-eabi/4.8.4/../../../../arm-none-eabi/lib/armv7-m\libstdc++_s.a(del_op.o)
                0x000069a0                operator delete(void*)
 .text.__aeabi_atexit
                0x000069a8        0xa c:/program files (x86)/gnu tools arm embedded/4.8 2014q3/bin/../lib/gcc/arm-none-eabi/4.8.4/../../../../arm-none-eabi/lib/armv7-m\libstdc++_s.a(atexit_arm.o)
                0x000069a8                __aeabi_atexit
 .text.abort    0x000069b2        0xe c:/program files (x86)/gnu tools arm embedded/4.8 2014q3/bin/../lib/gcc/arm-none-eabi/4.8.4/../../../../arm-none-eabi/lib/armv7-m\libc_s.a(lib_a-abort.o)
                0x000069b2                abort
 .text.abs      0x000069c0        0x8 c:/program files (x86)/gnu tools arm embedded/4.8 2014q3/bin/../lib/gcc/arm-none-eabi/4.8.4/../../../../arm-none-eabi/lib/armv7-m\libc_s.a(lib_a-abs.o)
                0x000069c0                abs
 .text.atexit   0x000069c8        0xc c:/program files (x86)/gnu tools arm embedded/4.8 2014q3/bin/../lib/gcc/arm-none-eabi/4.8.4/../../../../arm-none-eabi/lib/armv7-m\libc_s.a(lib_a-atexit.o)
                0x000069c8                atexit
 .text.__cxa_atexit
                0x000069d4       0x20 c:/program files (x86)/gnu tools arm embedded/4.8 2014q3/bin/../lib/gcc/arm-none-eabi/4.8.4/../../../../arm-none-eabi/lib/armv7-m\libc_s.a(lib_a-cxa_atexit.o)
                0x000069d4                __cxa_atexit
 .text.__errno  0x000069f4        0xc c:/program files (x86)/gnu tools arm embedded/4.8 2014q3/bin/../lib/gcc/arm-none-eabi/4.8.4/../../../../arm-none-eabi/lib/armv7-m\libc_s.a(lib_a-errno.o)
                0x000069f4                __errno
 .text._fclose_r
                0x00006a00       0xa4 c:/program files (x86)/gnu tools arm embedded/4.8 2014q3/bin/../lib/gcc/arm-none-eabi/4.8.4/../../../../arm-none-eabi/lib/armv7-m\libc_s.a(lib_a-fclose.o)
                0x00006a00                _fclose_r
 .text.fclose   0x00006aa4       0x10 c:/program files (x86)/gnu tools arm embedded/4.8 2014q3/bin/../lib/gcc/arm-none-eabi/4.8.4/../../../../arm-none-eabi/lib/armv7-m\libc_s.a(lib_a-fclose.o)
                0x00006aa4                fclose
 .text.__sflush_r
                0x00006ab4      0x106 c:/program files (x86)/gnu tools arm embedded/4.8 2014q3/bin/../lib/gcc/arm-none-eabi/4.8.4/../../../../arm-none-eabi/lib/armv7-m\libc_s.a(lib_a-fflush.o)
                0x00006ab4                __sflush_r
 *fill*         0x00006bba        0x2 
 .text._fflush_r
                0x00006bbc       0x54 c:/program files (x86)/gnu tools arm embedded/4.8 2014q3/bin/../lib/gcc/arm-none-eabi/4.8.4/../../../../arm-none-eabi/lib/armv7-m\libc_s.a(lib_a-fflush.o)
                0x00006bbc                _fflush_r
 .text.fflush   0x00006c10       0x24 c:/program files (x86)/gnu tools arm embedded/4.8 2014q3/bin/../lib/gcc/arm-none-eabi/4.8.4/../../../../arm-none-eabi/lib/armv7-m\libc_s.a(lib_a-fflush.o)
                0x00006c10                fflush
 .text._fgetc_r
                0x00006c34       0x58 c:/program files (x86)/gnu tools arm embedded/4.8 2014q3/bin/../lib/gcc/arm-none-eabi/4.8.4/../../../../arm-none-eabi/lib/armv7-m\libc_s.a(lib_a-fgetc.o)
                0x00006c34                _fgetc_r
 .text.fgetc    0x00006c8c       0x10 c:/program files (x86)/gnu tools arm embedded/4.8 2014q3/bin/../lib/gcc/arm-none-eabi/4.8.4/../../../../arm-none-eabi/lib/armv7-m\libc_s.a(lib_a-fgetc.o)
                0x00006c8c                fgetc
 .text._cleanup_r
                0x00006c9c       0x32 c:/program files (x86)/gnu tools arm embedded/4.8 2014q3/bin/../lib/gcc/arm-none-eabi/4.8.4/../../../../arm-none-eabi/lib/armv7-m\libc_s.a(lib_a-findfp.o)
                0x00006c9c                _cleanup_r
 *fill*         0x00006cce        0x2 
 .text.std.isra.0
                0x00006cd0       0x48 c:/program files (x86)/gnu tools arm embedded/4.8 2014q3/bin/../lib/gcc/arm-none-eabi/4.8.4/../../../../arm-none-eabi/lib/armv7-m\libc_s.a(lib_a-findfp.o)
 .text.__sfmoreglue
                0x00006d18       0x2c c:/program files (x86)/gnu tools arm embedded/4.8 2014q3/bin/../lib/gcc/arm-none-eabi/4.8.4/../../../../arm-none-eabi/lib/armv7-m\libc_s.a(lib_a-findfp.o)
                0x00006d18                __sfmoreglue
 .text.__sinit  0x00006d44       0x60 c:/program files (x86)/gnu tools arm embedded/4.8 2014q3/bin/../lib/gcc/arm-none-eabi/4.8.4/../../../../arm-none-eabi/lib/armv7-m\libc_s.a(lib_a-findfp.o)
                0x00006d44                __sinit
 .text.__sfp    0x00006da4       0x74 c:/program files (x86)/gnu tools arm embedded/4.8 2014q3/bin/../lib/gcc/arm-none-eabi/4.8.4/../../../../arm-none-eabi/lib/armv7-m\libc_s.a(lib_a-findfp.o)
                0x00006da4                __sfp
 .text.__sfp_lock_acquire
                0x00006e18        0x2 c:/program files (x86)/gnu tools arm embedded/4.8 2014q3/bin/../lib/gcc/arm-none-eabi/4.8.4/../../../../arm-none-eabi/lib/armv7-m\libc_s.a(lib_a-findfp.o)
                0x00006e18                __sfp_lock_acquire
 .text.__sfp_lock_release
                0x00006e1a        0x2 c:/program files (x86)/gnu tools arm embedded/4.8 2014q3/bin/../lib/gcc/arm-none-eabi/4.8.4/../../../../arm-none-eabi/lib/armv7-m\libc_s.a(lib_a-findfp.o)
                0x00006e1a                __sfp_lock_release
 .text.__libc_fini_array
                0x00006e1c       0x2c c:/program files (x86)/gnu tools arm embedded/4.8 2014q3/bin/../lib/gcc/arm-none-eabi/4.8.4/../../../../arm-none-eabi/lib/armv7-m\libc_s.a(lib_a-fini.o)
                0x00006e1c                __libc_fini_array
 .text._fopen_r
                0x00006e48       0x80 c:/program files (x86)/gnu tools arm embedded/4.8 2014q3/bin/../lib/gcc/arm-none-eabi/4.8.4/../../../../arm-none-eabi/lib/armv7-m\libc_s.a(lib_a-fopen.o)
                0x00006e48                _fopen_r
 .text.fopen    0x00006ec8       0x14 c:/program files (x86)/gnu tools arm embedded/4.8 2014q3/bin/../lib/gcc/arm-none-eabi/4.8.4/../../../../arm-none-eabi/lib/armv7-m\libc_s.a(lib_a-fopen.o)
                0x00006ec8                fopen
 .text.fprintf  0x00006edc       0x24 c:/program files (x86)/gnu tools arm embedded/4.8 2014q3/bin/../lib/gcc/arm-none-eabi/4.8.4/../../../../arm-none-eabi/lib/armv7-m\libc_s.a(lib_a-fprintf.o)
                0x00006edc                fiprintf
                0x00006edc                fprintf
 .text._fseek_r
                0x00006f00        0x4 c:/program files (x86)/gnu tools arm embedded/4.8 2014q3/bin/../lib/gcc/arm-none-eabi/4.8.4/../../../../arm-none-eabi/lib/armv7-m\libc_s.a(lib_a-fseek.o)
                0x00006f00                _fseek_r
 .text._fseeko_r
                0x00006f04      0x11c c:/program files (x86)/gnu tools arm embedded/4.8 2014q3/bin/../lib/gcc/arm-none-eabi/4.8.4/../../../../arm-none-eabi/lib/armv7-m\libc_s.a(lib_a-fseeko.o)
                0x00006f04                _fseeko_r
 .text._fwalk   0x00007020       0x38 c:/program files (x86)/gnu tools arm embedded/4.8 2014q3/bin/../lib/gcc/arm-none-eabi/4.8.4/../../../../arm-none-eabi/lib/armv7-m\libc_s.a(lib_a-fwalk.o)
                0x00007020                _fwalk
 .text._fwalk_reent
                0x00007058       0x3c c:/program files (x86)/gnu tools arm embedded/4.8 2014q3/bin/../lib/gcc/arm-none-eabi/4.8.4/../../../../arm-none-eabi/lib/armv7-m\libc_s.a(lib_a-fwalk.o)
                0x00007058                _fwalk_reent
 .text.__libc_init_array
                0x00007094       0x4c c:/program files (x86)/gnu tools arm embedded/4.8 2014q3/bin/../lib/gcc/arm-none-eabi/4.8.4/../../../../arm-none-eabi/lib/armv7-m\libc_s.a(lib_a-init.o)
                0x00007094                __libc_init_array
 .text.__smakebuf_r
                0x000070e0       0x98 c:/program files (x86)/gnu tools arm embedded/4.8 2014q3/bin/../lib/gcc/arm-none-eabi/4.8.4/../../../../arm-none-eabi/lib/armv7-m\libc_s.a(lib_a-makebuf.o)
                0x000070e0                __smakebuf_r
 .text.malloc   0x00007178       0x10 c:/program files (x86)/gnu tools arm embedded/4.8 2014q3/bin/../lib/gcc/arm-none-eabi/4.8.4/../../../../arm-none-eabi/lib/armv7-m\libc_s.a(lib_a-malloc.o)
                0x00007178                malloc
 .text.free     0x00007188       0x10 c:/program files (x86)/gnu tools arm embedded/4.8 2014q3/bin/../lib/gcc/arm-none-eabi/4.8.4/../../../../arm-none-eabi/lib/armv7-m\libc_s.a(lib_a-malloc.o)
                0x00007188                free
 .text.memchr   0x00007198       0x1c c:/program files (x86)/gnu tools arm embedded/4.8 2014q3/bin/../lib/gcc/arm-none-eabi/4.8.4/../../../../arm-none-eabi/lib/armv7-m\libc_s.a(lib_a-memchr-stub.o)
                0x00007198                memchr
 .text.memcpy   0x000071b4       0x12 c:/program files (x86)/gnu tools arm embedded/4.8 2014q3/bin/../lib/gcc/arm-none-eabi/4.8.4/../../../../arm-none-eabi/lib/armv7-m\libc_s.a(lib_a-memcpy-stub.o)
                0x000071b4                memcpy
 .text.memset   0x000071c6       0x10 c:/program files (x86)/gnu tools arm embedded/4.8 2014q3/bin/../lib/gcc/arm-none-eabi/4.8.4/../../../../arm-none-eabi/lib/armv7-m\libc_s.a(lib_a-memset.o)
                0x000071c6                memset
 *fill*         0x000071d6        0x2 
 .text._free_r  0x000071d8       0x88 c:/program files (x86)/gnu tools arm embedded/4.8 2014q3/bin/../lib/gcc/arm-none-eabi/4.8.4/../../../../arm-none-eabi/lib/armv7-m\libc_s.a(lib_a-nano-freer.o)
                0x000071d8                _free_r
 .text._malloc_r
                0x00007260       0xa8 c:/program files (x86)/gnu tools arm embedded/4.8 2014q3/bin/../lib/gcc/arm-none-eabi/4.8.4/../../../../arm-none-eabi/lib/armv7-m\libc_s.a(lib_a-nano-mallocr.o)
                0x00007260                _malloc_r
 .text._open_r  0x00007308       0x24 c:/program files (x86)/gnu tools arm embedded/4.8 2014q3/bin/../lib/gcc/arm-none-eabi/4.8.4/../../../../arm-none-eabi/lib/armv7-m\libc_s.a(lib_a-openr.o)
                0x00007308                _open_r
 .text.lflush   0x0000732c       0x12 c:/program files (x86)/gnu tools arm embedded/4.8 2014q3/bin/../lib/gcc/arm-none-eabi/4.8.4/../../../../arm-none-eabi/lib/armv7-m\libc_s.a(lib_a-refill.o)
 *fill*         0x0000733e        0x2 
 .text.__srefill_r
                0x00007340      0x10c c:/program files (x86)/gnu tools arm embedded/4.8 2014q3/bin/../lib/gcc/arm-none-eabi/4.8.4/../../../../arm-none-eabi/lib/armv7-m\libc_s.a(lib_a-refill.o)
                0x00007340                __srefill_r
 .text.__srget_r
                0x0000744c       0x58 c:/program files (x86)/gnu tools arm embedded/4.8 2014q3/bin/../lib/gcc/arm-none-eabi/4.8.4/../../../../arm-none-eabi/lib/armv7-m\libc_s.a(lib_a-rget.o)
                0x0000744c                __srget_r
 .text._sbrk_r  0x000074a4       0x20 c:/program files (x86)/gnu tools arm embedded/4.8 2014q3/bin/../lib/gcc/arm-none-eabi/4.8.4/../../../../arm-none-eabi/lib/armv7-m\libc_s.a(lib_a-sbrkr.o)
                0x000074a4                _sbrk_r
 .text.setbuf   0x000074c4       0x10 c:/program files (x86)/gnu tools arm embedded/4.8 2014q3/bin/../lib/gcc/arm-none-eabi/4.8.4/../../../../arm-none-eabi/lib/armv7-m\libc_s.a(lib_a-setbuf.o)
                0x000074c4                setbuf
 .text.setvbuf  0x000074d4      0x110 c:/program files (x86)/gnu tools arm embedded/4.8 2014q3/bin/../lib/gcc/arm-none-eabi/4.8.4/../../../../arm-none-eabi/lib/armv7-m\libc_s.a(lib_a-setvbuf.o)
                0x000074d4                setvbuf
 .text._raise_r
                0x000075e4       0x50 c:/program files (x86)/gnu tools arm embedded/4.8 2014q3/bin/../lib/gcc/arm-none-eabi/4.8.4/../../../../arm-none-eabi/lib/armv7-m\libc_s.a(lib_a-signal.o)
                0x000075e4                _raise_r
 .text.raise    0x00007634       0x10 c:/program files (x86)/gnu tools arm embedded/4.8 2014q3/bin/../lib/gcc/arm-none-eabi/4.8.4/../../../../arm-none-eabi/lib/armv7-m\libc_s.a(lib_a-signal.o)
                0x00007634                raise
 .text._kill_r  0x00007644       0x24 c:/program files (x86)/gnu tools arm embedded/4.8 2014q3/bin/../lib/gcc/arm-none-eabi/4.8.4/../../../../arm-none-eabi/lib/armv7-m\libc_s.a(lib_a-signalr.o)
                0x00007644                _kill_r
 .text._getpid_r
                0x00007668        0x4 c:/program files (x86)/gnu tools arm embedded/4.8 2014q3/bin/../lib/gcc/arm-none-eabi/4.8.4/../../../../arm-none-eabi/lib/armv7-m\libc_s.a(lib_a-signalr.o)
                0x00007668                _getpid_r
 .text.sprintf  0x0000766c       0x48 c:/program files (x86)/gnu tools arm embedded/4.8 2014q3/bin/../lib/gcc/arm-none-eabi/4.8.4/../../../../arm-none-eabi/lib/armv7-m\libc_s.a(lib_a-sprintf.o)
                0x0000766c                siprintf
                0x0000766c                sprintf
 .text.sscanf   0x000076b4       0x54 c:/program files (x86)/gnu tools arm embedded/4.8 2014q3/bin/../lib/gcc/arm-none-eabi/4.8.4/../../../../arm-none-eabi/lib/armv7-m\libc_s.a(lib_a-sscanf.o)
                0x000076b4                siscanf
                0x000076b4                sscanf
 .text.__sread  0x00007708       0x22 c:/program files (x86)/gnu tools arm embedded/4.8 2014q3/bin/../lib/gcc/arm-none-eabi/4.8.4/../../../../arm-none-eabi/lib/armv7-m\libc_s.a(lib_a-stdio.o)
                0x00007708                __sread
 .text.__seofread
                0x0000772a        0x4 c:/program files (x86)/gnu tools arm embedded/4.8 2014q3/bin/../lib/gcc/arm-none-eabi/4.8.4/../../../../arm-none-eabi/lib/armv7-m\libc_s.a(lib_a-stdio.o)
                0x0000772a                __seofread
 .text.__swrite
                0x0000772e       0x38 c:/program files (x86)/gnu tools arm embedded/4.8 2014q3/bin/../lib/gcc/arm-none-eabi/4.8.4/../../../../arm-none-eabi/lib/armv7-m\libc_s.a(lib_a-stdio.o)
                0x0000772e                __swrite
 .text.__sseek  0x00007766       0x24 c:/program files (x86)/gnu tools arm embedded/4.8 2014q3/bin/../lib/gcc/arm-none-eabi/4.8.4/../../../../arm-none-eabi/lib/armv7-m\libc_s.a(lib_a-stdio.o)
                0x00007766                __sseek
 .text.__sclose
                0x0000778a        0x8 c:/program files (x86)/gnu tools arm embedded/4.8 2014q3/bin/../lib/gcc/arm-none-eabi/4.8.4/../../../../arm-none-eabi/lib/armv7-m\libc_s.a(lib_a-stdio.o)
                0x0000778a                __sclose
 .text          0x00007792       0x14 c:/program files (x86)/gnu tools arm embedded/4.8 2014q3/bin/../lib/gcc/arm-none-eabi/4.8.4/../../../../arm-none-eabi/lib/armv7-m\libc_s.a(lib_a-strcmp.o)
                0x00007792                strcmp
 .text.strlen   0x000077a6       0x10 c:/program files (x86)/gnu tools arm embedded/4.8 2014q3/bin/../lib/gcc/arm-none-eabi/4.8.4/../../../../arm-none-eabi/lib/armv7-m\libc_s.a(lib_a-strlen.o)
                0x000077a6                strlen